Archive member included to satisfy reference by file (symbol)

c:/progra~2/gnutoo~1/50a5a~1.420/bin/../lib/gcc/arm-none-eabi/5.4.1/armv7-m\libgcc.a(_arm_addsubsf3.o)
                              CMakeFiles/maze_stm32_cubemx+clion.elf.dir/Src/User/motor.c.obj (__aeabi_fadd)
c:/progra~2/gnutoo~1/50a5a~1.420/bin/../lib/gcc/arm-none-eabi/5.4.1/armv7-m\libgcc.a(_arm_muldivsf3.o)
                              CMakeFiles/maze_stm32_cubemx+clion.elf.dir/Src/User/motor.c.obj (__aeabi_fmul)
c:/progra~2/gnutoo~1/50a5a~1.420/bin/../lib/gcc/arm-none-eabi/5.4.1/armv7-m\libgcc.a(_arm_fixsfsi.o)
                              CMakeFiles/maze_stm32_cubemx+clion.elf.dir/Src/User/motor.c.obj (__aeabi_f2iz)
c:/progra~2/gnutoo~1/50a5a~1.420/bin/../lib/gcc/arm-none-eabi/5.4.1/../../../../arm-none-eabi/lib/armv7-m\libg_nano.a(lib_a-errno.o)
                              CMakeFiles/maze_stm32_cubemx+clion.elf.dir/Src/syscalls.c.obj (__errno)
c:/progra~2/gnutoo~1/50a5a~1.420/bin/../lib/gcc/arm-none-eabi/5.4.1/../../../../arm-none-eabi/lib/armv7-m\libg_nano.a(lib_a-exit.o)
                              c:/progra~2/gnutoo~1/50a5a~1.420/bin/../lib/gcc/arm-none-eabi/5.4.1/../../../../arm-none-eabi/lib/armv7-m/crt0.o (exit)
c:/progra~2/gnutoo~1/50a5a~1.420/bin/../lib/gcc/arm-none-eabi/5.4.1/../../../../arm-none-eabi/lib/armv7-m\libg_nano.a(lib_a-impure.o)
                              c:/progra~2/gnutoo~1/50a5a~1.420/bin/../lib/gcc/arm-none-eabi/5.4.1/../../../../arm-none-eabi/lib/armv7-m\libg_nano.a(lib_a-exit.o) (_global_impure_ptr)
c:/progra~2/gnutoo~1/50a5a~1.420/bin/../lib/gcc/arm-none-eabi/5.4.1/../../../../arm-none-eabi/lib/armv7-m\libg_nano.a(lib_a-init.o)
                              c:/progra~2/gnutoo~1/50a5a~1.420/bin/../lib/gcc/arm-none-eabi/5.4.1/../../../../arm-none-eabi/lib/armv7-m/crt0.o (__libc_init_array)
c:/progra~2/gnutoo~1/50a5a~1.420/bin/../lib/gcc/arm-none-eabi/5.4.1/../../../../arm-none-eabi/lib/armv7-m\libg_nano.a(lib_a-memset.o)
                              c:/progra~2/gnutoo~1/50a5a~1.420/bin/../lib/gcc/arm-none-eabi/5.4.1/../../../../arm-none-eabi/lib/armv7-m/crt0.o (memset)

Discarded input sections

 .text          0x00000000        0x0 c:/progra~2/gnutoo~1/50a5a~1.420/bin/../lib/gcc/arm-none-eabi/5.4.1/armv7-m/crti.o
 .data          0x00000000        0x0 c:/progra~2/gnutoo~1/50a5a~1.420/bin/../lib/gcc/arm-none-eabi/5.4.1/armv7-m/crti.o
 .bss           0x00000000        0x0 c:/progra~2/gnutoo~1/50a5a~1.420/bin/../lib/gcc/arm-none-eabi/5.4.1/armv7-m/crti.o
 .data          0x00000000        0x4 c:/progra~2/gnutoo~1/50a5a~1.420/bin/../lib/gcc/arm-none-eabi/5.4.1/armv7-m/crtbegin.o
 .text          0x00000000       0x74 c:/progra~2/gnutoo~1/50a5a~1.420/bin/../lib/gcc/arm-none-eabi/5.4.1/../../../../arm-none-eabi/lib/armv7-m/crt0.o
 .data          0x00000000        0x0 c:/progra~2/gnutoo~1/50a5a~1.420/bin/../lib/gcc/arm-none-eabi/5.4.1/../../../../arm-none-eabi/lib/armv7-m/crt0.o
 .bss           0x00000000        0x0 c:/progra~2/gnutoo~1/50a5a~1.420/bin/../lib/gcc/arm-none-eabi/5.4.1/../../../../arm-none-eabi/lib/armv7-m/crt0.o
 .ARM.extab     0x00000000        0x0 c:/progra~2/gnutoo~1/50a5a~1.420/bin/../lib/gcc/arm-none-eabi/5.4.1/../../../../arm-none-eabi/lib/armv7-m/crt0.o
 .ARM.exidx     0x00000000        0x8 c:/progra~2/gnutoo~1/50a5a~1.420/bin/../lib/gcc/arm-none-eabi/5.4.1/../../../../arm-none-eabi/lib/armv7-m/crt0.o
 .ARM.attributes
                0x00000000       0x1b c:/progra~2/gnutoo~1/50a5a~1.420/bin/../lib/gcc/arm-none-eabi/5.4.1/../../../../arm-none-eabi/lib/armv7-m/crt0.o
 .text          0x00000000        0x0 CMakeFiles/maze_stm32_cubemx+clion.elf.dir/Drivers/STM32F1xx_HAL_Driver/Src/stm32f1xx_hal.c.obj
 .data          0x00000000        0x0 CMakeFiles/maze_stm32_cubemx+clion.elf.dir/Drivers/STM32F1xx_HAL_Driver/Src/stm32f1xx_hal.c.obj
 .bss           0x00000000        0x0 CMakeFiles/maze_stm32_cubemx+clion.elf.dir/Drivers/STM32F1xx_HAL_Driver/Src/stm32f1xx_hal.c.obj
 .text.HAL_DeInit
                0x00000000       0x30 CMakeFiles/maze_stm32_cubemx+clion.elf.dir/Drivers/STM32F1xx_HAL_Driver/Src/stm32f1xx_hal.c.obj
 .text.HAL_MspInit
                0x00000000        0xc CMakeFiles/maze_stm32_cubemx+clion.elf.dir/Drivers/STM32F1xx_HAL_Driver/Src/stm32f1xx_hal.c.obj
 .text.HAL_MspDeInit
                0x00000000        0xc CMakeFiles/maze_stm32_cubemx+clion.elf.dir/Drivers/STM32F1xx_HAL_Driver/Src/stm32f1xx_hal.c.obj
 .text.HAL_GetTickPrio
                0x00000000       0x14 CMakeFiles/maze_stm32_cubemx+clion.elf.dir/Drivers/STM32F1xx_HAL_Driver/Src/stm32f1xx_hal.c.obj
 .text.HAL_SetTickFreq
                0x00000000       0x44 CMakeFiles/maze_stm32_cubemx+clion.elf.dir/Drivers/STM32F1xx_HAL_Driver/Src/stm32f1xx_hal.c.obj
 .text.HAL_GetTickFreq
                0x00000000       0x14 CMakeFiles/maze_stm32_cubemx+clion.elf.dir/Drivers/STM32F1xx_HAL_Driver/Src/stm32f1xx_hal.c.obj
 .text.HAL_Delay
[...]
Memory Configuration

Name             Origin             Length             Attributes
RAM              0x20000000         0x0000c000         xrw
FLASH            0x08000000         0x00040000         xr
*default*        0x00000000         0xffffffff

Linker script and memory map

LOAD c:/progra~2/gnutoo~1/50a5a~1.420/bin/../lib/gcc/arm-none-eabi/5.4.1/armv7-m/crti.o
LOAD c:/progra~2/gnutoo~1/50a5a~1.420/bin/../lib/gcc/arm-none-eabi/5.4.1/armv7-m/crtbegin.o
LOAD c:/progra~2/gnutoo~1/50a5a~1.420/bin/../lib/gcc/arm-none-eabi/5.4.1/../../../../arm-none-eabi/lib/armv7-m/crt0.o
LOAD CMakeFiles/maze_stm32_cubemx+clion.elf.dir/Drivers/STM32F1xx_HAL_Driver/Src/stm32f1xx_hal.c.obj
LOAD CMakeFiles/maze_stm32_cubemx+clion.elf.dir/Drivers/STM32F1xx_HAL_Driver/Src/stm32f1xx_hal_cortex.c.obj
LOAD CMakeFiles/maze_stm32_cubemx+clion.elf.dir/Drivers/STM32F1xx_HAL_Driver/Src/stm32f1xx_hal_dma.c.obj
LOAD CMakeFiles/maze_stm32_cubemx+clion.elf.dir/Drivers/STM32F1xx_HAL_Driver/Src/stm32f1xx_hal_exti.c.obj
LOAD CMakeFiles/maze_stm32_cubemx+clion.elf.dir/Drivers/STM32F1xx_HAL_Driver/Src/stm32f1xx_hal_flash.c.obj
LOAD CMakeFiles/maze_stm32_cubemx+clion.elf.dir/Drivers/STM32F1xx_HAL_Driver/Src/stm32f1xx_hal_flash_ex.c.obj
LOAD CMakeFiles/maze_stm32_cubemx+clion.elf.dir/Drivers/STM32F1xx_HAL_Driver/Src/stm32f1xx_hal_gpio.c.obj
LOAD CMakeFiles/maze_stm32_cubemx+clion.elf.dir/Drivers/STM32F1xx_HAL_Driver/Src/stm32f1xx_hal_gpio_ex.c.obj
LOAD CMakeFiles/maze_stm32_cubemx+clion.elf.dir/Drivers/STM32F1xx_HAL_Driver/Src/stm32f1xx_hal_pwr.c.obj
LOAD CMakeFiles/maze_stm32_cubemx+clion.elf.dir/Drivers/STM32F1xx_HAL_Driver/Src/stm32f1xx_hal_rcc.c.obj
LOAD CMakeFiles/maze_stm32_cubemx+clion.elf.dir/Drivers/STM32F1xx_HAL_Driver/Src/stm32f1xx_hal_rcc_ex.c.obj
LOAD CMakeFiles/maze_stm32_cubemx+clion.elf.dir/Drivers/STM32F1xx_HAL_Driver/Src/stm32f1xx_hal_tim.c.obj
LOAD CMakeFiles/maze_stm32_cubemx+clion.elf.dir/Drivers/STM32F1xx_HAL_Driver/Src/stm32f1xx_hal_tim_ex.c.obj
LOAD CMakeFiles/maze_stm32_cubemx+clion.elf.dir/Src/User/infrared.c.obj
LOAD CMakeFiles/maze_stm32_cubemx+clion.elf.dir/Src/User/maze.c.obj
LOAD CMakeFiles/maze_stm32_cubemx+clion.elf.dir/Src/User/motor.c.obj
LOAD CMakeFiles/maze_stm32_cubemx+clion.elf.dir/Src/gpio.c.obj
LOAD CMakeFiles/maze_stm32_cubemx+clion.elf.dir/Src/main.c.obj
LOAD CMakeFiles/maze_stm32_cubemx+clion.elf.dir/Src/stm32f1xx_hal_msp.c.obj
LOAD CMakeFiles/maze_stm32_cubemx+clion.elf.dir/Src/stm32f1xx_it.c.obj
LOAD CMakeFiles/maze_stm32_cubemx+clion.elf.dir/Src/syscalls.c.obj
LOAD CMakeFiles/maze_stm32_cubemx+clion.elf.dir/Src/system_stm32f1xx.c.obj
LOAD CMakeFiles/maze_stm32_cubemx+clion.elf.dir/Src/tim.c.obj
LOAD CMakeFiles/maze_stm32_cubemx+clion.elf.dir/startup/startup_stm32f103xe.s.obj
START GROUP
LOAD c:/progra~2/gnutoo~1/50a5a~1.420/bin/../lib/gcc/arm-none-eabi/5.4.1/armv7-m\libgcc.a
LOAD c:/progra~2/gnutoo~1/50a5a~1.420/bin/../lib/gcc/arm-none-eabi/5.4.1/../../../../arm-none-eabi/lib/armv7-m\libg_nano.a
LOAD c:/progra~2/gnutoo~1/50a5a~1.420/bin/../lib/gcc/arm-none-eabi/5.4.1/../../../../arm-none-eabi/lib/armv7-m\libc_nano.a
END GROUP
START GROUP
LOAD c:/progra~2/gnutoo~1/50a5a~1.420/bin/../lib/gcc/arm-none-eabi/5.4.1/armv7-m\libgcc.a
LOAD c:/progra~2/gnutoo~1/50a5a~1.420/bin/../lib/gcc/arm-none-eabi/5.4.1/../../../../arm-none-eabi/lib/armv7-m\libc_nano.a
LOAD c:/progra~2/gnutoo~1/50a5a~1.420/bin/../lib/gcc/arm-none-eabi/5.4.1/../../../../arm-none-eabi/lib/armv7-m\libnosys.a
END GROUP
START GROUP
LOAD c:/progra~2/gnutoo~1/50a5a~1.420/bin/../lib/gcc/arm-none-eabi/5.4.1/armv7-m\libgcc.a
LOAD c:/progra~2/gnutoo~1/50a5a~1.420/bin/../lib/gcc/arm-none-eabi/5.4.1/../../../../arm-none-eabi/lib/armv7-m\libc_nano.a
LOAD c:/progra~2/gnutoo~1/50a5a~1.420/bin/../lib/gcc/arm-none-eabi/5.4.1/../../../../arm-none-eabi/lib/armv7-m\libnosys.a
END GROUP
LOAD c:/progra~2/gnutoo~1/50a5a~1.420/bin/../lib/gcc/arm-none-eabi/5.4.1/armv7-m/crtend.o
LOAD c:/progra~2/gnutoo~1/50a5a~1.420/bin/../lib/gcc/arm-none-eabi/5.4.1/armv7-m/crtn.o
                0x2000c000                _estack = 0x2000c000
                0x00000200                _Min_Heap_Size = 0x200
                0x00000400                _Min_Stack_Size = 0x400

.isr_vector     0x08000000      0x1e4
                0x08000000                . = ALIGN (0x4)
 *(.isr_vector)
 .isr_vector    0x08000000      0x1e4 CMakeFiles/maze_stm32_cubemx+clion.elf.dir/startup/startup_stm32f103xe.s.obj
                0x08000000                g_pfnVectors
                0x080001e4                . = ALIGN (0x4)

.text           0x080001e4     0x33c0
                0x080001e4                . = ALIGN (0x4)
 *(.text)
 .text          0x080001e4       0x5c c:/progra~2/gnutoo~1/50a5a~1.420/bin/../lib/gcc/arm-none-eabi/5.4.1/armv7-m/crtbegin.o
 .text          0x08000240      0x21c c:/progra~2/gnutoo~1/50a5a~1.420/bin/../lib/gcc/arm-none-eabi/5.4.1/armv7-m\libgcc.a(_arm_addsubsf3.o)
                0x08000240                __aeabi_frsub
                0x08000248                __subsf3
                0x08000248                __aeabi_fsub
                0x0800024c                __aeabi_fadd
                0x0800024c                __addsf3
                0x080003ac                __aeabi_ui2f
                0x080003ac                __floatunsisf
                0x080003b4                __aeabi_i2f
                0x080003b4                __floatsisf
                0x080003d0                __aeabi_ul2f
                0x080003d0                __floatundisf
                0x080003e0                __aeabi_l2f
                0x080003e0                __floatdisf
 .text          0x0800045c      0x2a0 c:/progra~2/gnutoo~1/50a5a~1.420/bin/../lib/gcc/arm-none-eabi/5.4.1/armv7-m\libgcc.a(_arm_muldivsf3.o)
                0x0800045c                __mulsf3
                0x0800045c                __aeabi_fmul
                0x080005c4                __aeabi_fdiv
                0x080005c4                __divsf3
 .text          0x080006fc       0x4c c:/progra~2/gnutoo~1/50a5a~1.420/bin/../lib/gcc/arm-none-eabi/5.4.1/armv7-m\libgcc.a(_arm_fixsfsi.o)
                0x080006fc                __aeabi_f2iz
                0x080006fc                __fixsfsi
 *(.text*)
 .text.HAL_Init
                0x08000748       0x2c CMakeFiles/maze_stm32_cubemx+clion.elf.dir/Drivers/STM32F1xx_HAL_Driver/Src/stm32f1xx_hal.c.obj
                0x08000748                HAL_Init
 .text.HAL_InitTick
                0x08000774       0x60 CMakeFiles/maze_stm32_cubemx+clion.elf.dir/Drivers/STM32F1xx_HAL_Driver/Src/stm32f1xx_hal.c.obj
                0x08000774                HAL_InitTick
 .text.HAL_IncTick
                0x080007d4       0x24 CMakeFiles/maze_stm32_cubemx+clion.elf.dir/Drivers/STM32F1xx_HAL_Driver/Src/stm32f1xx_hal.c.obj
                0x080007d4                HAL_IncTick
 .text.HAL_GetTick
                0x080007f8       0x14 CMakeFiles/maze_stm32_cubemx+clion.elf.dir/Drivers/STM32F1xx_HAL_Driver/Src/stm32f1xx_hal.c.obj
                0x080007f8                HAL_GetTick
 .text.__NVIC_SetPriorityGrouping
                0x0800080c       0x48 CMakeFiles/maze_stm32_cubemx+clion.elf.dir/Drivers/STM32F1xx_HAL_Driver/Src/stm32f1xx_hal_cortex.c.obj
 .text.__NVIC_GetPriorityGrouping
                0x08000854       0x1c CMakeFiles/maze_stm32_cubemx+clion.elf.dir/Drivers/STM32F1xx_HAL_Driver/Src/stm32f1xx_hal_cortex.c.obj
 .text.__NVIC_EnableIRQ
                0x08000870       0x38 CMakeFiles/maze_stm32_cubemx+clion.elf.dir/Drivers/STM32F1xx_HAL_Driver/Src/stm32f1xx_hal_cortex.c.obj
 .text.__NVIC_SetPriority
                0x080008a8       0x54 CMakeFiles/maze_stm32_cubemx+clion.elf.dir/Drivers/STM32F1xx_HAL_Driver/Src/stm32f1xx_hal_cortex.c.obj
 .text.NVIC_EncodePriority
                0x080008fc       0x60 CMakeFiles/maze_stm32_cubemx+clion.elf.dir/Drivers/STM32F1xx_HAL_Driver/Src/stm32f1xx_hal_cortex.c.obj
 .text.SysTick_Config
                0x0800095c       0x44 CMakeFiles/maze_stm32_cubemx+clion.elf.dir/Drivers/STM32F1xx_HAL_Driver/Src/stm32f1xx_hal_cortex.c.obj
 .text.HAL_NVIC_SetPriorityGrouping
                0x080009a0       0x18 CMakeFiles/maze_stm32_cubemx+clion.elf.dir/Drivers/STM32F1xx_HAL_Driver/Src/stm32f1xx_hal_cortex.c.obj
                0x080009a0                HAL_NVIC_SetPriorityGrouping
 .text.HAL_NVIC_SetPriority
                0x080009b8       0x38 CMakeFiles/maze_stm32_cubemx+clion.elf.dir/Drivers/STM32F1xx_HAL_Driver/Src/stm32f1xx_hal_cortex.c.obj
                0x080009b8                HAL_NVIC_SetPriority
 .text.HAL_NVIC_EnableIRQ
                0x080009f0       0x1c CMakeFiles/maze_stm32_cubemx+clion.elf.dir/Drivers/STM32F1xx_HAL_Driver/Src/stm32f1xx_hal_cortex.c.obj
                0x080009f0                HAL_NVIC_EnableIRQ
 .text.HAL_SYSTICK_Config
                0x08000a0c       0x18 CMakeFiles/maze_stm32_cubemx+clion.elf.dir/Drivers/STM32F1xx_HAL_Driver/Src/stm32f1xx_hal_cortex.c.obj
                0x08000a0c                HAL_SYSTICK_Config
 .text.HAL_GPIO_Init
                0x08000a24      0x2d4 CMakeFiles/maze_stm32_cubemx+clion.elf.dir/Drivers/STM32F1xx_HAL_Driver/Src/stm32f1xx_hal_gpio.c.obj
                0x08000a24                HAL_GPIO_Init
 .text.HAL_GPIO_ReadPin
                0x08000cf8       0x30 CMakeFiles/maze_stm32_cubemx+clion.elf.dir/Drivers/STM32F1xx_HAL_Driver/Src/stm32f1xx_hal_gpio.c.obj
                0x08000cf8                HAL_GPIO_ReadPin
 .text.HAL_GPIO_WritePin
                0x08000d28       0x30 CMakeFiles/maze_stm32_cubemx+clion.elf.dir/Drivers/STM32F1xx_HAL_Driver/Src/stm32f1xx_hal_gpio.c.obj
                0x08000d28                HAL_GPIO_WritePin
 .text.HAL_RCC_OscConfig
                0x08000d58      0x4fc CMakeFiles/maze_stm32_cubemx+clion.elf.dir/Drivers/STM32F1xx_HAL_Driver/Src/stm32f1xx_hal_rcc.c.obj
                0x08000d58                HAL_RCC_OscConfig
 .text.HAL_RCC_ClockConfig
                0x08001254      0x1d4 CMakeFiles/maze_stm32_cubemx+clion.elf.dir/Drivers/STM32F1xx_HAL_Driver/Src/stm32f1xx_hal_rcc.c.obj
                0x08001254                HAL_RCC_ClockConfig
 .text.HAL_RCC_GetSysClockFreq
                0x08001428       0xc8 CMakeFiles/maze_stm32_cubemx+clion.elf.dir/Drivers/STM32F1xx_HAL_Driver/Src/stm32f1xx_hal_rcc.c.obj
                0x08001428                HAL_RCC_GetSysClockFreq
 .text.RCC_Delay
                0x080014f0       0x3c CMakeFiles/maze_stm32_cubemx+clion.elf.dir/Drivers/STM32F1xx_HAL_Driver/Src/stm32f1xx_hal_rcc.c.obj
 .text.HAL_TIM_Base_Init
                0x0800152c       0x58 CMakeFiles/maze_stm32_cubemx+clion.elf.dir/Drivers/STM32F1xx_HAL_Driver/Src/stm32f1xx_hal_tim.c.obj
                0x0800152c                HAL_TIM_Base_Init
 .text.HAL_TIM_Base_Start_IT
                0x08001584       0x48 CMakeFiles/maze_stm32_cubemx+clion.elf.dir/Drivers/STM32F1xx_HAL_Driver/Src/stm32f1xx_hal_tim.c.obj
                0x08001584                HAL_TIM_Base_Start_IT
 .text.HAL_TIM_PWM_Init
                0x080015cc       0x58 CMakeFiles/maze_stm32_cubemx+clion.elf.dir/Drivers/STM32F1xx_HAL_Driver/Src/stm32f1xx_hal_tim.c.obj
                0x080015cc                HAL_TIM_PWM_Init
 .text.HAL_TIM_PWM_Start
                0x08001624       0x7c CMakeFiles/maze_stm32_cubemx+clion.elf.dir/Drivers/STM32F1xx_HAL_Driver/Src/stm32f1xx_hal_tim.c.obj
                0x08001624                HAL_TIM_PWM_Start
 .text.HAL_TIM_Encoder_Init
                0x080016a0      0x11c CMakeFiles/maze_stm32_cubemx+clion.elf.dir/Drivers/STM32F1xx_HAL_Driver/Src/stm32f1xx_hal_tim.c.obj
                0x080016a0                HAL_TIM_Encoder_Init
 .text.HAL_TIM_Encoder_Start
                0x080017bc       0x70 CMakeFiles/maze_stm32_cubemx+clion.elf.dir/Drivers/STM32F1xx_HAL_Driver/Src/stm32f1xx_hal_tim.c.obj
                0x080017bc                HAL_TIM_Encoder_Start
 .text.HAL_TIM_IRQHandler
                0x0800182c      0x210 CMakeFiles/maze_stm32_cubemx+clion.elf.dir/Drivers/STM32F1xx_HAL_Driver/Src/stm32f1xx_hal_tim.c.obj
                0x0800182c                HAL_TIM_IRQHandler
 .text.HAL_TIM_PWM_ConfigChannel
                0x08001a3c      0x18c CMakeFiles/maze_stm32_cubemx+clion.elf.dir/Drivers/STM32F1xx_HAL_Driver/Src/stm32f1xx_hal_tim.c.obj
                0x08001a3c                HAL_TIM_PWM_ConfigChannel
 .text.HAL_TIM_OC_DelayElapsedCallback
                0x08001bc8       0x14 CMakeFiles/maze_stm32_cubemx+clion.elf.dir/Drivers/STM32F1xx_HAL_Driver/Src/stm32f1xx_hal_tim.c.obj
                0x08001bc8                HAL_TIM_OC_DelayElapsedCallback
 .text.HAL_TIM_IC_CaptureCallback
                0x08001bdc       0x14 CMakeFiles/maze_stm32_cubemx+clion.elf.dir/Drivers/STM32F1xx_HAL_Driver/Src/stm32f1xx_hal_tim.c.obj
                0x08001bdc                HAL_TIM_IC_CaptureCallback
 .text.HAL_TIM_PWM_PulseFinishedCallback
                0x08001bf0       0x14 CMakeFiles/maze_stm32_cubemx+clion.elf.dir/Drivers/STM32F1xx_HAL_Driver/Src/stm32f1xx_hal_tim.c.obj
                0x08001bf0                HAL_TIM_PWM_PulseFinishedCallback
 .text.HAL_TIM_TriggerCallback
                0x08001c04       0x14 CMakeFiles/maze_stm32_cubemx+clion.elf.dir/Drivers/STM32F1xx_HAL_Driver/Src/stm32f1xx_hal_tim.c.obj
                0x08001c04                HAL_TIM_TriggerCallback
 .text.TIM_Base_SetConfig
                0x08001c18       0xf4 CMakeFiles/maze_stm32_cubemx+clion.elf.dir/Drivers/STM32F1xx_HAL_Driver/Src/stm32f1xx_hal_tim.c.obj
                0x08001c18                TIM_Base_SetConfig
 .text.TIM_OC1_SetConfig
                0x08001d0c       0xe0 CMakeFiles/maze_stm32_cubemx+clion.elf.dir/Drivers/STM32F1xx_HAL_Driver/Src/stm32f1xx_hal_tim.c.obj
 .text.TIM_OC2_SetConfig
                0x08001dec       0xe8 CMakeFiles/maze_stm32_cubemx+clion.elf.dir/Drivers/STM32F1xx_HAL_Driver/Src/stm32f1xx_hal_tim.c.obj
                0x08001dec                TIM_OC2_SetConfig
 .text.TIM_OC3_SetConfig
                0x08001ed4       0xe8 CMakeFiles/maze_stm32_cubemx+clion.elf.dir/Drivers/STM32F1xx_HAL_Driver/Src/stm32f1xx_hal_tim.c.obj
 .text.TIM_OC4_SetConfig
                0x08001fbc       0xa8 CMakeFiles/maze_stm32_cubemx+clion.elf.dir/Drivers/STM32F1xx_HAL_Driver/Src/stm32f1xx_hal_tim.c.obj
 .text.TIM_CCxChannelCmd
                0x08002064       0x48 CMakeFiles/maze_stm32_cubemx+clion.elf.dir/Drivers/STM32F1xx_HAL_Driver/Src/stm32f1xx_hal_tim.c.obj
                0x08002064                TIM_CCxChannelCmd
 .text.HAL_TIMEx_MasterConfigSynchronization
                0x080020ac       0x88 CMakeFiles/maze_stm32_cubemx+clion.elf.dir/Drivers/STM32F1xx_HAL_Driver/Src/stm32f1xx_hal_tim_ex.c.obj
                0x080020ac                HAL_TIMEx_MasterConfigSynchronization
 .text.HAL_TIMEx_ConfigBreakDeadTime
                0x08002134       0xa4 CMakeFiles/maze_stm32_cubemx+clion.elf.dir/Drivers/STM32F1xx_HAL_Driver/Src/stm32f1xx_hal_tim_ex.c.obj
                0x08002134                HAL_TIMEx_ConfigBreakDeadTime
 .text.HAL_TIMEx_CommutCallback
                0x080021d8       0x14 CMakeFiles/maze_stm32_cubemx+clion.elf.dir/Drivers/STM32F1xx_HAL_Driver/Src/stm32f1xx_hal_tim_ex.c.obj
                0x080021d8                HAL_TIMEx_CommutCallback
 .text.HAL_TIMEx_BreakCallback
                0x080021ec       0x14 CMakeFiles/maze_stm32_cubemx+clion.elf.dir/Drivers/STM32F1xx_HAL_Driver/Src/stm32f1xx_hal_tim_ex.c.obj
                0x080021ec                HAL_TIMEx_BreakCallback
 .text.check_IR
                0x08002200       0x78 CMakeFiles/maze_stm32_cubemx+clion.elf.dir/Src/User/infrared.c.obj
                0x08002200                check_IR
 .text.read_DirIr
                0x08002278       0x44 CMakeFiles/maze_stm32_cubemx+clion.elf.dir/Src/User/infrared.c.obj
                0x08002278                read_DirIr
 .text.abs_to_rel
                0x080022bc       0x38 CMakeFiles/maze_stm32_cubemx+clion.elf.dir/Src/User/maze.c.obj
                0x080022bc                abs_to_rel
 .text.read_map_path
                0x080022f4       0xa0 CMakeFiles/maze_stm32_cubemx+clion.elf.dir/Src/User/maze.c.obj
                0x080022f4                read_map_path
 .text.write_map_wall
                0x08002394       0xe8 CMakeFiles/maze_stm32_cubemx+clion.elf.dir/Src/User/maze.c.obj
                0x08002394                write_map_wall
 .text.write_map_path
                0x0800247c      0x108 CMakeFiles/maze_stm32_cubemx+clion.elf.dir/Src/User/maze.c.obj
                0x0800247c                write_map_path
 .text.bestPath
                0x08002584       0x28 CMakeFiles/maze_stm32_cubemx+clion.elf.dir/Src/User/maze.c.obj
                0x08002584                bestPath
 .text.check_ENC
                0x080025ac       0x48 CMakeFiles/maze_stm32_cubemx+clion.elf.dir/Src/User/motor.c.obj
                0x080025ac                check_ENC
 .text.plus_ADD
                0x080025f4       0x30 CMakeFiles/maze_stm32_cubemx+clion.elf.dir/Src/User/motor.c.obj
                0x080025f4                plus_ADD
 .text.incremental_PI_A
                0x08002624       0xd0 CMakeFiles/maze_stm32_cubemx+clion.elf.dir/Src/User/motor.c.obj
                0x08002624                incremental_PI_A
 .text.incremental_PI_B
                0x080026f4       0xd0 CMakeFiles/maze_stm32_cubemx+clion.elf.dir/Src/User/motor.c.obj
                0x080026f4                incremental_PI_B
 .text.range_PWM
                0x080027c4       0x60 CMakeFiles/maze_stm32_cubemx+clion.elf.dir/Src/User/motor.c.obj
                0x080027c4                range_PWM
 .text.set_PWM  0x08002824       0x80 CMakeFiles/maze_stm32_cubemx+clion.elf.dir/Src/User/motor.c.obj
                0x08002824                set_PWM
 .text.go_straight
                0x080028a4       0x38 CMakeFiles/maze_stm32_cubemx+clion.elf.dir/Src/User/motor.c.obj
                0x080028a4                go_straight
 .text.go_left  0x080028dc       0x3c CMakeFiles/maze_stm32_cubemx+clion.elf.dir/Src/User/motor.c.obj
                0x080028dc                go_left
 .text.go_right
                0x08002918       0x3c CMakeFiles/maze_stm32_cubemx+clion.elf.dir/Src/User/motor.c.obj
                0x08002918                go_right
 .text.go_turn  0x08002954       0x3c CMakeFiles/maze_stm32_cubemx+clion.elf.dir/Src/User/motor.c.obj
                0x08002954                go_turn
 .text.MX_GPIO_Init
                0x08002990       0xe4 CMakeFiles/maze_stm32_cubemx+clion.elf.dir/Src/gpio.c.obj
                0x08002990                MX_GPIO_Init
 .text.para_init
                0x08002a74       0x84 CMakeFiles/maze_stm32_cubemx+clion.elf.dir/Src/main.c.obj
                0x08002a74                para_init
 .text.isWall   0x08002af8       0x44 CMakeFiles/maze_stm32_cubemx+clion.elf.dir/Src/main.c.obj
                0x08002af8                isWall
 .text.isNew    0x08002b3c       0x28 CMakeFiles/maze_stm32_cubemx+clion.elf.dir/Src/main.c.obj
                0x08002b3c                isNew
 .text.search_dir
                0x08002b64       0x54 CMakeFiles/maze_stm32_cubemx+clion.elf.dir/Src/main.c.obj
                0x08002b64                search_dir
 .text.go_to_next
                0x08002bb8       0x74 CMakeFiles/maze_stm32_cubemx+clion.elf.dir/Src/main.c.obj
                0x08002bb8                go_to_next
 .text.flash_mapPathInfo
                0x08002c2c       0x24 CMakeFiles/maze_stm32_cubemx+clion.elf.dir/Src/main.c.obj
                0x08002c2c                flash_mapPathInfo
 .text.flash_pathStack
                0x08002c50       0x2c CMakeFiles/maze_stm32_cubemx+clion.elf.dir/Src/main.c.obj
                0x08002c50                flash_pathStack
 .text.flash_carInfo
                0x08002c7c       0x64 CMakeFiles/maze_stm32_cubemx+clion.elf.dir/Src/main.c.obj
                0x08002c7c                flash_carInfo
 .text.main     0x08002ce0       0xd8 CMakeFiles/maze_stm32_cubemx+clion.elf.dir/Src/main.c.obj
                0x08002ce0                main
 .text.SystemClock_Config
                0x08002db8       0x8c CMakeFiles/maze_stm32_cubemx+clion.elf.dir/Src/main.c.obj
                0x08002db8                SystemClock_Config
 .text.HAL_TIM_PeriodElapsedCallback
                0x08002e44       0x84 CMakeFiles/maze_stm32_cubemx+clion.elf.dir/Src/main.c.obj
                0x08002e44                HAL_TIM_PeriodElapsedCallback
 .text.Error_Handler
                0x08002ec8        0xc CMakeFiles/maze_stm32_cubemx+clion.elf.dir/Src/main.c.obj
                0x08002ec8                Error_Handler
 .text.HAL_MspInit
                0x08002ed4       0x64 CMakeFiles/maze_stm32_cubemx+clion.elf.dir/Src/stm32f1xx_hal_msp.c.obj
                0x08002ed4                HAL_MspInit
 .text.NMI_Handler
                0x08002f38        0xc CMakeFiles/maze_stm32_cubemx+clion.elf.dir/Src/stm32f1xx_it.c.obj
                0x08002f38                NMI_Handler
 .text.HardFault_Handler
                0x08002f44        0x8 CMakeFiles/maze_stm32_cubemx+clion.elf.dir/Src/stm32f1xx_it.c.obj
                0x08002f44                HardFault_Handler
 .text.MemManage_Handler
                0x08002f4c        0x8 CMakeFiles/maze_stm32_cubemx+clion.elf.dir/Src/stm32f1xx_it.c.obj
                0x08002f4c                MemManage_Handler
 .text.BusFault_Handler
                0x08002f54        0x8 CMakeFiles/maze_stm32_cubemx+clion.elf.dir/Src/stm32f1xx_it.c.obj
                0x08002f54                BusFault_Handler
 .text.UsageFault_Handler
                0x08002f5c        0x8 CMakeFiles/maze_stm32_cubemx+clion.elf.dir/Src/stm32f1xx_it.c.obj
                0x08002f5c                UsageFault_Handler
 .text.SVC_Handler
                0x08002f64        0xc CMakeFiles/maze_stm32_cubemx+clion.elf.dir/Src/stm32f1xx_it.c.obj
                0x08002f64                SVC_Handler
 .text.DebugMon_Handler
                0x08002f70        0xc CMakeFiles/maze_stm32_cubemx+clion.elf.dir/Src/stm32f1xx_it.c.obj
                0x08002f70                DebugMon_Handler
 .text.PendSV_Handler
                0x08002f7c        0xc CMakeFiles/maze_stm32_cubemx+clion.elf.dir/Src/stm32f1xx_it.c.obj
                0x08002f7c                PendSV_Handler
 .text.SysTick_Handler
                0x08002f88        0xc CMakeFiles/maze_stm32_cubemx+clion.elf.dir/Src/stm32f1xx_it.c.obj
                0x08002f88                SysTick_Handler
 .text.TIM6_IRQHandler
                0x08002f94       0x14 CMakeFiles/maze_stm32_cubemx+clion.elf.dir/Src/stm32f1xx_it.c.obj
                0x08002f94                TIM6_IRQHandler
 .text.SystemInit
                0x08002fa8       0x68 CMakeFiles/maze_stm32_cubemx+clion.elf.dir/Src/system_stm32f1xx.c.obj
                0x08002fa8                SystemInit
 .text.MX_TIM3_Init
                0x08003010       0xa8 CMakeFiles/maze_stm32_cubemx+clion.elf.dir/Src/tim.c.obj
                0x08003010                MX_TIM3_Init
 .text.MX_TIM4_Init
                0x080030b8       0xa8 CMakeFiles/maze_stm32_cubemx+clion.elf.dir/Src/tim.c.obj
                0x080030b8                MX_TIM4_Init
 .text.MX_TIM6_Init
                0x08003160       0x6c CMakeFiles/maze_stm32_cubemx+clion.elf.dir/Src/tim.c.obj
                0x08003160                MX_TIM6_Init
 .text.MX_TIM8_Init
                0x080031cc      0x150 CMakeFiles/maze_stm32_cubemx+clion.elf.dir/Src/tim.c.obj
                0x080031cc                MX_TIM8_Init
 .text.HAL_TIM_Encoder_MspInit
                0x0800331c       0xd8 CMakeFiles/maze_stm32_cubemx+clion.elf.dir/Src/tim.c.obj
                0x0800331c                HAL_TIM_Encoder_MspInit
 .text.HAL_TIM_Base_MspInit
                0x080033f4       0x4c CMakeFiles/maze_stm32_cubemx+clion.elf.dir/Src/tim.c.obj
                0x080033f4                HAL_TIM_Base_MspInit
 .text.HAL_TIM_PWM_MspInit
                0x08003440       0x3c CMakeFiles/maze_stm32_cubemx+clion.elf.dir/Src/tim.c.obj
                0x08003440                HAL_TIM_PWM_MspInit
 .text.HAL_TIM_MspPostInit
                0x0800347c       0x68 CMakeFiles/maze_stm32_cubemx+clion.elf.dir/Src/tim.c.obj
                0x0800347c                HAL_TIM_MspPostInit
 .text.Reset_Handler
                0x080034e4       0x48 CMakeFiles/maze_stm32_cubemx+clion.elf.dir/startup/startup_stm32f103xe.s.obj
                0x080034e4                Reset_Handler
 .text.Default_Handler
                0x0800352c        0x2 CMakeFiles/maze_stm32_cubemx+clion.elf.dir/startup/startup_stm32f103xe.s.obj
                0x0800352c                RTC_Alarm_IRQHandler
                0x0800352c                EXTI2_IRQHandler
                0x0800352c                TIM8_TRG_COM_IRQHandler
                0x0800352c                TIM8_CC_IRQHandler
                0x0800352c                TIM1_CC_IRQHandler
                0x0800352c                PVD_IRQHandler
                0x0800352c                SDIO_IRQHandler
                0x0800352c                EXTI3_IRQHandler
                0x0800352c                EXTI0_IRQHandler
                0x0800352c                I2C2_EV_IRQHandler
                0x0800352c                ADC1_2_IRQHandler
                0x0800352c                SPI1_IRQHandler
                0x0800352c                TAMPER_IRQHandler
                0x0800352c                TIM8_UP_IRQHandler
                0x0800352c                DMA2_Channel2_IRQHandler
                0x0800352c                DMA1_Channel4_IRQHandler
                0x0800352c                USART3_IRQHandler
                0x0800352c                RTC_IRQHandler
                0x0800352c                DMA1_Channel7_IRQHandler
                0x0800352c                CAN1_RX1_IRQHandler
                0x0800352c                UART5_IRQHandler
                0x0800352c                ADC3_IRQHandler
                0x0800352c                TIM4_IRQHandler
                0x0800352c                DMA2_Channel1_IRQHandler
                0x0800352c                I2C1_EV_IRQHandler
                0x0800352c                DMA1_Channel6_IRQHandler
                0x0800352c                UART4_IRQHandler
                0x0800352c                TIM3_IRQHandler
                0x0800352c                RCC_IRQHandler
                0x0800352c                TIM1_TRG_COM_IRQHandler
                0x0800352c                DMA1_Channel1_IRQHandler
                0x0800352c                Default_Handler
                0x0800352c                EXTI15_10_IRQHandler
                0x0800352c                TIM7_IRQHandler
                0x0800352c                TIM5_IRQHandler
                0x0800352c                EXTI9_5_IRQHandler
                0x0800352c                SPI2_IRQHandler
                0x0800352c                DMA1_Channel5_IRQHandler
                0x0800352c                EXTI4_IRQHandler
                0x0800352c                USB_LP_CAN1_RX0_IRQHandler
                0x0800352c                USB_HP_CAN1_TX_IRQHandler
                0x0800352c                DMA1_Channel3_IRQHandler
                0x0800352c                FSMC_IRQHandler
                0x0800352c                TIM1_UP_IRQHandler
                0x0800352c                WWDG_IRQHandler
                0x0800352c                TIM2_IRQHandler
                0x0800352c                TIM1_BRK_IRQHandler
                0x0800352c                EXTI1_IRQHandler
                0x0800352c                DMA2_Channel4_5_IRQHandler
                0x0800352c                USART2_IRQHandler
                0x0800352c                I2C2_ER_IRQHandler
                0x0800352c                DMA1_Channel2_IRQHandler
                0x0800352c                TIM8_BRK_IRQHandler
                0x0800352c                CAN1_SCE_IRQHandler
                0x0800352c                FLASH_IRQHandler
                0x0800352c                USART1_IRQHandler
                0x0800352c                SPI3_IRQHandler
                0x0800352c                I2C1_ER_IRQHandler
                0x0800352c                USBWakeUp_IRQHandler
                0x0800352c                DMA2_Channel3_IRQHandler
 *fill*         0x0800352e        0x2 
 .text.__libc_init_array
                0x08003530       0x4c c:/progra~2/gnutoo~1/50a5a~1.420/bin/../lib/gcc/arm-none-eabi/5.4.1/../../../../arm-none-eabi/lib/armv7-m\libg_nano.a(lib_a-init.o)
                0x08003530                __libc_init_array
 .text.memset   0x0800357c       0x10 c:/progra~2/gnutoo~1/50a5a~1.420/bin/../lib/gcc/arm-none-eabi/5.4.1/../../../../arm-none-eabi/lib/armv7-m\libg_nano.a(lib_a-memset.o)
                0x0800357c                memset
 *(.glue_7)
 .glue_7        0x0800358c        0x0 linker stubs
 *(.glue_7t)
 .glue_7t       0x0800358c        0x0 linker stubs
 *(.eh_frame)
 .eh_frame      0x0800358c        0x0 c:/progra~2/gnutoo~1/50a5a~1.420/bin/../lib/gcc/arm-none-eabi/5.4.1/armv7-m/crtbegin.o
 *(.init)
 .init          0x0800358c        0x4 c:/progra~2/gnutoo~1/50a5a~1.420/bin/../lib/gcc/arm-none-eabi/5.4.1/armv7-m/crti.o
                0x0800358c                _init
 .init          0x08003590        0x8 c:/progra~2/gnutoo~1/50a5a~1.420/bin/../lib/gcc/arm-none-eabi/5.4.1/armv7-m/crtn.o
 *(.fini)
 .fini          0x08003598        0x4 c:/progra~2/gnutoo~1/50a5a~1.420/bin/../lib/gcc/arm-none-eabi/5.4.1/armv7-m/crti.o
                0x08003598                _fini
 .fini          0x0800359c        0x8 c:/progra~2/gnutoo~1/50a5a~1.420/bin/../lib/gcc/arm-none-eabi/5.4.1/armv7-m/crtn.o
                0x080035a4                . = ALIGN (0x4)
                0x080035a4                _etext = .

.vfp11_veneer   0x080035a4        0x0
 .vfp11_veneer  0x080035a4        0x0 linker stubs

.v4_bx          0x080035a4        0x0
 .v4_bx         0x080035a4        0x0 linker stubs

.iplt           0x080035a4        0x0
 .iplt          0x080035a4        0x0 c:/progra~2/gnutoo~1/50a5a~1.420/bin/../lib/gcc/arm-none-eabi/5.4.1/armv7-m/crtbegin.o

.rodata         0x080035a4       0x24
                0x080035a4                . = ALIGN (0x4)
 *(.rodata)
 .rodata        0x080035a4       0x12 CMakeFiles/maze_stm32_cubemx+clion.elf.dir/Drivers/STM32F1xx_HAL_Driver/Src/stm32f1xx_hal_rcc.c.obj
 *(.rodata*)
 *fill*         0x080035b6        0x2 
 .rodata.AHBPrescTable
                0x080035b8       0x10 CMakeFiles/maze_stm32_cubemx+clion.elf.dir/Src/system_stm32f1xx.c.obj
                0x080035b8                AHBPrescTable
                0x080035c8                . = ALIGN (0x4)

.rel.dyn        0x080035c8        0x0
 .rel.iplt      0x080035c8        0x0 c:/progra~2/gnutoo~1/50a5a~1.420/bin/../lib/gcc/arm-none-eabi/5.4.1/armv7-m/crtbegin.o

.ARM.extab
 *(.ARM.extab* .gnu.linkonce.armextab.*)

.ARM            0x080035c8        0x0
                0x080035c8                __exidx_start = .
 *(.ARM.exidx*)
                0x080035c8                __exidx_end = .

.preinit_array  0x080035c8        0x0
                0x080035c8                PROVIDE (__preinit_array_start, .)
 *(.preinit_array*)
                0x080035c8                PROVIDE (__preinit_array_end, .)

.init_array     0x080035c8        0x4
                0x080035c8                PROVIDE (__init_array_start, .)
 *(SORT(.init_array.*))
 *(.init_array*)
 .init_array    0x080035c8        0x4 c:/progra~2/gnutoo~1/50a5a~1.420/bin/../lib/gcc/arm-none-eabi/5.4.1/armv7-m/crtbegin.o
                0x080035cc                PROVIDE (__init_array_end, .)

.fini_array     0x080035cc        0x4
                [!provide]                PROVIDE (__fini_array_start, .)
 *(SORT(.fini_array.*))
 *(.fini_array*)
 .fini_array    0x080035cc        0x4 c:/progra~2/gnutoo~1/50a5a~1.420/bin/../lib/gcc/arm-none-eabi/5.4.1/armv7-m/crtbegin.o
                [!provide]                PROVIDE (__fini_array_end, .)
                0x080035d0                _sidata = LOADADDR (.data)

.data           0x20000000      0x11c load address 0x080035d0
                0x20000000                . = ALIGN (0x4)
                0x20000000                _sdata = .
 *(.data)
 *(.data*)
 .data.uwTickPrio
                0x20000000        0x4 CMakeFiles/maze_stm32_cubemx+clion.elf.dir/Drivers/STM32F1xx_HAL_Driver/Src/stm32f1xx_hal.c.obj
                0x20000000                uwTickPrio
 .data.uwTickFreq
                0x20000004        0x1 CMakeFiles/maze_stm32_cubemx+clion.elf.dir/Drivers/STM32F1xx_HAL_Driver/Src/stm32f1xx_hal.c.obj
                0x20000004                uwTickFreq
 *fill*         0x20000005        0x3 
 .data.Velocity_KP_A
                0x20000008        0x4 CMakeFiles/maze_stm32_cubemx+clion.elf.dir/Src/User/motor.c.obj
                0x20000008                Velocity_KP_A
 .data.Velocity_KI_A
                0x2000000c        0x4 CMakeFiles/maze_stm32_cubemx+clion.elf.dir/Src/User/motor.c.obj
                0x2000000c                Velocity_KI_A
 .data.Velocity_KP_B
                0x20000010        0x4 CMakeFiles/maze_stm32_cubemx+clion.elf.dir/Src/User/motor.c.obj
                0x20000010                Velocity_KP_B
 .data.Velocity_KI_B
                0x20000014        0x4 CMakeFiles/maze_stm32_cubemx+clion.elf.dir/Src/User/motor.c.obj
                0x20000014                Velocity_KI_B
 .data.maze     0x20000018      0x100 CMakeFiles/maze_stm32_cubemx+clion.elf.dir/Src/main.c.obj
                0x20000018                maze
 .data.SystemCoreClock
                0x20000118        0x4 CMakeFiles/maze_stm32_cubemx+clion.elf.dir/Src/system_stm32f1xx.c.obj
                0x20000118                SystemCoreClock
                0x2000011c                . = ALIGN (0x4)
                0x2000011c                _edata = .

.jcr            0x2000011c        0x0 load address 0x080036ec
 .jcr           0x2000011c        0x0 c:/progra~2/gnutoo~1/50a5a~1.420/bin/../lib/gcc/arm-none-eabi/5.4.1/armv7-m/crtbegin.o

.igot.plt       0x2000011c        0x0 load address 0x080036ec
 .igot.plt      0x2000011c        0x0 c:/progra~2/gnutoo~1/50a5a~1.420/bin/../lib/gcc/arm-none-eabi/5.4.1/armv7-m/crtbegin.o
                0x2000011c                . = ALIGN (0x4)

.bss            0x2000011c      0x1c0 load address 0x080036ec
                0x2000011c                _sbss = .
                0x2000011c                __bss_start__ = _sbss
 *(.bss)
 .bss           0x2000011c       0x1c c:/progra~2/gnutoo~1/50a5a~1.420/bin/../lib/gcc/arm-none-eabi/5.4.1/armv7-m/crtbegin.o
 *(.bss*)
 .bss.uwTick    0x20000138        0x4 CMakeFiles/maze_stm32_cubemx+clion.elf.dir/Drivers/STM32F1xx_HAL_Driver/Src/stm32f1xx_hal.c.obj
                0x20000138                uwTick
 .bss.Bias_A    0x2000013c        0x4 CMakeFiles/maze_stm32_cubemx+clion.elf.dir/Src/User/motor.c.obj
                0x2000013c                Bias_A
 .bss.Pwm_A     0x20000140        0x4 CMakeFiles/maze_stm32_cubemx+clion.elf.dir/Src/User/motor.c.obj
                0x20000140                Pwm_A
 .bss.Last_bias_A
                0x20000144        0x4 CMakeFiles/maze_stm32_cubemx+clion.elf.dir/Src/User/motor.c.obj
                0x20000144                Last_bias_A
 .bss.Bias_B    0x20000148        0x4 CMakeFiles/maze_stm32_cubemx+clion.elf.dir/Src/User/motor.c.obj
                0x20000148                Bias_B
 .bss.Pwm_B     0x2000014c        0x4 CMakeFiles/maze_stm32_cubemx+clion.elf.dir/Src/User/motor.c.obj
                0x2000014c                Pwm_B
 .bss.Last_bias_B
                0x20000150        0x4 CMakeFiles/maze_stm32_cubemx+clion.elf.dir/Src/User/motor.c.obj
                0x20000150                Last_bias_B
 .bss.leftInfo  0x20000154       0x10 CMakeFiles/maze_stm32_cubemx+clion.elf.dir/Src/main.c.obj
                0x20000154                leftInfo
 .bss.rightInfo
                0x20000164       0x10 CMakeFiles/maze_stm32_cubemx+clion.elf.dir/Src/main.c.obj
                0x20000164                rightInfo
 .bss.dirStack  0x20000174       0x64 CMakeFiles/maze_stm32_cubemx+clion.elf.dir/Src/main.c.obj
                0x20000174                dirStack
 .bss.dirStackIdx
                0x200001d8        0x4 CMakeFiles/maze_stm32_cubemx+clion.elf.dir/Src/main.c.obj
                0x200001d8                dirStackIdx
 .bss.htim3     0x200001dc       0x40 CMakeFiles/maze_stm32_cubemx+clion.elf.dir/Src/tim.c.obj
                0x200001dc                htim3
 .bss.htim4     0x2000021c       0x40 CMakeFiles/maze_stm32_cubemx+clion.elf.dir/Src/tim.c.obj
                0x2000021c                htim4
 .bss.htim6     0x2000025c       0x40 CMakeFiles/maze_stm32_cubemx+clion.elf.dir/Src/tim.c.obj
                0x2000025c                htim6
 .bss.htim8     0x2000029c       0x40 CMakeFiles/maze_stm32_cubemx+clion.elf.dir/Src/tim.c.obj
                0x2000029c                htim8
 *(COMMON)
                0x200002dc                . = ALIGN (0x4)
                0x200002dc                _ebss = .
                0x200002dc                __bss_end__ = _ebss

._user_heap_stack
                0x200002dc      0x604 load address 0x080036ec
                0x200002e0                . = ALIGN (0x8)
 *fill*         0x200002dc        0x4 
                0x200002e0                PROVIDE (end, .)
                [!provide]                PROVIDE (_end, .)
                0x200004e0                . = (. + _Min_Heap_Size)
 *fill*         0x200002e0      0x200 
                0x200008e0                . = (. + _Min_Stack_Size)
 *fill*         0x200004e0      0x400 
                0x200008e0                . = ALIGN (0x8)

/DISCARD/
 libc.a(*)
 libm.a(*)
 libgcc.a(*)

.ARM.attributes
                0x00000000       0x29
 *(.ARM.attributes)
 .ARM.attributes
                0x00000000       0x1d c:/progra~2/gnutoo~1/50a5a~1.420/bin/../lib/gcc/arm-none-eabi/5.4.1/armv7-m/crti.o
 .ARM.attributes
                0x0000001d       0x2d c:/progra~2/gnutoo~1/50a5a~1.420/bin/../lib/gcc/arm-none-eabi/5.4.1/armv7-m/crtbegin.o
 .ARM.attributes
                0x0000004a       0x33 CMakeFiles/maze_stm32_cubemx+clion.elf.dir/Drivers/STM32F1xx_HAL_Driver/Src/stm32f1xx_hal.c.obj
 .ARM.attributes
                0x0000007d       0x33 CMakeFiles/maze_stm32_cubemx+clion.elf.dir/Drivers/STM32F1xx_HAL_Driver/Src/stm32f1xx_hal_cortex.c.obj
 .ARM.attributes
                0x000000b0       0x33 CMakeFiles/maze_stm32_cubemx+clion.elf.dir/Drivers/STM32F1xx_HAL_Driver/Src/stm32f1xx_hal_gpio.c.obj
 .ARM.attributes
                0x000000e3       0x33 CMakeFiles/maze_stm32_cubemx+clion.elf.dir/Drivers/STM32F1xx_HAL_Driver/Src/stm32f1xx_hal_rcc.c.obj
 .ARM.attributes
                0x00000116       0x33 CMakeFiles/maze_stm32_cubemx+clion.elf.dir/Drivers/STM32F1xx_HAL_Driver/Src/stm32f1xx_hal_tim.c.obj
 .ARM.attributes
                0x00000149       0x33 CMakeFiles/maze_stm32_cubemx+clion.elf.dir/Drivers/STM32F1xx_HAL_Driver/Src/stm32f1xx_hal_tim_ex.c.obj
 .ARM.attributes
                0x0000017c       0x33 CMakeFiles/maze_stm32_cubemx+clion.elf.dir/Src/User/infrared.c.obj
 .ARM.attributes
                0x000001af       0x33 CMakeFiles/maze_stm32_cubemx+clion.elf.dir/Src/User/maze.c.obj
 .ARM.attributes
                0x000001e2       0x33 CMakeFiles/maze_stm32_cubemx+clion.elf.dir/Src/User/motor.c.obj
 .ARM.attributes
                0x00000215       0x33 CMakeFiles/maze_stm32_cubemx+clion.elf.dir/Src/gpio.c.obj
 .ARM.attributes
                0x00000248       0x33 CMakeFiles/maze_stm32_cubemx+clion.elf.dir/Src/main.c.obj
 .ARM.attributes
                0x0000027b       0x33 CMakeFiles/maze_stm32_cubemx+clion.elf.dir/Src/stm32f1xx_hal_msp.c.obj
 .ARM.attributes
                0x000002ae       0x33 CMakeFiles/maze_stm32_cubemx+clion.elf.dir/Src/stm32f1xx_it.c.obj
 .ARM.attributes
                0x000002e1       0x33 CMakeFiles/maze_stm32_cubemx+clion.elf.dir/Src/system_stm32f1xx.c.obj
 .ARM.attributes
                0x00000314       0x33 CMakeFiles/maze_stm32_cubemx+clion.elf.dir/Src/tim.c.obj
 .ARM.attributes
                0x00000347       0x21 CMakeFiles/maze_stm32_cubemx+clion.elf.dir/startup/startup_stm32f103xe.s.obj
 .ARM.attributes
                0x00000368       0x1d c:/progra~2/gnutoo~1/50a5a~1.420/bin/../lib/gcc/arm-none-eabi/5.4.1/armv7-m\libgcc.a(_arm_addsubsf3.o)
 .ARM.attributes
                0x00000385       0x1d c:/progra~2/gnutoo~1/50a5a~1.420/bin/../lib/gcc/arm-none-eabi/5.4.1/armv7-m\libgcc.a(_arm_muldivsf3.o)
 .ARM.attributes
                0x000003a2       0x1d c:/progra~2/gnutoo~1/50a5a~1.420/bin/../lib/gcc/arm-none-eabi/5.4.1/armv7-m\libgcc.a(_arm_fixsfsi.o)
 .ARM.attributes
                0x000003bf       0x2d c:/progra~2/gnutoo~1/50a5a~1.420/bin/../lib/gcc/arm-none-eabi/5.4.1/../../../../arm-none-eabi/lib/armv7-m\libg_nano.a(lib_a-init.o)
 .ARM.attributes
                0x000003ec       0x2d c:/progra~2/gnutoo~1/50a5a~1.420/bin/../lib/gcc/arm-none-eabi/5.4.1/../../../../arm-none-eabi/lib/armv7-m\libg_nano.a(lib_a-memset.o)
 .ARM.attributes
                0x00000419       0x1d c:/progra~2/gnutoo~1/50a5a~1.420/bin/../lib/gcc/arm-none-eabi/5.4.1/armv7-m/crtn.o
OUTPUT(maze_stm32_cubemx+clion.elf elf32-littlearm)

.debug_info     0x00000000     0x875d
 .debug_info    0x00000000      0x6f0 CMakeFiles/maze_stm32_cubemx+clion.elf.dir/Drivers/STM32F1xx_HAL_Driver/Src/stm32f1xx_hal.c.obj
 .debug_info    0x000006f0      0xb20 CMakeFiles/maze_stm32_cubemx+clion.elf.dir/Drivers/STM32F1xx_HAL_Driver/Src/stm32f1xx_hal_cortex.c.obj
 .debug_info    0x00001210      0x5ca CMakeFiles/maze_stm32_cubemx+clion.elf.dir/Drivers/STM32F1xx_HAL_Driver/Src/stm32f1xx_hal_gpio.c.obj
 .debug_info    0x000017da      0x7c6 CMakeFiles/maze_stm32_cubemx+clion.elf.dir/Drivers/STM32F1xx_HAL_Driver/Src/stm32f1xx_hal_rcc.c.obj
 .debug_info    0x00001fa0     0x239e CMakeFiles/maze_stm32_cubemx+clion.elf.dir/Drivers/STM32F1xx_HAL_Driver/Src/stm32f1xx_hal_tim.c.obj
 .debug_info    0x0000433e     0x1049 CMakeFiles/maze_stm32_cubemx+clion.elf.dir/Drivers/STM32F1xx_HAL_Driver/Src/stm32f1xx_hal_tim_ex.c.obj
 .debug_info    0x00005387      0x19d CMakeFiles/maze_stm32_cubemx+clion.elf.dir/Src/User/infrared.c.obj
 .debug_info    0x00005524      0x36c CMakeFiles/maze_stm32_cubemx+clion.elf.dir/Src/User/maze.c.obj
 .debug_info    0x00005890      0x864 CMakeFiles/maze_stm32_cubemx+clion.elf.dir/Src/User/motor.c.obj
 .debug_info    0x000060f4      0x2bc CMakeFiles/maze_stm32_cubemx+clion.elf.dir/Src/gpio.c.obj
 .debug_info    0x000063b0      0xa40 CMakeFiles/maze_stm32_cubemx+clion.elf.dir/Src/main.c.obj
 .debug_info    0x00006df0      0x21a CMakeFiles/maze_stm32_cubemx+clion.elf.dir/Src/stm32f1xx_hal_msp.c.obj
 .debug_info    0x0000700a      0x5df CMakeFiles/maze_stm32_cubemx+clion.elf.dir/Src/stm32f1xx_it.c.obj
 .debug_info    0x000075e9      0x3ce CMakeFiles/maze_stm32_cubemx+clion.elf.dir/Src/system_stm32f1xx.c.obj
 .debug_info    0x000079b7      0xcd8 CMakeFiles/maze_stm32_cubemx+clion.elf.dir/Src/tim.c.obj
 .debug_info    0x0000868f       0xce CMakeFiles/maze_stm32_cubemx+clion.elf.dir/startup/startup_stm32f103xe.s.obj

.debug_abbrev   0x00000000     0x17be
 .debug_abbrev  0x00000000      0x1b2 CMakeFiles/maze_stm32_cubemx+clion.elf.dir/Drivers/STM32F1xx_HAL_Driver/Src/stm32f1xx_hal.c.obj
 .debug_abbrev  0x000001b2      0x2bd CMakeFiles/maze_stm32_cubemx+clion.elf.dir/Drivers/STM32F1xx_HAL_Driver/Src/stm32f1xx_hal_cortex.c.obj
 .debug_abbrev  0x0000046f      0x1a1 CMakeFiles/maze_stm32_cubemx+clion.elf.dir/Drivers/STM32F1xx_HAL_Driver/Src/stm32f1xx_hal_gpio.c.obj
 .debug_abbrev  0x00000610      0x23e CMakeFiles/maze_stm32_cubemx+clion.elf.dir/Drivers/STM32F1xx_HAL_Driver/Src/stm32f1xx_hal_rcc.c.obj
 .debug_abbrev  0x0000084e      0x1f5 CMakeFiles/maze_stm32_cubemx+clion.elf.dir/Drivers/STM32F1xx_HAL_Driver/Src/stm32f1xx_hal_tim.c.obj
 .debug_abbrev  0x00000a43      0x1fd CMakeFiles/maze_stm32_cubemx+clion.elf.dir/Drivers/STM32F1xx_HAL_Driver/Src/stm32f1xx_hal_tim_ex.c.obj
 .debug_abbrev  0x00000c40       0xce CMakeFiles/maze_stm32_cubemx+clion.elf.dir/Src/User/infrared.c.obj
 .debug_abbrev  0x00000d0e       0xe4 CMakeFiles/maze_stm32_cubemx+clion.elf.dir/Src/User/maze.c.obj
 .debug_abbrev  0x00000df2      0x17d CMakeFiles/maze_stm32_cubemx+clion.elf.dir/Src/User/motor.c.obj
 .debug_abbrev  0x00000f6f      0x105 CMakeFiles/maze_stm32_cubemx+clion.elf.dir/Src/gpio.c.obj
 .debug_abbrev  0x00001074      0x210 CMakeFiles/maze_stm32_cubemx+clion.elf.dir/Src/main.c.obj
 .debug_abbrev  0x00001284       0xd4 CMakeFiles/maze_stm32_cubemx+clion.elf.dir/Src/stm32f1xx_hal_msp.c.obj
 .debug_abbrev  0x00001358      0x14a CMakeFiles/maze_stm32_cubemx+clion.elf.dir/Src/stm32f1xx_it.c.obj
 .debug_abbrev  0x000014a2      0x120 CMakeFiles/maze_stm32_cubemx+clion.elf.dir/Src/system_stm32f1xx.c.obj
 .debug_abbrev  0x000015c2      0x1ea CMakeFiles/maze_stm32_cubemx+clion.elf.dir/Src/tim.c.obj
 .debug_abbrev  0x000017ac       0x12 CMakeFiles/maze_stm32_cubemx+clion.elf.dir/startup/startup_stm32f103xe.s.obj

.debug_aranges  0x00000000      0xa90
 .debug_aranges
                0x00000000       0xe0 CMakeFiles/maze_stm32_cubemx+clion.elf.dir/Drivers/STM32F1xx_HAL_Driver/Src/stm32f1xx_hal.c.obj
 .debug_aranges
                0x000000e0      0x100 CMakeFiles/maze_stm32_cubemx+clion.elf.dir/Drivers/STM32F1xx_HAL_Driver/Src/stm32f1xx_hal_cortex.c.obj
 .debug_aranges
                0x000001e0       0x58 CMakeFiles/maze_stm32_cubemx+clion.elf.dir/Drivers/STM32F1xx_HAL_Driver/Src/stm32f1xx_hal_gpio.c.obj
 .debug_aranges
                0x00000238       0x90 CMakeFiles/maze_stm32_cubemx+clion.elf.dir/Drivers/STM32F1xx_HAL_Driver/Src/stm32f1xx_hal_rcc.c.obj
 .debug_aranges
                0x000002c8      0x3a8 CMakeFiles/maze_stm32_cubemx+clion.elf.dir/Drivers/STM32F1xx_HAL_Driver/Src/stm32f1xx_hal_tim.c.obj
 .debug_aranges
                0x00000670      0x150 CMakeFiles/maze_stm32_cubemx+clion.elf.dir/Drivers/STM32F1xx_HAL_Driver/Src/stm32f1xx_hal_tim_ex.c.obj
 .debug_aranges
                0x000007c0       0x28 CMakeFiles/maze_stm32_cubemx+clion.elf.dir/Src/User/infrared.c.obj
 .debug_aranges
                0x000007e8       0x60 CMakeFiles/maze_stm32_cubemx+clion.elf.dir/Src/User/maze.c.obj
 .debug_aranges
                0x00000848       0x68 CMakeFiles/maze_stm32_cubemx+clion.elf.dir/Src/User/motor.c.obj
 .debug_aranges
                0x000008b0       0x20 CMakeFiles/maze_stm32_cubemx+clion.elf.dir/Src/gpio.c.obj
 .debug_aranges
                0x000008d0       0x78 CMakeFiles/maze_stm32_cubemx+clion.elf.dir/Src/main.c.obj
 .debug_aranges
                0x00000948       0x20 CMakeFiles/maze_stm32_cubemx+clion.elf.dir/Src/stm32f1xx_hal_msp.c.obj
 .debug_aranges
                0x00000968       0x68 CMakeFiles/maze_stm32_cubemx+clion.elf.dir/Src/stm32f1xx_it.c.obj
 .debug_aranges
                0x000009d0       0x28 CMakeFiles/maze_stm32_cubemx+clion.elf.dir/Src/system_stm32f1xx.c.obj
 .debug_aranges
                0x000009f8       0x70 CMakeFiles/maze_stm32_cubemx+clion.elf.dir/Src/tim.c.obj
 .debug_aranges
                0x00000a68       0x28 CMakeFiles/maze_stm32_cubemx+clion.elf.dir/startup/startup_stm32f103xe.s.obj

.debug_ranges   0x00000000      0x998
 .debug_ranges  0x00000000       0xd0 CMakeFiles/maze_stm32_cubemx+clion.elf.dir/Drivers/STM32F1xx_HAL_Driver/Src/stm32f1xx_hal.c.obj
 .debug_ranges  0x000000d0       0xf0 CMakeFiles/maze_stm32_cubemx+clion.elf.dir/Drivers/STM32F1xx_HAL_Driver/Src/stm32f1xx_hal_cortex.c.obj
 .debug_ranges  0x000001c0       0x48 CMakeFiles/maze_stm32_cubemx+clion.elf.dir/Drivers/STM32F1xx_HAL_Driver/Src/stm32f1xx_hal_gpio.c.obj
 .debug_ranges  0x00000208       0x80 CMakeFiles/maze_stm32_cubemx+clion.elf.dir/Drivers/STM32F1xx_HAL_Driver/Src/stm32f1xx_hal_rcc.c.obj
 .debug_ranges  0x00000288      0x398 CMakeFiles/maze_stm32_cubemx+clion.elf.dir/Drivers/STM32F1xx_HAL_Driver/Src/stm32f1xx_hal_tim.c.obj
 .debug_ranges  0x00000620      0x140 CMakeFiles/maze_stm32_cubemx+clion.elf.dir/Drivers/STM32F1xx_HAL_Driver/Src/stm32f1xx_hal_tim_ex.c.obj
 .debug_ranges  0x00000760       0x18 CMakeFiles/maze_stm32_cubemx+clion.elf.dir/Src/User/infrared.c.obj
 .debug_ranges  0x00000778       0x50 CMakeFiles/maze_stm32_cubemx+clion.elf.dir/Src/User/maze.c.obj
 .debug_ranges  0x000007c8       0x58 CMakeFiles/maze_stm32_cubemx+clion.elf.dir/Src/User/motor.c.obj
 .debug_ranges  0x00000820       0x10 CMakeFiles/maze_stm32_cubemx+clion.elf.dir/Src/gpio.c.obj
 .debug_ranges  0x00000830       0x68 CMakeFiles/maze_stm32_cubemx+clion.elf.dir/Src/main.c.obj
 .debug_ranges  0x00000898       0x10 CMakeFiles/maze_stm32_cubemx+clion.elf.dir/Src/stm32f1xx_hal_msp.c.obj
 .debug_ranges  0x000008a8       0x58 CMakeFiles/maze_stm32_cubemx+clion.elf.dir/Src/stm32f1xx_it.c.obj
 .debug_ranges  0x00000900       0x18 CMakeFiles/maze_stm32_cubemx+clion.elf.dir/Src/system_stm32f1xx.c.obj
 .debug_ranges  0x00000918       0x60 CMakeFiles/maze_stm32_cubemx+clion.elf.dir/Src/tim.c.obj
 .debug_ranges  0x00000978       0x20 CMakeFiles/maze_stm32_cubemx+clion.elf.dir/startup/startup_stm32f103xe.s.obj

.debug_line     0x00000000     0x4da8
 .debug_line    0x00000000      0x482 CMakeFiles/maze_stm32_cubemx+clion.elf.dir/Drivers/STM32F1xx_HAL_Driver/Src/stm32f1xx_hal.c.obj
 .debug_line    0x00000482      0x4d2 CMakeFiles/maze_stm32_cubemx+clion.elf.dir/Drivers/STM32F1xx_HAL_Driver/Src/stm32f1xx_hal_cortex.c.obj
 .debug_line    0x00000954      0x499 CMakeFiles/maze_stm32_cubemx+clion.elf.dir/Drivers/STM32F1xx_HAL_Driver/Src/stm32f1xx_hal_gpio.c.obj
 .debug_line    0x00000ded      0x59c CMakeFiles/maze_stm32_cubemx+clion.elf.dir/Drivers/STM32F1xx_HAL_Driver/Src/stm32f1xx_hal_rcc.c.obj
 .debug_line    0x00001389     0x1512 CMakeFiles/maze_stm32_cubemx+clion.elf.dir/Drivers/STM32F1xx_HAL_Driver/Src/stm32f1xx_hal_tim.c.obj
 .debug_line    0x0000289b      0x8c3 CMakeFiles/maze_stm32_cubemx+clion.elf.dir/Drivers/STM32F1xx_HAL_Driver/Src/stm32f1xx_hal_tim_ex.c.obj
 .debug_line    0x0000315e      0x228 CMakeFiles/maze_stm32_cubemx+clion.elf.dir/Src/User/infrared.c.obj
 .debug_line    0x00003386      0x2a1 CMakeFiles/maze_stm32_cubemx+clion.elf.dir/Src/User/maze.c.obj
 .debug_line    0x00003627      0x417 CMakeFiles/maze_stm32_cubemx+clion.elf.dir/Src/User/motor.c.obj
 .debug_line    0x00003a3e      0x275 CMakeFiles/maze_stm32_cubemx+clion.elf.dir/Src/gpio.c.obj
 .debug_line    0x00003cb3      0x4d4 CMakeFiles/maze_stm32_cubemx+clion.elf.dir/Src/main.c.obj
 .debug_line    0x00004187      0x1fd CMakeFiles/maze_stm32_cubemx+clion.elf.dir/Src/stm32f1xx_hal_msp.c.obj
 .debug_line    0x00004384      0x343 CMakeFiles/maze_stm32_cubemx+clion.elf.dir/Src/stm32f1xx_it.c.obj
 .debug_line    0x000046c7      0x246 CMakeFiles/maze_stm32_cubemx+clion.elf.dir/Src/system_stm32f1xx.c.obj
 .debug_line    0x0000490d      0x3e4 CMakeFiles/maze_stm32_cubemx+clion.elf.dir/Src/tim.c.obj
 .debug_line    0x00004cf1       0xb7 CMakeFiles/maze_stm32_cubemx+clion.elf.dir/startup/startup_stm32f103xe.s.obj

.debug_str      0x00000000     0x309e
 .debug_str     0x00000000      0x89c CMakeFiles/maze_stm32_cubemx+clion.elf.dir/Drivers/STM32F1xx_HAL_Driver/Src/stm32f1xx_hal.c.obj
                                0x8f8 (size before relaxing)
 .debug_str     0x0000089c      0x44e CMakeFiles/maze_stm32_cubemx+clion.elf.dir/Drivers/STM32F1xx_HAL_Driver/Src/stm32f1xx_hal_cortex.c.obj
                                0x9e7 (size before relaxing)
 .debug_str     0x00000cea      0x209 CMakeFiles/maze_stm32_cubemx+clion.elf.dir/Drivers/STM32F1xx_HAL_Driver/Src/stm32f1xx_hal_gpio.c.obj
                                0x442 (size before relaxing)
 .debug_str     0x00000ef3      0x380 CMakeFiles/maze_stm32_cubemx+clion.elf.dir/Drivers/STM32F1xx_HAL_Driver/Src/stm32f1xx_hal_rcc.c.obj
                                0x646 (size before relaxing)
 .debug_str     0x00001273     0x11b0 CMakeFiles/maze_stm32_cubemx+clion.elf.dir/Drivers/STM32F1xx_HAL_Driver/Src/stm32f1xx_hal_tim.c.obj
                               0x1420 (size before relaxing)
 .debug_str     0x00002423      0x5b3 CMakeFiles/maze_stm32_cubemx+clion.elf.dir/Drivers/STM32F1xx_HAL_Driver/Src/stm32f1xx_hal_tim_ex.c.obj
                                0xc20 (size before relaxing)
 .debug_str     0x000029d6       0x6c CMakeFiles/maze_stm32_cubemx+clion.elf.dir/Src/User/infrared.c.obj
                                0x223 (size before relaxing)
 .debug_str     0x00002a42      0x107 CMakeFiles/maze_stm32_cubemx+clion.elf.dir/Src/User/maze.c.obj
                                0x2b0 (size before relaxing)
 .debug_str     0x00002b49      0x167 CMakeFiles/maze_stm32_cubemx+clion.elf.dir/Src/User/motor.c.obj
                                0x6a6 (size before relaxing)
 .debug_str     0x00002cb0       0x65 CMakeFiles/maze_stm32_cubemx+clion.elf.dir/Src/gpio.c.obj
                                0x29a (size before relaxing)
 .debug_str     0x00002d15       0xeb CMakeFiles/maze_stm32_cubemx+clion.elf.dir/Src/main.c.obj
                                0x81c (size before relaxing)
 .debug_str     0x00002e00       0x55 CMakeFiles/maze_stm32_cubemx+clion.elf.dir/Src/stm32f1xx_hal_msp.c.obj
                                0x25c (size before relaxing)
 .debug_str     0x00002e55       0xf0 CMakeFiles/maze_stm32_cubemx+clion.elf.dir/Src/stm32f1xx_it.c.obj
                                0x62f (size before relaxing)
 .debug_str     0x00002f45       0x87 CMakeFiles/maze_stm32_cubemx+clion.elf.dir/Src/system_stm32f1xx.c.obj
                                0x2ef (size before relaxing)
 .debug_str     0x00002fcc       0xd2 CMakeFiles/maze_stm32_cubemx+clion.elf.dir/Src/tim.c.obj
                                0xcf5 (size before relaxing)

.comment        0x00000000       0x6e
 .comment       0x00000000       0x6e CMakeFiles/maze_stm32_cubemx+clion.elf.dir/Drivers/STM32F1xx_HAL_Driver/Src/stm32f1xx_hal.c.obj
                                 0x6f (size before relaxing)
 .comment       0x0000006e       0x6f CMakeFiles/maze_stm32_cubemx+clion.elf.dir/Drivers/STM32F1xx_HAL_Driver/Src/stm32f1xx_hal_cortex.c.obj
 .comment       0x0000006e       0x6f CMakeFiles/maze_stm32_cubemx+clion.elf.dir/Drivers/STM32F1xx_HAL_Driver/Src/stm32f1xx_hal_gpio.c.obj
 .comment       0x0000006e       0x6f CMakeFiles/maze_stm32_cubemx+clion.elf.dir/Drivers/STM32F1xx_HAL_Driver/Src/stm32f1xx_hal_rcc.c.obj
 .comment       0x0000006e       0x6f CMakeFiles/maze_stm32_cubemx+clion.elf.dir/Drivers/STM32F1xx_HAL_Driver/Src/stm32f1xx_hal_tim.c.obj
 .comment       0x0000006e       0x6f CMakeFiles/maze_stm32_cubemx+clion.elf.dir/Drivers/STM32F1xx_HAL_Driver/Src/stm32f1xx_hal_tim_ex.c.obj
 .comment       0x0000006e       0x6f CMakeFiles/maze_stm32_cubemx+clion.elf.dir/Src/User/infrared.c.obj
 .comment       0x0000006e       0x6f CMakeFiles/maze_stm32_cubemx+clion.elf.dir/Src/User/maze.c.obj
 .comment       0x0000006e       0x6f CMakeFiles/maze_stm32_cubemx+clion.elf.dir/Src/User/motor.c.obj
 .comment       0x0000006e       0x6f CMakeFiles/maze_stm32_cubemx+clion.elf.dir/Src/gpio.c.obj
 .comment       0x0000006e       0x6f CMakeFiles/maze_stm32_cubemx+clion.elf.dir/Src/main.c.obj
 .comment       0x0000006e       0x6f CMakeFiles/maze_stm32_cubemx+clion.elf.dir/Src/stm32f1xx_hal_msp.c.obj
 .comment       0x0000006e       0x6f CMakeFiles/maze_stm32_cubemx+clion.elf.dir/Src/stm32f1xx_it.c.obj
 .comment       0x0000006e       0x6f CMakeFiles/maze_stm32_cubemx+clion.elf.dir/Src/system_stm32f1xx.c.obj
 .comment       0x0000006e       0x6f CMakeFiles/maze_stm32_cubemx+clion.elf.dir/Src/tim.c.obj

.debug_frame    0x00000000     0x2a84
 .debug_frame   0x00000000      0x334 CMakeFiles/maze_stm32_cubemx+clion.elf.dir/Drivers/STM32F1xx_HAL_Driver/Src/stm32f1xx_hal.c.obj
 .debug_frame   0x00000334      0x428 CMakeFiles/maze_stm32_cubemx+clion.elf.dir/Drivers/STM32F1xx_HAL_Driver/Src/stm32f1xx_hal_cortex.c.obj
 .debug_frame   0x0000075c      0x14c CMakeFiles/maze_stm32_cubemx+clion.elf.dir/Drivers/STM32F1xx_HAL_Driver/Src/stm32f1xx_hal_gpio.c.obj
 .debug_frame   0x000008a8      0x21c CMakeFiles/maze_stm32_cubemx+clion.elf.dir/Drivers/STM32F1xx_HAL_Driver/Src/stm32f1xx_hal_rcc.c.obj
 .debug_frame   0x00000ac4     0x10f0 CMakeFiles/maze_stm32_cubemx+clion.elf.dir/Drivers/STM32F1xx_HAL_Driver/Src/stm32f1xx_hal_tim.c.obj
 .debug_frame   0x00001bb4      0x5c0 CMakeFiles/maze_stm32_cubemx+clion.elf.dir/Drivers/STM32F1xx_HAL_Driver/Src/stm32f1xx_hal_tim_ex.c.obj
 .debug_frame   0x00002174       0x58 CMakeFiles/maze_stm32_cubemx+clion.elf.dir/Src/User/infrared.c.obj
 .debug_frame   0x000021cc      0x178 CMakeFiles/maze_stm32_cubemx+clion.elf.dir/Src/User/maze.c.obj
 .debug_frame   0x00002344      0x1a0 CMakeFiles/maze_stm32_cubemx+clion.elf.dir/Src/User/motor.c.obj
 .debug_frame   0x000024e4       0x34 CMakeFiles/maze_stm32_cubemx+clion.elf.dir/Src/gpio.c.obj
 .debug_frame   0x00002518      0x1c4 CMakeFiles/maze_stm32_cubemx+clion.elf.dir/Src/main.c.obj
 .debug_frame   0x000026dc       0x38 CMakeFiles/maze_stm32_cubemx+clion.elf.dir/Src/stm32f1xx_hal_msp.c.obj
 .debug_frame   0x00002714      0x128 CMakeFiles/maze_stm32_cubemx+clion.elf.dir/Src/stm32f1xx_it.c.obj
 .debug_frame   0x0000283c       0x58 CMakeFiles/maze_stm32_cubemx+clion.elf.dir/Src/system_stm32f1xx.c.obj
 .debug_frame   0x00002894      0x1a4 CMakeFiles/maze_stm32_cubemx+clion.elf.dir/Src/tim.c.obj
 .debug_frame   0x00002a38       0x2c c:/progra~2/gnutoo~1/50a5a~1.420/bin/../lib/gcc/arm-none-eabi/5.4.1/../../../../arm-none-eabi/lib/armv7-m\libg_nano.a(lib_a-init.o)
 .debug_frame   0x00002a64       0x20 c:/progra~2/gnutoo~1/50a5a~1.420/bin/../lib/gcc/arm-none-eabi/5.4.1/../../../../arm-none-eabi/lib/armv7-m\libg_nano.a(lib_a-memset.o)
