Archive member included to satisfy reference by file (symbol)

c:/progra~2/gnutoo~1/50a5a~1.420/bin/../lib/gcc/arm-none-eabi/5.4.1/armv7-m\libgcc.a(_arm_addsubsf3.o)
                              CMakeFiles/maze_stm32_cubemx+clion.elf.dir/Src/User/motor.c.obj (__aeabi_fadd)
c:/progra~2/gnutoo~1/50a5a~1.420/bin/../lib/gcc/arm-none-eabi/5.4.1/armv7-m\libgcc.a(_arm_muldivsf3.o)
                              CMakeFiles/maze_stm32_cubemx+clion.elf.dir/Src/User/motor.c.obj (__aeabi_fmul)
c:/progra~2/gnutoo~1/50a5a~1.420/bin/../lib/gcc/arm-none-eabi/5.4.1/armv7-m\libgcc.a(_arm_fixsfsi.o)
                              CMakeFiles/maze_stm32_cubemx+clion.elf.dir/Src/User/motor.c.obj (__aeabi_f2iz)
c:/progra~2/gnutoo~1/50a5a~1.420/bin/../lib/gcc/arm-none-eabi/5.4.1/../../../../arm-none-eabi/lib/armv7-m\libg_nano.a(lib_a-errno.o)
                              CMakeFiles/maze_stm32_cubemx+clion.elf.dir/Src/syscalls.c.obj (__errno)
c:/progra~2/gnutoo~1/50a5a~1.420/bin/../lib/gcc/arm-none-eabi/5.4.1/../../../../arm-none-eabi/lib/armv7-m\libg_nano.a(lib_a-exit.o)
                              c:/progra~2/gnutoo~1/50a5a~1.420/bin/../lib/gcc/arm-none-eabi/5.4.1/../../../../arm-none-eabi/lib/armv7-m/crt0.o (exit)
c:/progra~2/gnutoo~1/50a5a~1.420/bin/../lib/gcc/arm-none-eabi/5.4.1/../../../../arm-none-eabi/lib/armv7-m\libg_nano.a(lib_a-impure.o)
                              c:/progra~2/gnutoo~1/50a5a~1.420/bin/../lib/gcc/arm-none-eabi/5.4.1/../../../../arm-none-eabi/lib/armv7-m\libg_nano.a(lib_a-exit.o) (_global_impure_ptr)
c:/progra~2/gnutoo~1/50a5a~1.420/bin/../lib/gcc/arm-none-eabi/5.4.1/../../../../arm-none-eabi/lib/armv7-m\libg_nano.a(lib_a-init.o)
                              c:/progra~2/gnutoo~1/50a5a~1.420/bin/../lib/gcc/arm-none-eabi/5.4.1/../../../../arm-none-eabi/lib/armv7-m/crt0.o (__libc_init_array)
c:/progra~2/gnutoo~1/50a5a~1.420/bin/../lib/gcc/arm-none-eabi/5.4.1/../../../../arm-none-eabi/lib/armv7-m\libg_nano.a(lib_a-memset.o)
                              c:/progra~2/gnutoo~1/50a5a~1.420/bin/../lib/gcc/arm-none-eabi/5.4.1/../../../../arm-none-eabi/lib/armv7-m/crt0.o (memset)

Discarded input sections

 .text          0x00000000        0x0 c:/progra~2/gnutoo~1/50a5a~1.420/bin/../lib/gcc/arm-none-eabi/5.4.1/armv7-m/crti.o
 .data          0x00000000        0x0 c:/progra~2/gnutoo~1/50a5a~1.420/bin/../lib/gcc/arm-none-eabi/5.4.1/armv7-m/crti.o
 .bss           0x00000000        0x0 c:/progra~2/gnutoo~1/50a5a~1.420/bin/../lib/gcc/arm-none-eabi/5.4.1/armv7-m/crti.o
 .data          0x00000000        0x4 c:/progra~2/gnutoo~1/50a5a~1.420/bin/../lib/gcc/arm-none-eabi/5.4.1/armv7-m/crtbegin.o
 .text          0x00000000       0x74 c:/progra~2/gnutoo~1/50a5a~1.420/bin/../lib/gcc/arm-none-eabi/5.4.1/../../../../arm-none-eabi/lib/armv7-m/crt0.o
 .data          0x00000000        0x0 c:/progra~2/gnutoo~1/50a5a~1.420/bin/../lib/gcc/arm-none-eabi/5.4.1/../../../../arm-none-eabi/lib/armv7-m/crt0.o
 .bss           0x00000000        0x0 c:/progra~2/gnutoo~1/50a5a~1.420/bin/../lib/gcc/arm-none-eabi/5.4.1/../../../../arm-none-eabi/lib/armv7-m/crt0.o
 .ARM.extab     0x00000000        0x0 c:/progra~2/gnutoo~1/50a5a~1.420/bin/../lib/gcc/arm-none-eabi/5.4.1/../../../../arm-none-eabi/lib/armv7-m/crt0.o
 .ARM.exidx     0x00000000        0x8 c:/progra~2/gnutoo~1/50a5a~1.420/bin/../lib/gcc/arm-none-eabi/5.4.1/../../../../arm-none-eabi/lib/armv7-m/crt0.o
 .ARM.attributes
                0x00000000       0x1b c:/progra~2/gnutoo~1/50a5a~1.420/bin/../lib/gcc/arm-none-eabi/5.4.1/../../../../arm-none-eabi/lib/armv7-m/crt0.o
 .text          0x00000000        0x0 CMakeFiles/maze_stm32_cubemx+clion.elf.dir/Drivers/STM32F1xx_HAL_Driver/Src/stm32f1xx_hal.c.obj
 .data          0x00000000        0x0 CMakeFiles/maze_stm32_cubemx+clion.elf.dir/Drivers/STM32F1xx_HAL_Driver/Src/stm32f1xx_hal.c.obj
 .bss           0x00000000        0x0 CMakeFiles/maze_stm32_cubemx+clion.elf.dir/Drivers/STM32F1xx_HAL_Driver/Src/stm32f1xx_hal.c.obj
 .text.HAL_DeInit
                0x00000000       0x30 CMakeFiles/maze_stm32_cubemx+clion.elf.dir/Drivers/STM32F1xx_HAL_Driver/Src/stm32f1xx_hal.c.obj
 .text.HAL_MspInit
                0x00000000        0xc CMakeFiles/maze_stm32_cubemx+clion.elf.dir/Drivers/STM32F1xx_HAL_Driver/Src/stm32f1xx_hal.c.obj
 .text.HAL_MspDeInit
                0x00000000        0xc CMakeFiles/maze_stm32_cubemx+clion.elf.dir/Drivers/STM32F1xx_HAL_Driver/Src/stm32f1xx_hal.c.obj
 .text.HAL_GetTickPrio
                0x00000000       0x14 CMakeFiles/maze_stm32_cubemx+clion.elf.dir/Drivers/STM32F1xx_HAL_Driver/Src/stm32f1xx_hal.c.obj
 .text.HAL_SetTickFreq
                0x00000000       0x44 CMakeFiles/maze_stm32_cubemx+clion.elf.dir/Drivers/STM32F1xx_HAL_Driver/Src/stm32f1xx_hal.c.obj
 .text.HAL_GetTickFreq
                0x00000000       0x14 CMakeFiles/maze_stm32_cubemx+clion.elf.dir/Drivers/STM32F1xx_HAL_Driver/Src/stm32f1xx_hal.c.obj
 .text.HAL_SuspendTick
[...]
Memory Configuration

Name             Origin             Length             Attributes
RAM              0x20000000         0x0000c000         xrw
FLASH            0x08000000         0x00040000         xr
*default*        0x00000000         0xffffffff

Linker script and memory map

LOAD c:/progra~2/gnutoo~1/50a5a~1.420/bin/../lib/gcc/arm-none-eabi/5.4.1/armv7-m/crti.o
LOAD c:/progra~2/gnutoo~1/50a5a~1.420/bin/../lib/gcc/arm-none-eabi/5.4.1/armv7-m/crtbegin.o
LOAD c:/progra~2/gnutoo~1/50a5a~1.420/bin/../lib/gcc/arm-none-eabi/5.4.1/../../../../arm-none-eabi/lib/armv7-m/crt0.o
LOAD CMakeFiles/maze_stm32_cubemx+clion.elf.dir/Drivers/STM32F1xx_HAL_Driver/Src/stm32f1xx_hal.c.obj
LOAD CMakeFiles/maze_stm32_cubemx+clion.elf.dir/Drivers/STM32F1xx_HAL_Driver/Src/stm32f1xx_hal_cortex.c.obj
LOAD CMakeFiles/maze_stm32_cubemx+clion.elf.dir/Drivers/STM32F1xx_HAL_Driver/Src/stm32f1xx_hal_dma.c.obj
LOAD CMakeFiles/maze_stm32_cubemx+clion.elf.dir/Drivers/STM32F1xx_HAL_Driver/Src/stm32f1xx_hal_exti.c.obj
LOAD CMakeFiles/maze_stm32_cubemx+clion.elf.dir/Drivers/STM32F1xx_HAL_Driver/Src/stm32f1xx_hal_flash.c.obj
LOAD CMakeFiles/maze_stm32_cubemx+clion.elf.dir/Drivers/STM32F1xx_HAL_Driver/Src/stm32f1xx_hal_flash_ex.c.obj
LOAD CMakeFiles/maze_stm32_cubemx+clion.elf.dir/Drivers/STM32F1xx_HAL_Driver/Src/stm32f1xx_hal_gpio.c.obj
LOAD CMakeFiles/maze_stm32_cubemx+clion.elf.dir/Drivers/STM32F1xx_HAL_Driver/Src/stm32f1xx_hal_gpio_ex.c.obj
LOAD CMakeFiles/maze_stm32_cubemx+clion.elf.dir/Drivers/STM32F1xx_HAL_Driver/Src/stm32f1xx_hal_i2c.c.obj
LOAD CMakeFiles/maze_stm32_cubemx+clion.elf.dir/Drivers/STM32F1xx_HAL_Driver/Src/stm32f1xx_hal_pwr.c.obj
LOAD CMakeFiles/maze_stm32_cubemx+clion.elf.dir/Drivers/STM32F1xx_HAL_Driver/Src/stm32f1xx_hal_rcc.c.obj
LOAD CMakeFiles/maze_stm32_cubemx+clion.elf.dir/Drivers/STM32F1xx_HAL_Driver/Src/stm32f1xx_hal_rcc_ex.c.obj
LOAD CMakeFiles/maze_stm32_cubemx+clion.elf.dir/Drivers/STM32F1xx_HAL_Driver/Src/stm32f1xx_hal_tim.c.obj
LOAD CMakeFiles/maze_stm32_cubemx+clion.elf.dir/Drivers/STM32F1xx_HAL_Driver/Src/stm32f1xx_hal_tim_ex.c.obj
LOAD CMakeFiles/maze_stm32_cubemx+clion.elf.dir/Drivers/STM32F1xx_HAL_Driver/Src/stm32f1xx_hal_uart.c.obj
LOAD CMakeFiles/maze_stm32_cubemx+clion.elf.dir/Src/User/infrared.c.obj
LOAD CMakeFiles/maze_stm32_cubemx+clion.elf.dir/Src/User/maze.c.obj
LOAD CMakeFiles/maze_stm32_cubemx+clion.elf.dir/Src/User/motor.c.obj
LOAD CMakeFiles/maze_stm32_cubemx+clion.elf.dir/Src/User/oled.c.obj
LOAD CMakeFiles/maze_stm32_cubemx+clion.elf.dir/Src/gpio.c.obj
LOAD CMakeFiles/maze_stm32_cubemx+clion.elf.dir/Src/i2c.c.obj
LOAD CMakeFiles/maze_stm32_cubemx+clion.elf.dir/Src/main.c.obj
LOAD CMakeFiles/maze_stm32_cubemx+clion.elf.dir/Src/stm32f1xx_hal_msp.c.obj
LOAD CMakeFiles/maze_stm32_cubemx+clion.elf.dir/Src/stm32f1xx_it.c.obj
LOAD CMakeFiles/maze_stm32_cubemx+clion.elf.dir/Src/syscalls.c.obj
LOAD CMakeFiles/maze_stm32_cubemx+clion.elf.dir/Src/system_stm32f1xx.c.obj
LOAD CMakeFiles/maze_stm32_cubemx+clion.elf.dir/Src/tim.c.obj
LOAD CMakeFiles/maze_stm32_cubemx+clion.elf.dir/Src/usart.c.obj
LOAD CMakeFiles/maze_stm32_cubemx+clion.elf.dir/startup/startup_stm32f103xe.s.obj
START GROUP
LOAD c:/progra~2/gnutoo~1/50a5a~1.420/bin/../lib/gcc/arm-none-eabi/5.4.1/armv7-m\libgcc.a
LOAD c:/progra~2/gnutoo~1/50a5a~1.420/bin/../lib/gcc/arm-none-eabi/5.4.1/../../../../arm-none-eabi/lib/armv7-m\libg_nano.a
LOAD c:/progra~2/gnutoo~1/50a5a~1.420/bin/../lib/gcc/arm-none-eabi/5.4.1/../../../../arm-none-eabi/lib/armv7-m\libc_nano.a
END GROUP
START GROUP
LOAD c:/progra~2/gnutoo~1/50a5a~1.420/bin/../lib/gcc/arm-none-eabi/5.4.1/armv7-m\libgcc.a
LOAD c:/progra~2/gnutoo~1/50a5a~1.420/bin/../lib/gcc/arm-none-eabi/5.4.1/../../../../arm-none-eabi/lib/armv7-m\libc_nano.a
LOAD c:/progra~2/gnutoo~1/50a5a~1.420/bin/../lib/gcc/arm-none-eabi/5.4.1/../../../../arm-none-eabi/lib/armv7-m\libnosys.a
END GROUP
START GROUP
LOAD c:/progra~2/gnutoo~1/50a5a~1.420/bin/../lib/gcc/arm-none-eabi/5.4.1/armv7-m\libgcc.a
LOAD c:/progra~2/gnutoo~1/50a5a~1.420/bin/../lib/gcc/arm-none-eabi/5.4.1/../../../../arm-none-eabi/lib/armv7-m\libc_nano.a
LOAD c:/progra~2/gnutoo~1/50a5a~1.420/bin/../lib/gcc/arm-none-eabi/5.4.1/../../../../arm-none-eabi/lib/armv7-m\libnosys.a
END GROUP
LOAD c:/progra~2/gnutoo~1/50a5a~1.420/bin/../lib/gcc/arm-none-eabi/5.4.1/armv7-m/crtend.o
LOAD c:/progra~2/gnutoo~1/50a5a~1.420/bin/../lib/gcc/arm-none-eabi/5.4.1/armv7-m/crtn.o
                0x2000c000                _estack = 0x2000c000
                0x00000200                _Min_Heap_Size = 0x200
                0x00000400                _Min_Stack_Size = 0x400

.isr_vector     0x08000000      0x1e4
                0x08000000                . = ALIGN (0x4)
 *(.isr_vector)
 .isr_vector    0x08000000      0x1e4 CMakeFiles/maze_stm32_cubemx+clion.elf.dir/startup/startup_stm32f103xe.s.obj
                0x08000000                g_pfnVectors
                0x080001e4                . = ALIGN (0x4)

.text           0x080001e4     0x58f0
                0x080001e4                . = ALIGN (0x4)
 *(.text)
 .text          0x080001e4       0x5c c:/progra~2/gnutoo~1/50a5a~1.420/bin/../lib/gcc/arm-none-eabi/5.4.1/armv7-m/crtbegin.o
 .text          0x08000240      0x21c c:/progra~2/gnutoo~1/50a5a~1.420/bin/../lib/gcc/arm-none-eabi/5.4.1/armv7-m\libgcc.a(_arm_addsubsf3.o)
                0x08000240                __aeabi_frsub
                0x08000248                __subsf3
                0x08000248                __aeabi_fsub
                0x0800024c                __aeabi_fadd
                0x0800024c                __addsf3
                0x080003ac                __aeabi_ui2f
                0x080003ac                __floatunsisf
                0x080003b4                __aeabi_i2f
                0x080003b4                __floatsisf
                0x080003d0                __aeabi_ul2f
                0x080003d0                __floatundisf
                0x080003e0                __aeabi_l2f
                0x080003e0                __floatdisf
 .text          0x0800045c      0x2a0 c:/progra~2/gnutoo~1/50a5a~1.420/bin/../lib/gcc/arm-none-eabi/5.4.1/armv7-m\libgcc.a(_arm_muldivsf3.o)
                0x0800045c                __mulsf3
                0x0800045c                __aeabi_fmul
                0x080005c4                __aeabi_fdiv
                0x080005c4                __divsf3
 .text          0x080006fc       0x4c c:/progra~2/gnutoo~1/50a5a~1.420/bin/../lib/gcc/arm-none-eabi/5.4.1/armv7-m\libgcc.a(_arm_fixsfsi.o)
                0x080006fc                __aeabi_f2iz
                0x080006fc                __fixsfsi
 *(.text*)
 .text.HAL_Init
                0x08000748       0x2c CMakeFiles/maze_stm32_cubemx+clion.elf.dir/Drivers/STM32F1xx_HAL_Driver/Src/stm32f1xx_hal.c.obj
                0x08000748                HAL_Init
 .text.HAL_InitTick
                0x08000774       0x60 CMakeFiles/maze_stm32_cubemx+clion.elf.dir/Drivers/STM32F1xx_HAL_Driver/Src/stm32f1xx_hal.c.obj
                0x08000774                HAL_InitTick
 .text.HAL_IncTick
                0x080007d4       0x24 CMakeFiles/maze_stm32_cubemx+clion.elf.dir/Drivers/STM32F1xx_HAL_Driver/Src/stm32f1xx_hal.c.obj
                0x080007d4                HAL_IncTick
 .text.HAL_GetTick
                0x080007f8       0x14 CMakeFiles/maze_stm32_cubemx+clion.elf.dir/Drivers/STM32F1xx_HAL_Driver/Src/stm32f1xx_hal.c.obj
                0x080007f8                HAL_GetTick
 .text.HAL_Delay
                0x0800080c       0x44 CMakeFiles/maze_stm32_cubemx+clion.elf.dir/Drivers/STM32F1xx_HAL_Driver/Src/stm32f1xx_hal.c.obj
                0x0800080c                HAL_Delay
 .text.__NVIC_SetPriorityGrouping
                0x08000850       0x48 CMakeFiles/maze_stm32_cubemx+clion.elf.dir/Drivers/STM32F1xx_HAL_Driver/Src/stm32f1xx_hal_cortex.c.obj
 .text.__NVIC_GetPriorityGrouping
                0x08000898       0x1c CMakeFiles/maze_stm32_cubemx+clion.elf.dir/Drivers/STM32F1xx_HAL_Driver/Src/stm32f1xx_hal_cortex.c.obj
 .text.__NVIC_EnableIRQ
                0x080008b4       0x38 CMakeFiles/maze_stm32_cubemx+clion.elf.dir/Drivers/STM32F1xx_HAL_Driver/Src/stm32f1xx_hal_cortex.c.obj
 .text.__NVIC_SetPriority
                0x080008ec       0x54 CMakeFiles/maze_stm32_cubemx+clion.elf.dir/Drivers/STM32F1xx_HAL_Driver/Src/stm32f1xx_hal_cortex.c.obj
 .text.NVIC_EncodePriority
                0x08000940       0x60 CMakeFiles/maze_stm32_cubemx+clion.elf.dir/Drivers/STM32F1xx_HAL_Driver/Src/stm32f1xx_hal_cortex.c.obj
 .text.SysTick_Config
                0x080009a0       0x44 CMakeFiles/maze_stm32_cubemx+clion.elf.dir/Drivers/STM32F1xx_HAL_Driver/Src/stm32f1xx_hal_cortex.c.obj
 .text.HAL_NVIC_SetPriorityGrouping
                0x080009e4       0x18 CMakeFiles/maze_stm32_cubemx+clion.elf.dir/Drivers/STM32F1xx_HAL_Driver/Src/stm32f1xx_hal_cortex.c.obj
                0x080009e4                HAL_NVIC_SetPriorityGrouping
 .text.HAL_NVIC_SetPriority
                0x080009fc       0x38 CMakeFiles/maze_stm32_cubemx+clion.elf.dir/Drivers/STM32F1xx_HAL_Driver/Src/stm32f1xx_hal_cortex.c.obj
                0x080009fc                HAL_NVIC_SetPriority
 .text.HAL_NVIC_EnableIRQ
                0x08000a34       0x1c CMakeFiles/maze_stm32_cubemx+clion.elf.dir/Drivers/STM32F1xx_HAL_Driver/Src/stm32f1xx_hal_cortex.c.obj
                0x08000a34                HAL_NVIC_EnableIRQ
 .text.HAL_SYSTICK_Config
                0x08000a50       0x18 CMakeFiles/maze_stm32_cubemx+clion.elf.dir/Drivers/STM32F1xx_HAL_Driver/Src/stm32f1xx_hal_cortex.c.obj
                0x08000a50                HAL_SYSTICK_Config
 .text.HAL_DMA_Abort_IT
                0x08000a68      0x23c CMakeFiles/maze_stm32_cubemx+clion.elf.dir/Drivers/STM32F1xx_HAL_Driver/Src/stm32f1xx_hal_dma.c.obj
                0x08000a68                HAL_DMA_Abort_IT
 .text.HAL_GPIO_Init
                0x08000ca4      0x2d4 CMakeFiles/maze_stm32_cubemx+clion.elf.dir/Drivers/STM32F1xx_HAL_Driver/Src/stm32f1xx_hal_gpio.c.obj
                0x08000ca4                HAL_GPIO_Init
 .text.HAL_GPIO_ReadPin
                0x08000f78       0x30 CMakeFiles/maze_stm32_cubemx+clion.elf.dir/Drivers/STM32F1xx_HAL_Driver/Src/stm32f1xx_hal_gpio.c.obj
                0x08000f78                HAL_GPIO_ReadPin
 .text.HAL_GPIO_WritePin
                0x08000fa8       0x30 CMakeFiles/maze_stm32_cubemx+clion.elf.dir/Drivers/STM32F1xx_HAL_Driver/Src/stm32f1xx_hal_gpio.c.obj
                0x08000fa8                HAL_GPIO_WritePin
 .text.HAL_GPIO_TogglePin
                0x08000fd8       0x30 CMakeFiles/maze_stm32_cubemx+clion.elf.dir/Drivers/STM32F1xx_HAL_Driver/Src/stm32f1xx_hal_gpio.c.obj
                0x08000fd8                HAL_GPIO_TogglePin
 .text.HAL_I2C_Init
                0x08001008      0x250 CMakeFiles/maze_stm32_cubemx+clion.elf.dir/Drivers/STM32F1xx_HAL_Driver/Src/stm32f1xx_hal_i2c.c.obj
                0x08001008                HAL_I2C_Init
 .text.HAL_I2C_Mem_Write
                0x08001258      0x1f4 CMakeFiles/maze_stm32_cubemx+clion.elf.dir/Drivers/STM32F1xx_HAL_Driver/Src/stm32f1xx_hal_i2c.c.obj
                0x08001258                HAL_I2C_Mem_Write
 .text.I2C_RequestMemoryWrite
                0x0800144c      0x110 CMakeFiles/maze_stm32_cubemx+clion.elf.dir/Drivers/STM32F1xx_HAL_Driver/Src/stm32f1xx_hal_i2c.c.obj
 .text.I2C_WaitOnFlagUntilTimeout
                0x0800155c       0xb0 CMakeFiles/maze_stm32_cubemx+clion.elf.dir/Drivers/STM32F1xx_HAL_Driver/Src/stm32f1xx_hal_i2c.c.obj
 .text.I2C_WaitOnMasterAddressFlagUntilTimeout
                0x0800160c       0xfc CMakeFiles/maze_stm32_cubemx+clion.elf.dir/Drivers/STM32F1xx_HAL_Driver/Src/stm32f1xx_hal_i2c.c.obj
 .text.I2C_WaitOnTXEFlagUntilTimeout
                0x08001708       0x84 CMakeFiles/maze_stm32_cubemx+clion.elf.dir/Drivers/STM32F1xx_HAL_Driver/Src/stm32f1xx_hal_i2c.c.obj
 .text.I2C_WaitOnBTFFlagUntilTimeout
                0x0800178c       0x84 CMakeFiles/maze_stm32_cubemx+clion.elf.dir/Drivers/STM32F1xx_HAL_Driver/Src/stm32f1xx_hal_i2c.c.obj
 .text.I2C_IsAcknowledgeFailed
                0x08001810       0x5c CMakeFiles/maze_stm32_cubemx+clion.elf.dir/Drivers/STM32F1xx_HAL_Driver/Src/stm32f1xx_hal_i2c.c.obj
 .text.HAL_RCC_OscConfig
                0x0800186c      0x4fc CMakeFiles/maze_stm32_cubemx+clion.elf.dir/Drivers/STM32F1xx_HAL_Driver/Src/stm32f1xx_hal_rcc.c.obj
                0x0800186c                HAL_RCC_OscConfig
 .text.HAL_RCC_ClockConfig
                0x08001d68      0x1d4 CMakeFiles/maze_stm32_cubemx+clion.elf.dir/Drivers/STM32F1xx_HAL_Driver/Src/stm32f1xx_hal_rcc.c.obj
                0x08001d68                HAL_RCC_ClockConfig
 .text.HAL_RCC_GetSysClockFreq
                0x08001f3c       0xc8 CMakeFiles/maze_stm32_cubemx+clion.elf.dir/Drivers/STM32F1xx_HAL_Driver/Src/stm32f1xx_hal_rcc.c.obj
                0x08001f3c                HAL_RCC_GetSysClockFreq
 .text.HAL_RCC_GetHCLKFreq
                0x08002004       0x14 CMakeFiles/maze_stm32_cubemx+clion.elf.dir/Drivers/STM32F1xx_HAL_Driver/Src/stm32f1xx_hal_rcc.c.obj
                0x08002004                HAL_RCC_GetHCLKFreq
 .text.HAL_RCC_GetPCLK1Freq
                0x08002018       0x28 CMakeFiles/maze_stm32_cubemx+clion.elf.dir/Drivers/STM32F1xx_HAL_Driver/Src/stm32f1xx_hal_rcc.c.obj
                0x08002018                HAL_RCC_GetPCLK1Freq
 .text.HAL_RCC_GetPCLK2Freq
                0x08002040       0x28 CMakeFiles/maze_stm32_cubemx+clion.elf.dir/Drivers/STM32F1xx_HAL_Driver/Src/stm32f1xx_hal_rcc.c.obj
                0x08002040                HAL_RCC_GetPCLK2Freq
 .text.RCC_Delay
                0x08002068       0x3c CMakeFiles/maze_stm32_cubemx+clion.elf.dir/Drivers/STM32F1xx_HAL_Driver/Src/stm32f1xx_hal_rcc.c.obj
 .text.HAL_TIM_Base_Init
                0x080020a4       0x58 CMakeFiles/maze_stm32_cubemx+clion.elf.dir/Drivers/STM32F1xx_HAL_Driver/Src/stm32f1xx_hal_tim.c.obj
                0x080020a4                HAL_TIM_Base_Init
 .text.HAL_TIM_Base_Start_IT
                0x080020fc       0x48 CMakeFiles/maze_stm32_cubemx+clion.elf.dir/Drivers/STM32F1xx_HAL_Driver/Src/stm32f1xx_hal_tim.c.obj
                0x080020fc                HAL_TIM_Base_Start_IT
 .text.HAL_TIM_PWM_Init
                0x08002144       0x58 CMakeFiles/maze_stm32_cubemx+clion.elf.dir/Drivers/STM32F1xx_HAL_Driver/Src/stm32f1xx_hal_tim.c.obj
                0x08002144                HAL_TIM_PWM_Init
 .text.HAL_TIM_PWM_Start
                0x0800219c       0x7c CMakeFiles/maze_stm32_cubemx+clion.elf.dir/Drivers/STM32F1xx_HAL_Driver/Src/stm32f1xx_hal_tim.c.obj
                0x0800219c                HAL_TIM_PWM_Start
 .text.HAL_TIM_Encoder_Init
                0x08002218      0x11c CMakeFiles/maze_stm32_cubemx+clion.elf.dir/Drivers/STM32F1xx_HAL_Driver/Src/stm32f1xx_hal_tim.c.obj
                0x08002218                HAL_TIM_Encoder_Init
 .text.HAL_TIM_Encoder_Start
                0x08002334       0x70 CMakeFiles/maze_stm32_cubemx+clion.elf.dir/Drivers/STM32F1xx_HAL_Driver/Src/stm32f1xx_hal_tim.c.obj
                0x08002334                HAL_TIM_Encoder_Start
 .text.HAL_TIM_IRQHandler
                0x080023a4      0x210 CMakeFiles/maze_stm32_cubemx+clion.elf.dir/Drivers/STM32F1xx_HAL_Driver/Src/stm32f1xx_hal_tim.c.obj
                0x080023a4                HAL_TIM_IRQHandler
 .text.HAL_TIM_PWM_ConfigChannel
                0x080025b4      0x18c CMakeFiles/maze_stm32_cubemx+clion.elf.dir/Drivers/STM32F1xx_HAL_Driver/Src/stm32f1xx_hal_tim.c.obj
                0x080025b4                HAL_TIM_PWM_ConfigChannel
 .text.HAL_TIM_OC_DelayElapsedCallback
                0x08002740       0x14 CMakeFiles/maze_stm32_cubemx+clion.elf.dir/Drivers/STM32F1xx_HAL_Driver/Src/stm32f1xx_hal_tim.c.obj
                0x08002740                HAL_TIM_OC_DelayElapsedCallback
 .text.HAL_TIM_IC_CaptureCallback
                0x08002754       0x14 CMakeFiles/maze_stm32_cubemx+clion.elf.dir/Drivers/STM32F1xx_HAL_Driver/Src/stm32f1xx_hal_tim.c.obj
                0x08002754                HAL_TIM_IC_CaptureCallback
 .text.HAL_TIM_PWM_PulseFinishedCallback
                0x08002768       0x14 CMakeFiles/maze_stm32_cubemx+clion.elf.dir/Drivers/STM32F1xx_HAL_Driver/Src/stm32f1xx_hal_tim.c.obj
                0x08002768                HAL_TIM_PWM_PulseFinishedCallback
 .text.HAL_TIM_TriggerCallback
                0x0800277c       0x14 CMakeFiles/maze_stm32_cubemx+clion.elf.dir/Drivers/STM32F1xx_HAL_Driver/Src/stm32f1xx_hal_tim.c.obj
                0x0800277c                HAL_TIM_TriggerCallback
 .text.TIM_Base_SetConfig
                0x08002790       0xf4 CMakeFiles/maze_stm32_cubemx+clion.elf.dir/Drivers/STM32F1xx_HAL_Driver/Src/stm32f1xx_hal_tim.c.obj
                0x08002790                TIM_Base_SetConfig
 .text.TIM_OC1_SetConfig
                0x08002884       0xe0 CMakeFiles/maze_stm32_cubemx+clion.elf.dir/Drivers/STM32F1xx_HAL_Driver/Src/stm32f1xx_hal_tim.c.obj
 .text.TIM_OC2_SetConfig
                0x08002964       0xe8 CMakeFiles/maze_stm32_cubemx+clion.elf.dir/Drivers/STM32F1xx_HAL_Driver/Src/stm32f1xx_hal_tim.c.obj
                0x08002964                TIM_OC2_SetConfig
 .text.TIM_OC3_SetConfig
                0x08002a4c       0xe8 CMakeFiles/maze_stm32_cubemx+clion.elf.dir/Drivers/STM32F1xx_HAL_Driver/Src/stm32f1xx_hal_tim.c.obj
 .text.TIM_OC4_SetConfig
                0x08002b34       0xa8 CMakeFiles/maze_stm32_cubemx+clion.elf.dir/Drivers/STM32F1xx_HAL_Driver/Src/stm32f1xx_hal_tim.c.obj
 .text.TIM_CCxChannelCmd
                0x08002bdc       0x48 CMakeFiles/maze_stm32_cubemx+clion.elf.dir/Drivers/STM32F1xx_HAL_Driver/Src/stm32f1xx_hal_tim.c.obj
                0x08002bdc                TIM_CCxChannelCmd
 .text.HAL_TIMEx_MasterConfigSynchronization
                0x08002c24       0x88 CMakeFiles/maze_stm32_cubemx+clion.elf.dir/Drivers/STM32F1xx_HAL_Driver/Src/stm32f1xx_hal_tim_ex.c.obj
                0x08002c24                HAL_TIMEx_MasterConfigSynchronization
 .text.HAL_TIMEx_ConfigBreakDeadTime
                0x08002cac       0xa4 CMakeFiles/maze_stm32_cubemx+clion.elf.dir/Drivers/STM32F1xx_HAL_Driver/Src/stm32f1xx_hal_tim_ex.c.obj
                0x08002cac                HAL_TIMEx_ConfigBreakDeadTime
 .text.HAL_TIMEx_CommutCallback
                0x08002d50       0x14 CMakeFiles/maze_stm32_cubemx+clion.elf.dir/Drivers/STM32F1xx_HAL_Driver/Src/stm32f1xx_hal_tim_ex.c.obj
                0x08002d50                HAL_TIMEx_CommutCallback
 .text.HAL_TIMEx_BreakCallback
                0x08002d64       0x14 CMakeFiles/maze_stm32_cubemx+clion.elf.dir/Drivers/STM32F1xx_HAL_Driver/Src/stm32f1xx_hal_tim_ex.c.obj
                0x08002d64                HAL_TIMEx_BreakCallback
 .text.HAL_UART_Init
                0x08002d78       0x9c CMakeFiles/maze_stm32_cubemx+clion.elf.dir/Drivers/STM32F1xx_HAL_Driver/Src/stm32f1xx_hal_uart.c.obj
                0x08002d78                HAL_UART_Init
 .text.HAL_UART_Transmit
                0x08002e14      0x130 CMakeFiles/maze_stm32_cubemx+clion.elf.dir/Drivers/STM32F1xx_HAL_Driver/Src/stm32f1xx_hal_uart.c.obj
                0x08002e14                HAL_UART_Transmit
 .text.HAL_UART_Receive_IT
                0x08002f44       0xa8 CMakeFiles/maze_stm32_cubemx+clion.elf.dir/Drivers/STM32F1xx_HAL_Driver/Src/stm32f1xx_hal_uart.c.obj
                0x08002f44                HAL_UART_Receive_IT
 .text.HAL_UART_IRQHandler
                0x08002fec      0x1f8 CMakeFiles/maze_stm32_cubemx+clion.elf.dir/Drivers/STM32F1xx_HAL_Driver/Src/stm32f1xx_hal_uart.c.obj
                0x08002fec                HAL_UART_IRQHandler
 .text.HAL_UART_TxCpltCallback
                0x080031e4       0x14 CMakeFiles/maze_stm32_cubemx+clion.elf.dir/Drivers/STM32F1xx_HAL_Driver/Src/stm32f1xx_hal_uart.c.obj
                0x080031e4                HAL_UART_TxCpltCallback
 .text.HAL_UART_ErrorCallback
                0x080031f8       0x14 CMakeFiles/maze_stm32_cubemx+clion.elf.dir/Drivers/STM32F1xx_HAL_Driver/Src/stm32f1xx_hal_uart.c.obj
                0x080031f8                HAL_UART_ErrorCallback
 .text.UART_WaitOnFlagUntilTimeout
                0x0800320c       0x94 CMakeFiles/maze_stm32_cubemx+clion.elf.dir/Drivers/STM32F1xx_HAL_Driver/Src/stm32f1xx_hal_uart.c.obj
 .text.UART_EndRxTransfer
                0x080032a0       0x3c CMakeFiles/maze_stm32_cubemx+clion.elf.dir/Drivers/STM32F1xx_HAL_Driver/Src/stm32f1xx_hal_uart.c.obj
 .text.UART_DMAAbortOnError
                0x080032dc       0x28 CMakeFiles/maze_stm32_cubemx+clion.elf.dir/Drivers/STM32F1xx_HAL_Driver/Src/stm32f1xx_hal_uart.c.obj
 .text.UART_Transmit_IT
                0x08003304       0xa8 CMakeFiles/maze_stm32_cubemx+clion.elf.dir/Drivers/STM32F1xx_HAL_Driver/Src/stm32f1xx_hal_uart.c.obj
 .text.UART_EndTransmit_IT
                0x080033ac       0x30 CMakeFiles/maze_stm32_cubemx+clion.elf.dir/Drivers/STM32F1xx_HAL_Driver/Src/stm32f1xx_hal_uart.c.obj
 .text.UART_Receive_IT
                0x080033dc      0x104 CMakeFiles/maze_stm32_cubemx+clion.elf.dir/Drivers/STM32F1xx_HAL_Driver/Src/stm32f1xx_hal_uart.c.obj
 .text.UART_SetConfig
                0x080034e0      0x1b4 CMakeFiles/maze_stm32_cubemx+clion.elf.dir/Drivers/STM32F1xx_HAL_Driver/Src/stm32f1xx_hal_uart.c.obj
 .text.ir_on    0x08003694       0x7c CMakeFiles/maze_stm32_cubemx+clion.elf.dir/Src/User/infrared.c.obj
                0x08003694                ir_on
 .text.read_DirIr
                0x08003710       0x48 CMakeFiles/maze_stm32_cubemx+clion.elf.dir/Src/User/infrared.c.obj
                0x08003710                read_DirIr
 .text.abs_to_rel
                0x08003758       0x58 CMakeFiles/maze_stm32_cubemx+clion.elf.dir/Src/User/maze.c.obj
                0x08003758                abs_to_rel
 .text.read_map_path
                0x080037b0       0x90 CMakeFiles/maze_stm32_cubemx+clion.elf.dir/Src/User/maze.c.obj
                0x080037b0                read_map_path
 .text.write_map_wall
                0x08003840       0xec CMakeFiles/maze_stm32_cubemx+clion.elf.dir/Src/User/maze.c.obj
                0x08003840                write_map_wall
 .text.write_map_path
                0x0800392c       0xec CMakeFiles/maze_stm32_cubemx+clion.elf.dir/Src/User/maze.c.obj
                0x0800392c                write_map_path
 .text.backtrack
                0x08003a18       0x50 CMakeFiles/maze_stm32_cubemx+clion.elf.dir/Src/User/maze.c.obj
                0x08003a18                backtrack
 .text.bestPath
                0x08003a68       0x28 CMakeFiles/maze_stm32_cubemx+clion.elf.dir/Src/User/maze.c.obj
                0x08003a68                bestPath
 .text.creat_bestPath
                0x08003a90       0x7c CMakeFiles/maze_stm32_cubemx+clion.elf.dir/Src/User/maze.c.obj
                0x08003a90                creat_bestPath
 .text.check_ENC
                0x08003b0c       0x48 CMakeFiles/maze_stm32_cubemx+clion.elf.dir/Src/User/motor.c.obj
                0x08003b0c                check_ENC
 .text.plus_ADD
                0x08003b54       0x30 CMakeFiles/maze_stm32_cubemx+clion.elf.dir/Src/User/motor.c.obj
                0x08003b54                plus_ADD
 .text.incremental_PI_A
                0x08003b84       0xd0 CMakeFiles/maze_stm32_cubemx+clion.elf.dir/Src/User/motor.c.obj
                0x08003b84                incremental_PI_A
 .text.incremental_PI_B
                0x08003c54       0xd0 CMakeFiles/maze_stm32_cubemx+clion.elf.dir/Src/User/motor.c.obj
                0x08003c54                incremental_PI_B
 .text.range_PWM
                0x08003d24       0x60 CMakeFiles/maze_stm32_cubemx+clion.elf.dir/Src/User/motor.c.obj
                0x08003d24                range_PWM
 .text.set_PWM  0x08003d84       0x80 CMakeFiles/maze_stm32_cubemx+clion.elf.dir/Src/User/motor.c.obj
                0x08003d84                set_PWM
 .text.WriteCmd
                0x08003e04       0x4c CMakeFiles/maze_stm32_cubemx+clion.elf.dir/Src/User/oled.c.obj
                0x08003e04                WriteCmd
 .text.OLED_WR_CMD
                0x08003e50       0x30 CMakeFiles/maze_stm32_cubemx+clion.elf.dir/Src/User/oled.c.obj
                0x08003e50                OLED_WR_CMD
 .text.OLED_WR_DATA
                0x08003e80       0x30 CMakeFiles/maze_stm32_cubemx+clion.elf.dir/Src/User/oled.c.obj
                0x08003e80                OLED_WR_DATA
 .text.OLED_Init
                0x08003eb0       0x14 CMakeFiles/maze_stm32_cubemx+clion.elf.dir/Src/User/oled.c.obj
                0x08003eb0                OLED_Init
 .text.OLED_Clear
                0x08003ec4       0x54 CMakeFiles/maze_stm32_cubemx+clion.elf.dir/Src/User/oled.c.obj
                0x08003ec4                OLED_Clear
 .text.OLED_Set_Pos
                0x08003f18       0x44 CMakeFiles/maze_stm32_cubemx+clion.elf.dir/Src/User/oled.c.obj
                0x08003f18                OLED_Set_Pos
 .text.OLED_ShowChar
                0x08003f5c       0xf4 CMakeFiles/maze_stm32_cubemx+clion.elf.dir/Src/User/oled.c.obj
                0x08003f5c                OLED_ShowChar
 .text.OLED_ShowString
                0x08004050       0x60 CMakeFiles/maze_stm32_cubemx+clion.elf.dir/Src/User/oled.c.obj
                0x08004050                OLED_ShowString
 .text.OLED_writeDPI
                0x080040b0       0xf4 CMakeFiles/maze_stm32_cubemx+clion.elf.dir/Src/User/oled.c.obj
                0x080040b0                OLED_writeDPI
 .text.MX_GPIO_Init
                0x080041a4      0x110 CMakeFiles/maze_stm32_cubemx+clion.elf.dir/Src/gpio.c.obj
                0x080041a4                MX_GPIO_Init
 .text.MX_I2C2_Init
                0x080042b4       0x5c CMakeFiles/maze_stm32_cubemx+clion.elf.dir/Src/i2c.c.obj
                0x080042b4                MX_I2C2_Init
 .text.HAL_I2C_MspInit
                0x08004310       0x80 CMakeFiles/maze_stm32_cubemx+clion.elf.dir/Src/i2c.c.obj
                0x08004310                HAL_I2C_MspInit
 .text.para_init
                0x08004390      0x12c CMakeFiles/maze_stm32_cubemx+clion.elf.dir/Src/main.c.obj
                0x08004390                para_init
 .text.banEdge  0x080044bc       0x4c CMakeFiles/maze_stm32_cubemx+clion.elf.dir/Src/main.c.obj
                0x080044bc                banEdge
 .text.isWall   0x08004508       0x58 CMakeFiles/maze_stm32_cubemx+clion.elf.dir/Src/main.c.obj
                0x08004508                isWall
 .text.isNew    0x08004560       0x28 CMakeFiles/maze_stm32_cubemx+clion.elf.dir/Src/main.c.obj
                0x08004560                isNew
 .text.search_dir
                0x08004588       0x54 CMakeFiles/maze_stm32_cubemx+clion.elf.dir/Src/main.c.obj
                0x08004588                search_dir
 .text.flash_mapPathInfo
                0x080045dc       0x24 CMakeFiles/maze_stm32_cubemx+clion.elf.dir/Src/main.c.obj
                0x080045dc                flash_mapPathInfo
 .text.flash_pathStack
                0x08004600       0x2c CMakeFiles/maze_stm32_cubemx+clion.elf.dir/Src/main.c.obj
                0x08004600                flash_pathStack
 .text.flash_carInfo
                0x0800462c       0x64 CMakeFiles/maze_stm32_cubemx+clion.elf.dir/Src/main.c.obj
                0x0800462c                flash_carInfo
 .text.flash_OLED_maze
                0x08004690       0xa4 CMakeFiles/maze_stm32_cubemx+clion.elf.dir/Src/main.c.obj
                0x08004690                flash_OLED_maze
 .text.flash_OLED_carPos
                0x08004734       0xe4 CMakeFiles/maze_stm32_cubemx+clion.elf.dir/Src/main.c.obj
                0x08004734                flash_OLED_carPos
 .text.flash_OLED_ir
                0x08004818      0x2e8 CMakeFiles/maze_stm32_cubemx+clion.elf.dir/Src/main.c.obj
                0x08004818                flash_OLED_ir
 .text.change   0x08004b00       0xa8 CMakeFiles/maze_stm32_cubemx+clion.elf.dir/Src/main.c.obj
                0x08004b00                change
 .text.flash_OLED_info
                0x08004ba8      0x108 CMakeFiles/maze_stm32_cubemx+clion.elf.dir/Src/main.c.obj
                0x08004ba8                flash_OLED_info
 .text.start_run
                0x08004cb0       0x9c CMakeFiles/maze_stm32_cubemx+clion.elf.dir/Src/main.c.obj
                0x08004cb0                start_run
 .text.main     0x08004d4c      0x170 CMakeFiles/maze_stm32_cubemx+clion.elf.dir/Src/main.c.obj
                0x08004d4c                main
 .text.SystemClock_Config
                0x08004ebc       0x8c CMakeFiles/maze_stm32_cubemx+clion.elf.dir/Src/main.c.obj
                0x08004ebc                SystemClock_Config
 .text.HAL_TIM_PeriodElapsedCallback
                0x08004f48      0x190 CMakeFiles/maze_stm32_cubemx+clion.elf.dir/Src/main.c.obj
                0x08004f48                HAL_TIM_PeriodElapsedCallback
 .text.HAL_UART_RxCpltCallback
                0x080050d8       0x70 CMakeFiles/maze_stm32_cubemx+clion.elf.dir/Src/main.c.obj
                0x080050d8                HAL_UART_RxCpltCallback
 .text.Error_Handler
                0x08005148        0xc CMakeFiles/maze_stm32_cubemx+clion.elf.dir/Src/main.c.obj
                0x08005148                Error_Handler
 .text.HAL_MspInit
                0x08005154       0x64 CMakeFiles/maze_stm32_cubemx+clion.elf.dir/Src/stm32f1xx_hal_msp.c.obj
                0x08005154                HAL_MspInit
 .text.NMI_Handler
                0x080051b8        0xc CMakeFiles/maze_stm32_cubemx+clion.elf.dir/Src/stm32f1xx_it.c.obj
                0x080051b8                NMI_Handler
 .text.HardFault_Handler
                0x080051c4        0x8 CMakeFiles/maze_stm32_cubemx+clion.elf.dir/Src/stm32f1xx_it.c.obj
                0x080051c4                HardFault_Handler
 .text.MemManage_Handler
                0x080051cc        0x8 CMakeFiles/maze_stm32_cubemx+clion.elf.dir/Src/stm32f1xx_it.c.obj
                0x080051cc                MemManage_Handler
 .text.BusFault_Handler
                0x080051d4        0x8 CMakeFiles/maze_stm32_cubemx+clion.elf.dir/Src/stm32f1xx_it.c.obj
                0x080051d4                BusFault_Handler
 .text.UsageFault_Handler
                0x080051dc        0x8 CMakeFiles/maze_stm32_cubemx+clion.elf.dir/Src/stm32f1xx_it.c.obj
                0x080051dc                UsageFault_Handler
 .text.SVC_Handler
                0x080051e4        0xc CMakeFiles/maze_stm32_cubemx+clion.elf.dir/Src/stm32f1xx_it.c.obj
                0x080051e4                SVC_Handler
 .text.DebugMon_Handler
                0x080051f0        0xc CMakeFiles/maze_stm32_cubemx+clion.elf.dir/Src/stm32f1xx_it.c.obj
                0x080051f0                DebugMon_Handler
 .text.PendSV_Handler
                0x080051fc        0xc CMakeFiles/maze_stm32_cubemx+clion.elf.dir/Src/stm32f1xx_it.c.obj
                0x080051fc                PendSV_Handler
 .text.SysTick_Handler
                0x08005208        0xc CMakeFiles/maze_stm32_cubemx+clion.elf.dir/Src/stm32f1xx_it.c.obj
                0x08005208                SysTick_Handler
 .text.USART1_IRQHandler
                0x08005214       0x14 CMakeFiles/maze_stm32_cubemx+clion.elf.dir/Src/stm32f1xx_it.c.obj
                0x08005214                USART1_IRQHandler
 .text.USART2_IRQHandler
                0x08005228       0x14 CMakeFiles/maze_stm32_cubemx+clion.elf.dir/Src/stm32f1xx_it.c.obj
                0x08005228                USART2_IRQHandler
 .text.TIM6_IRQHandler
                0x0800523c       0x14 CMakeFiles/maze_stm32_cubemx+clion.elf.dir/Src/stm32f1xx_it.c.obj
                0x0800523c                TIM6_IRQHandler
 .text.TIM7_IRQHandler
                0x08005250       0x14 CMakeFiles/maze_stm32_cubemx+clion.elf.dir/Src/stm32f1xx_it.c.obj
                0x08005250                TIM7_IRQHandler
 .text.SystemInit
                0x08005264       0x68 CMakeFiles/maze_stm32_cubemx+clion.elf.dir/Src/system_stm32f1xx.c.obj
                0x08005264                SystemInit
 .text.MX_TIM3_Init
                0x080052cc       0xa8 CMakeFiles/maze_stm32_cubemx+clion.elf.dir/Src/tim.c.obj
                0x080052cc                MX_TIM3_Init
 .text.MX_TIM4_Init
                0x08005374       0xa8 CMakeFiles/maze_stm32_cubemx+clion.elf.dir/Src/tim.c.obj
                0x08005374                MX_TIM4_Init
 .text.MX_TIM6_Init
                0x0800541c       0x6c CMakeFiles/maze_stm32_cubemx+clion.elf.dir/Src/tim.c.obj
                0x0800541c                MX_TIM6_Init
 .text.MX_TIM7_Init
                0x08005488       0x6c CMakeFiles/maze_stm32_cubemx+clion.elf.dir/Src/tim.c.obj
                0x08005488                MX_TIM7_Init
 .text.MX_TIM8_Init
                0x080054f4      0x150 CMakeFiles/maze_stm32_cubemx+clion.elf.dir/Src/tim.c.obj
                0x080054f4                MX_TIM8_Init
 .text.HAL_TIM_Encoder_MspInit
                0x08005644       0xd8 CMakeFiles/maze_stm32_cubemx+clion.elf.dir/Src/tim.c.obj
                0x08005644                HAL_TIM_Encoder_MspInit
 .text.HAL_TIM_Base_MspInit
                0x0800571c       0x84 CMakeFiles/maze_stm32_cubemx+clion.elf.dir/Src/tim.c.obj
                0x0800571c                HAL_TIM_Base_MspInit
 .text.HAL_TIM_PWM_MspInit
                0x080057a0       0x3c CMakeFiles/maze_stm32_cubemx+clion.elf.dir/Src/tim.c.obj
                0x080057a0                HAL_TIM_PWM_MspInit
 .text.HAL_TIM_MspPostInit
                0x080057dc       0x68 CMakeFiles/maze_stm32_cubemx+clion.elf.dir/Src/tim.c.obj
                0x080057dc                HAL_TIM_MspPostInit
 .text.MX_USART1_UART_Init
                0x08005844       0x54 CMakeFiles/maze_stm32_cubemx+clion.elf.dir/Src/usart.c.obj
                0x08005844                MX_USART1_UART_Init
 .text.MX_USART2_UART_Init
                0x08005898       0x54 CMakeFiles/maze_stm32_cubemx+clion.elf.dir/Src/usart.c.obj
                0x08005898                MX_USART2_UART_Init
 .text.HAL_UART_MspInit
                0x080058ec      0x128 CMakeFiles/maze_stm32_cubemx+clion.elf.dir/Src/usart.c.obj
                0x080058ec                HAL_UART_MspInit
 .text.Reset_Handler
                0x08005a14       0x48 CMakeFiles/maze_stm32_cubemx+clion.elf.dir/startup/startup_stm32f103xe.s.obj
                0x08005a14                Reset_Handler
 .text.Default_Handler
                0x08005a5c        0x2 CMakeFiles/maze_stm32_cubemx+clion.elf.dir/startup/startup_stm32f103xe.s.obj
                0x08005a5c                RTC_Alarm_IRQHandler
                0x08005a5c                EXTI2_IRQHandler
                0x08005a5c                TIM8_TRG_COM_IRQHandler
                0x08005a5c                TIM8_CC_IRQHandler
                0x08005a5c                TIM1_CC_IRQHandler
                0x08005a5c                PVD_IRQHandler
                0x08005a5c                SDIO_IRQHandler
                0x08005a5c                EXTI3_IRQHandler
                0x08005a5c                EXTI0_IRQHandler
                0x08005a5c                I2C2_EV_IRQHandler
                0x08005a5c                ADC1_2_IRQHandler
                0x08005a5c                SPI1_IRQHandler
                0x08005a5c                TAMPER_IRQHandler
                0x08005a5c                TIM8_UP_IRQHandler
                0x08005a5c                DMA2_Channel2_IRQHandler
                0x08005a5c                DMA1_Channel4_IRQHandler
                0x08005a5c                USART3_IRQHandler
                0x08005a5c                RTC_IRQHandler
                0x08005a5c                DMA1_Channel7_IRQHandler
                0x08005a5c                CAN1_RX1_IRQHandler
                0x08005a5c                UART5_IRQHandler
                0x08005a5c                ADC3_IRQHandler
                0x08005a5c                TIM4_IRQHandler
                0x08005a5c                DMA2_Channel1_IRQHandler
                0x08005a5c                I2C1_EV_IRQHandler
                0x08005a5c                DMA1_Channel6_IRQHandler
                0x08005a5c                UART4_IRQHandler
                0x08005a5c                TIM3_IRQHandler
                0x08005a5c                RCC_IRQHandler
                0x08005a5c                TIM1_TRG_COM_IRQHandler
                0x08005a5c                DMA1_Channel1_IRQHandler
                0x08005a5c                Default_Handler
                0x08005a5c                EXTI15_10_IRQHandler
                0x08005a5c                TIM5_IRQHandler
                0x08005a5c                EXTI9_5_IRQHandler
                0x08005a5c                SPI2_IRQHandler
                0x08005a5c                DMA1_Channel5_IRQHandler
                0x08005a5c                EXTI4_IRQHandler
                0x08005a5c                USB_LP_CAN1_RX0_IRQHandler
                0x08005a5c                USB_HP_CAN1_TX_IRQHandler
                0x08005a5c                DMA1_Channel3_IRQHandler
                0x08005a5c                FSMC_IRQHandler
                0x08005a5c                TIM1_UP_IRQHandler
                0x08005a5c                WWDG_IRQHandler
                0x08005a5c                TIM2_IRQHandler
                0x08005a5c                TIM1_BRK_IRQHandler
                0x08005a5c                EXTI1_IRQHandler
                0x08005a5c                DMA2_Channel4_5_IRQHandler
                0x08005a5c                I2C2_ER_IRQHandler
                0x08005a5c                DMA1_Channel2_IRQHandler
                0x08005a5c                TIM8_BRK_IRQHandler
                0x08005a5c                CAN1_SCE_IRQHandler
                0x08005a5c                FLASH_IRQHandler
                0x08005a5c                SPI3_IRQHandler
                0x08005a5c                I2C1_ER_IRQHandler
                0x08005a5c                USBWakeUp_IRQHandler
                0x08005a5c                DMA2_Channel3_IRQHandler
 *fill*         0x08005a5e        0x2 
 .text.__libc_init_array
                0x08005a60       0x4c c:/progra~2/gnutoo~1/50a5a~1.420/bin/../lib/gcc/arm-none-eabi/5.4.1/../../../../arm-none-eabi/lib/armv7-m\libg_nano.a(lib_a-init.o)
                0x08005a60                __libc_init_array
 .text.memset   0x08005aac       0x10 c:/progra~2/gnutoo~1/50a5a~1.420/bin/../lib/gcc/arm-none-eabi/5.4.1/../../../../arm-none-eabi/lib/armv7-m\libg_nano.a(lib_a-memset.o)
                0x08005aac                memset
 *(.glue_7)
 .glue_7        0x08005abc        0x0 linker stubs
 *(.glue_7t)
 .glue_7t       0x08005abc        0x0 linker stubs
 *(.eh_frame)
 .eh_frame      0x08005abc        0x0 c:/progra~2/gnutoo~1/50a5a~1.420/bin/../lib/gcc/arm-none-eabi/5.4.1/armv7-m/crtbegin.o
 *(.init)
 .init          0x08005abc        0x4 c:/progra~2/gnutoo~1/50a5a~1.420/bin/../lib/gcc/arm-none-eabi/5.4.1/armv7-m/crti.o
                0x08005abc                _init
 .init          0x08005ac0        0x8 c:/progra~2/gnutoo~1/50a5a~1.420/bin/../lib/gcc/arm-none-eabi/5.4.1/armv7-m/crtn.o
 *(.fini)
 .fini          0x08005ac8        0x4 c:/progra~2/gnutoo~1/50a5a~1.420/bin/../lib/gcc/arm-none-eabi/5.4.1/armv7-m/crti.o
                0x08005ac8                _fini
 .fini          0x08005acc        0x8 c:/progra~2/gnutoo~1/50a5a~1.420/bin/../lib/gcc/arm-none-eabi/5.4.1/armv7-m/crtn.o
                0x08005ad4                . = ALIGN (0x4)
                0x08005ad4                _etext = .

.vfp11_veneer   0x08005ad4        0x0
 .vfp11_veneer  0x08005ad4        0x0 linker stubs

.v4_bx          0x08005ad4        0x0
 .v4_bx         0x08005ad4        0x0 linker stubs

.iplt           0x08005ad4        0x0
 .iplt          0x08005ad4        0x0 c:/progra~2/gnutoo~1/50a5a~1.420/bin/../lib/gcc/arm-none-eabi/5.4.1/armv7-m/crtbegin.o

.rodata         0x08005ad4      0x834
                0x08005ad4                . = ALIGN (0x4)
 *(.rodata)
 .rodata        0x08005ad4       0x12 CMakeFiles/maze_stm32_cubemx+clion.elf.dir/Drivers/STM32F1xx_HAL_Driver/Src/stm32f1xx_hal_rcc.c.obj
 *(.rodata*)
 *fill*         0x08005ae6        0x2 
 .rodata.F6x8   0x08005ae8      0x228 CMakeFiles/maze_stm32_cubemx+clion.elf.dir/Src/User/oled.c.obj
                0x08005ae8                F6x8
 .rodata.F8X16  0x08005d10      0x5e0 CMakeFiles/maze_stm32_cubemx+clion.elf.dir/Src/User/oled.c.obj
                0x08005d10                F8X16
 .rodata.AHBPrescTable
                0x080062f0       0x10 CMakeFiles/maze_stm32_cubemx+clion.elf.dir/Src/system_stm32f1xx.c.obj
                0x080062f0                AHBPrescTable
 .rodata.APBPrescTable
                0x08006300        0x8 CMakeFiles/maze_stm32_cubemx+clion.elf.dir/Src/system_stm32f1xx.c.obj
                0x08006300                APBPrescTable
                0x08006308                . = ALIGN (0x4)

.rel.dyn        0x08006308        0x0
 .rel.iplt      0x08006308        0x0 c:/progra~2/gnutoo~1/50a5a~1.420/bin/../lib/gcc/arm-none-eabi/5.4.1/armv7-m/crtbegin.o

.ARM.extab
 *(.ARM.extab* .gnu.linkonce.armextab.*)

.ARM            0x08006308        0x0
                0x08006308                __exidx_start = .
 *(.ARM.exidx*)
                0x08006308                __exidx_end = .

.preinit_array  0x08006308        0x0
                0x08006308                PROVIDE (__preinit_array_start, .)
 *(.preinit_array*)
                0x08006308                PROVIDE (__preinit_array_end, .)

.init_array     0x08006308        0x4
                0x08006308                PROVIDE (__init_array_start, .)
 *(SORT(.init_array.*))
 *(.init_array*)
 .init_array    0x08006308        0x4 c:/progra~2/gnutoo~1/50a5a~1.420/bin/../lib/gcc/arm-none-eabi/5.4.1/armv7-m/crtbegin.o
                0x0800630c                PROVIDE (__init_array_end, .)

.fini_array     0x0800630c        0x4
                [!provide]                PROVIDE (__fini_array_start, .)
 *(SORT(.fini_array.*))
 *(.fini_array*)
 .fini_array    0x0800630c        0x4 c:/progra~2/gnutoo~1/50a5a~1.420/bin/../lib/gcc/arm-none-eabi/5.4.1/armv7-m/crtbegin.o
                [!provide]                PROVIDE (__fini_array_end, .)
                0x08006310                _sidata = LOADADDR (.data)

.data           0x20000000      0x140 load address 0x08006310
                0x20000000                . = ALIGN (0x4)
                0x20000000                _sdata = .
 *(.data)
 *(.data*)
 .data.uwTickPrio
                0x20000000        0x4 CMakeFiles/maze_stm32_cubemx+clion.elf.dir/Drivers/STM32F1xx_HAL_Driver/Src/stm32f1xx_hal.c.obj
                0x20000000                uwTickPrio
 .data.uwTickFreq
                0x20000004        0x1 CMakeFiles/maze_stm32_cubemx+clion.elf.dir/Drivers/STM32F1xx_HAL_Driver/Src/stm32f1xx_hal.c.obj
                0x20000004                uwTickFreq
 *fill*         0x20000005        0x3 
 .data.Velocity_KP_A
                0x20000008        0x4 CMakeFiles/maze_stm32_cubemx+clion.elf.dir/Src/User/motor.c.obj
                0x20000008                Velocity_KP_A
 .data.Velocity_KI_A
                0x2000000c        0x4 CMakeFiles/maze_stm32_cubemx+clion.elf.dir/Src/User/motor.c.obj
                0x2000000c                Velocity_KI_A
 .data.Velocity_KP_B
                0x20000010        0x4 CMakeFiles/maze_stm32_cubemx+clion.elf.dir/Src/User/motor.c.obj
                0x20000010                Velocity_KP_B
 .data.Velocity_KI_B
                0x20000014        0x4 CMakeFiles/maze_stm32_cubemx+clion.elf.dir/Src/User/motor.c.obj
                0x20000014                Velocity_KI_B
 .data.CMD_Data
                0x20000018       0x1b CMakeFiles/maze_stm32_cubemx+clion.elf.dir/Src/User/oled.c.obj
                0x20000018                CMD_Data
 *fill*         0x20000033        0x1 
 .data.maze     0x20000034      0x100 CMakeFiles/maze_stm32_cubemx+clion.elf.dir/Src/main.c.obj
                0x20000034                maze
 .data.x.8177   0x20000134        0x1 CMakeFiles/maze_stm32_cubemx+clion.elf.dir/Src/main.c.obj
 .data.y.8178   0x20000135        0x1 CMakeFiles/maze_stm32_cubemx+clion.elf.dir/Src/main.c.obj
 .data.x.8193   0x20000136        0x1 CMakeFiles/maze_stm32_cubemx+clion.elf.dir/Src/main.c.obj
 .data.char_size.8195
                0x20000137        0x1 CMakeFiles/maze_stm32_cubemx+clion.elf.dir/Src/main.c.obj
 .data.num.8231
                0x20000138        0x1 CMakeFiles/maze_stm32_cubemx+clion.elf.dir/Src/main.c.obj
 *fill*         0x20000139        0x3 
 .data.SystemCoreClock
                0x2000013c        0x4 CMakeFiles/maze_stm32_cubemx+clion.elf.dir/Src/system_stm32f1xx.c.obj
                0x2000013c                SystemCoreClock
                0x20000140                . = ALIGN (0x4)
                0x20000140                _edata = .

.jcr            0x20000140        0x0 load address 0x08006450
 .jcr           0x20000140        0x0 c:/progra~2/gnutoo~1/50a5a~1.420/bin/../lib/gcc/arm-none-eabi/5.4.1/armv7-m/crtbegin.o

.igot.plt       0x20000140        0x0 load address 0x08006450
 .igot.plt      0x20000140        0x0 c:/progra~2/gnutoo~1/50a5a~1.420/bin/../lib/gcc/arm-none-eabi/5.4.1/armv7-m/crtbegin.o
                0x20000140                . = ALIGN (0x4)

.bss            0x20000140     0x4788 load address 0x08006450
                0x20000140                _sbss = .
                0x20000140                __bss_start__ = _sbss
 *(.bss)
 .bss           0x20000140       0x1c c:/progra~2/gnutoo~1/50a5a~1.420/bin/../lib/gcc/arm-none-eabi/5.4.1/armv7-m/crtbegin.o
 *(.bss*)
 .bss.uwTick    0x2000015c        0x4 CMakeFiles/maze_stm32_cubemx+clion.elf.dir/Drivers/STM32F1xx_HAL_Driver/Src/stm32f1xx_hal.c.obj
                0x2000015c                uwTick
 .bss.irR1      0x20000160        0x1 CMakeFiles/maze_stm32_cubemx+clion.elf.dir/Src/User/infrared.c.obj
                0x20000160                irR1
 .bss.irR2      0x20000161        0x1 CMakeFiles/maze_stm32_cubemx+clion.elf.dir/Src/User/infrared.c.obj
                0x20000161                irR2
 .bss.irR3      0x20000162        0x1 CMakeFiles/maze_stm32_cubemx+clion.elf.dir/Src/User/infrared.c.obj
                0x20000162                irR3
 .bss.irR4      0x20000163        0x1 CMakeFiles/maze_stm32_cubemx+clion.elf.dir/Src/User/infrared.c.obj
                0x20000163                irR4
 .bss.irR5      0x20000164        0x1 CMakeFiles/maze_stm32_cubemx+clion.elf.dir/Src/User/infrared.c.obj
                0x20000164                irR5
 .bss.temp.7174
                0x20000165        0x1 CMakeFiles/maze_stm32_cubemx+clion.elf.dir/Src/User/maze.c.obj
 .bss.temp.7193
                0x20000166        0x1 CMakeFiles/maze_stm32_cubemx+clion.elf.dir/Src/User/maze.c.obj
 .bss.temp.7200
                0x20000167        0x1 CMakeFiles/maze_stm32_cubemx+clion.elf.dir/Src/User/maze.c.obj
 .bss.Bias_A    0x20000168        0x4 CMakeFiles/maze_stm32_cubemx+clion.elf.dir/Src/User/motor.c.obj
                0x20000168                Bias_A
 .bss.Pwm_A     0x2000016c        0x4 CMakeFiles/maze_stm32_cubemx+clion.elf.dir/Src/User/motor.c.obj
                0x2000016c                Pwm_A
 .bss.Last_bias_A
                0x20000170        0x4 CMakeFiles/maze_stm32_cubemx+clion.elf.dir/Src/User/motor.c.obj
                0x20000170                Last_bias_A
 .bss.Bias_B    0x20000174        0x4 CMakeFiles/maze_stm32_cubemx+clion.elf.dir/Src/User/motor.c.obj
                0x20000174                Bias_B
 .bss.Pwm_B     0x20000178        0x4 CMakeFiles/maze_stm32_cubemx+clion.elf.dir/Src/User/motor.c.obj
                0x20000178                Pwm_B
 .bss.Last_bias_B
                0x2000017c        0x4 CMakeFiles/maze_stm32_cubemx+clion.elf.dir/Src/User/motor.c.obj
                0x2000017c                Last_bias_B
 .bss.oled_buffer
                0x20000180      0x400 CMakeFiles/maze_stm32_cubemx+clion.elf.dir/Src/User/oled.c.obj
                0x20000180                oled_buffer
 .bss.oled_val_buffer
                0x20000580     0x4000 CMakeFiles/maze_stm32_cubemx+clion.elf.dir/Src/User/oled.c.obj
                0x20000580                oled_val_buffer
 .bss.hi2c2     0x20004580       0x54 CMakeFiles/maze_stm32_cubemx+clion.elf.dir/Src/i2c.c.obj
                0x20004580                hi2c2
 .bss.RxBuffer1
                0x200045d4        0x1 CMakeFiles/maze_stm32_cubemx+clion.elf.dir/Src/main.c.obj
                0x200045d4                RxBuffer1
 .bss.RxBuffer2
                0x200045d5        0x1 CMakeFiles/maze_stm32_cubemx+clion.elf.dir/Src/main.c.obj
                0x200045d5                RxBuffer2
 *fill*         0x200045d6        0x2 
 .bss.leftInfo  0x200045d8       0x10 CMakeFiles/maze_stm32_cubemx+clion.elf.dir/Src/main.c.obj
                0x200045d8                leftInfo
 .bss.rightInfo
                0x200045e8       0x10 CMakeFiles/maze_stm32_cubemx+clion.elf.dir/Src/main.c.obj
                0x200045e8                rightInfo
 .bss.dirStack  0x200045f8       0xc8 CMakeFiles/maze_stm32_cubemx+clion.elf.dir/Src/main.c.obj
                0x200045f8                dirStack
 .bss.dirStackIdx
                0x200046c0        0x4 CMakeFiles/maze_stm32_cubemx+clion.elf.dir/Src/main.c.obj
                0x200046c0                dirStackIdx
 .bss.val.8147  0x200046c4        0x1 CMakeFiles/maze_stm32_cubemx+clion.elf.dir/Src/main.c.obj
 *fill*         0x200046c5        0x3 
 .bss.str_tgtA.8196
                0x200046c8        0x6 CMakeFiles/maze_stm32_cubemx+clion.elf.dir/Src/main.c.obj
 *fill*         0x200046ce        0x2 
 .bss.str_tgtB.8197
                0x200046d0        0x6 CMakeFiles/maze_stm32_cubemx+clion.elf.dir/Src/main.c.obj
 *fill*         0x200046d6        0x2 
 .bss.str_pwmA.8198
                0x200046d8        0x6 CMakeFiles/maze_stm32_cubemx+clion.elf.dir/Src/main.c.obj
 *fill*         0x200046de        0x2 
 .bss.str_pwmB.8199
                0x200046e0        0x6 CMakeFiles/maze_stm32_cubemx+clion.elf.dir/Src/main.c.obj
 *fill*         0x200046e6        0x2 
 .bss.str_encA.8200
                0x200046e8        0x6 CMakeFiles/maze_stm32_cubemx+clion.elf.dir/Src/main.c.obj
 *fill*         0x200046ee        0x2 
 .bss.str_encB.8201
                0x200046f0        0x6 CMakeFiles/maze_stm32_cubemx+clion.elf.dir/Src/main.c.obj
 *fill*         0x200046f6        0x2 
 .bss.str_addA.8202
                0x200046f8        0x6 CMakeFiles/maze_stm32_cubemx+clion.elf.dir/Src/main.c.obj
 *fill*         0x200046fe        0x2 
 .bss.str_addB.8203
                0x20004700        0x6 CMakeFiles/maze_stm32_cubemx+clion.elf.dir/Src/main.c.obj
 .bss.flag.8230
                0x20004706        0x1 CMakeFiles/maze_stm32_cubemx+clion.elf.dir/Src/main.c.obj
 *fill*         0x20004707        0x1 
 .bss.htim3     0x20004708       0x40 CMakeFiles/maze_stm32_cubemx+clion.elf.dir/Src/tim.c.obj
                0x20004708                htim3
 .bss.htim4     0x20004748       0x40 CMakeFiles/maze_stm32_cubemx+clion.elf.dir/Src/tim.c.obj
                0x20004748                htim4
 .bss.htim6     0x20004788       0x40 CMakeFiles/maze_stm32_cubemx+clion.elf.dir/Src/tim.c.obj
                0x20004788                htim6
 .bss.htim7     0x200047c8       0x40 CMakeFiles/maze_stm32_cubemx+clion.elf.dir/Src/tim.c.obj
                0x200047c8                htim7
 .bss.htim8     0x20004808       0x40 CMakeFiles/maze_stm32_cubemx+clion.elf.dir/Src/tim.c.obj
                0x20004808                htim8
 .bss.huart1    0x20004848       0x40 CMakeFiles/maze_stm32_cubemx+clion.elf.dir/Src/usart.c.obj
                0x20004848                huart1
 .bss.huart2    0x20004888       0x40 CMakeFiles/maze_stm32_cubemx+clion.elf.dir/Src/usart.c.obj
                0x20004888                huart2
 *(COMMON)
                0x200048c8                . = ALIGN (0x4)
                0x200048c8                _ebss = .
                0x200048c8                __bss_end__ = _ebss

._user_heap_stack
                0x200048c8      0x600 load address 0x08006450
                0x200048c8                . = ALIGN (0x8)
                0x200048c8                PROVIDE (end, .)
                [!provide]                PROVIDE (_end, .)
                0x20004ac8                . = (. + _Min_Heap_Size)
 *fill*         0x200048c8      0x200 
                0x20004ec8                . = (. + _Min_Stack_Size)
 *fill*         0x20004ac8      0x400 
                0x20004ec8                . = ALIGN (0x8)

/DISCARD/
 libc.a(*)
 libm.a(*)
 libgcc.a(*)

.ARM.attributes
                0x00000000       0x29
 *(.ARM.attributes)
 .ARM.attributes
                0x00000000       0x1d c:/progra~2/gnutoo~1/50a5a~1.420/bin/../lib/gcc/arm-none-eabi/5.4.1/armv7-m/crti.o
 .ARM.attributes
                0x0000001d       0x2d c:/progra~2/gnutoo~1/50a5a~1.420/bin/../lib/gcc/arm-none-eabi/5.4.1/armv7-m/crtbegin.o
 .ARM.attributes
                0x0000004a       0x33 CMakeFiles/maze_stm32_cubemx+clion.elf.dir/Drivers/STM32F1xx_HAL_Driver/Src/stm32f1xx_hal.c.obj
 .ARM.attributes
                0x0000007d       0x33 CMakeFiles/maze_stm32_cubemx+clion.elf.dir/Drivers/STM32F1xx_HAL_Driver/Src/stm32f1xx_hal_cortex.c.obj
 .ARM.attributes
                0x000000b0       0x33 CMakeFiles/maze_stm32_cubemx+clion.elf.dir/Drivers/STM32F1xx_HAL_Driver/Src/stm32f1xx_hal_dma.c.obj
 .ARM.attributes
                0x000000e3       0x33 CMakeFiles/maze_stm32_cubemx+clion.elf.dir/Drivers/STM32F1xx_HAL_Driver/Src/stm32f1xx_hal_gpio.c.obj
 .ARM.attributes
                0x00000116       0x33 CMakeFiles/maze_stm32_cubemx+clion.elf.dir/Drivers/STM32F1xx_HAL_Driver/Src/stm32f1xx_hal_i2c.c.obj
 .ARM.attributes
                0x00000149       0x33 CMakeFiles/maze_stm32_cubemx+clion.elf.dir/Drivers/STM32F1xx_HAL_Driver/Src/stm32f1xx_hal_rcc.c.obj
 .ARM.attributes
                0x0000017c       0x33 CMakeFiles/maze_stm32_cubemx+clion.elf.dir/Drivers/STM32F1xx_HAL_Driver/Src/stm32f1xx_hal_tim.c.obj
 .ARM.attributes
                0x000001af       0x33 CMakeFiles/maze_stm32_cubemx+clion.elf.dir/Drivers/STM32F1xx_HAL_Driver/Src/stm32f1xx_hal_tim_ex.c.obj
 .ARM.attributes
                0x000001e2       0x33 CMakeFiles/maze_stm32_cubemx+clion.elf.dir/Drivers/STM32F1xx_HAL_Driver/Src/stm32f1xx_hal_uart.c.obj
 .ARM.attributes
                0x00000215       0x33 CMakeFiles/maze_stm32_cubemx+clion.elf.dir/Src/User/infrared.c.obj
 .ARM.attributes
                0x00000248       0x33 CMakeFiles/maze_stm32_cubemx+clion.elf.dir/Src/User/maze.c.obj
 .ARM.attributes
                0x0000027b       0x33 CMakeFiles/maze_stm32_cubemx+clion.elf.dir/Src/User/motor.c.obj
 .ARM.attributes
                0x000002ae       0x33 CMakeFiles/maze_stm32_cubemx+clion.elf.dir/Src/User/oled.c.obj
 .ARM.attributes
                0x000002e1       0x33 CMakeFiles/maze_stm32_cubemx+clion.elf.dir/Src/gpio.c.obj
 .ARM.attributes
                0x00000314       0x33 CMakeFiles/maze_stm32_cubemx+clion.elf.dir/Src/i2c.c.obj
 .ARM.attributes
                0x00000347       0x33 CMakeFiles/maze_stm32_cubemx+clion.elf.dir/Src/main.c.obj
 .ARM.attributes
                0x0000037a       0x33 CMakeFiles/maze_stm32_cubemx+clion.elf.dir/Src/stm32f1xx_hal_msp.c.obj
 .ARM.attributes
                0x000003ad       0x33 CMakeFiles/maze_stm32_cubemx+clion.elf.dir/Src/stm32f1xx_it.c.obj
 .ARM.attributes
                0x000003e0       0x33 CMakeFiles/maze_stm32_cubemx+clion.elf.dir/Src/system_stm32f1xx.c.obj
 .ARM.attributes
                0x00000413       0x33 CMakeFiles/maze_stm32_cubemx+clion.elf.dir/Src/tim.c.obj
 .ARM.attributes
                0x00000446       0x33 CMakeFiles/maze_stm32_cubemx+clion.elf.dir/Src/usart.c.obj
 .ARM.attributes
                0x00000479       0x21 CMakeFiles/maze_stm32_cubemx+clion.elf.dir/startup/startup_stm32f103xe.s.obj
 .ARM.attributes
                0x0000049a       0x1d c:/progra~2/gnutoo~1/50a5a~1.420/bin/../lib/gcc/arm-none-eabi/5.4.1/armv7-m\libgcc.a(_arm_addsubsf3.o)
 .ARM.attributes
                0x000004b7       0x1d c:/progra~2/gnutoo~1/50a5a~1.420/bin/../lib/gcc/arm-none-eabi/5.4.1/armv7-m\libgcc.a(_arm_muldivsf3.o)
 .ARM.attributes
                0x000004d4       0x1d c:/progra~2/gnutoo~1/50a5a~1.420/bin/../lib/gcc/arm-none-eabi/5.4.1/armv7-m\libgcc.a(_arm_fixsfsi.o)
 .ARM.attributes
                0x000004f1       0x2d c:/progra~2/gnutoo~1/50a5a~1.420/bin/../lib/gcc/arm-none-eabi/5.4.1/../../../../arm-none-eabi/lib/armv7-m\libg_nano.a(lib_a-init.o)
 .ARM.attributes
                0x0000051e       0x2d c:/progra~2/gnutoo~1/50a5a~1.420/bin/../lib/gcc/arm-none-eabi/5.4.1/../../../../arm-none-eabi/lib/armv7-m\libg_nano.a(lib_a-memset.o)
 .ARM.attributes
                0x0000054b       0x1d c:/progra~2/gnutoo~1/50a5a~1.420/bin/../lib/gcc/arm-none-eabi/5.4.1/armv7-m/crtn.o
OUTPUT(maze_stm32_cubemx+clion.elf elf32-littlearm)

.debug_info     0x00000000     0xe87d
 .debug_info    0x00000000      0x6f0 CMakeFiles/maze_stm32_cubemx+clion.elf.dir/Drivers/STM32F1xx_HAL_Driver/Src/stm32f1xx_hal.c.obj
 .debug_info    0x000006f0      0xb20 CMakeFiles/maze_stm32_cubemx+clion.elf.dir/Drivers/STM32F1xx_HAL_Driver/Src/stm32f1xx_hal_cortex.c.obj
 .debug_info    0x00001210      0x6ef CMakeFiles/maze_stm32_cubemx+clion.elf.dir/Drivers/STM32F1xx_HAL_Driver/Src/stm32f1xx_hal_dma.c.obj
 .debug_info    0x000018ff      0x5ca CMakeFiles/maze_stm32_cubemx+clion.elf.dir/Drivers/STM32F1xx_HAL_Driver/Src/stm32f1xx_hal_gpio.c.obj
 .debug_info    0x00001ec9     0x23bd CMakeFiles/maze_stm32_cubemx+clion.elf.dir/Drivers/STM32F1xx_HAL_Driver/Src/stm32f1xx_hal_i2c.c.obj
 .debug_info    0x00004286      0x7c6 CMakeFiles/maze_stm32_cubemx+clion.elf.dir/Drivers/STM32F1xx_HAL_Driver/Src/stm32f1xx_hal_rcc.c.obj
 .debug_info    0x00004a4c     0x239e CMakeFiles/maze_stm32_cubemx+clion.elf.dir/Drivers/STM32F1xx_HAL_Driver/Src/stm32f1xx_hal_tim.c.obj
 .debug_info    0x00006dea     0x1049 CMakeFiles/maze_stm32_cubemx+clion.elf.dir/Drivers/STM32F1xx_HAL_Driver/Src/stm32f1xx_hal_tim_ex.c.obj
 .debug_info    0x00007e33     0x1143 CMakeFiles/maze_stm32_cubemx+clion.elf.dir/Drivers/STM32F1xx_HAL_Driver/Src/stm32f1xx_hal_uart.c.obj
 .debug_info    0x00008f76      0x1f9 CMakeFiles/maze_stm32_cubemx+clion.elf.dir/Src/User/infrared.c.obj
 .debug_info    0x0000916f      0x41a CMakeFiles/maze_stm32_cubemx+clion.elf.dir/Src/User/maze.c.obj
 .debug_info    0x00009589      0x89c CMakeFiles/maze_stm32_cubemx+clion.elf.dir/Src/User/motor.c.obj
 .debug_info    0x00009e25      0x9a2 CMakeFiles/maze_stm32_cubemx+clion.elf.dir/Src/User/oled.c.obj
 .debug_info    0x0000a7c7      0x2bc CMakeFiles/maze_stm32_cubemx+clion.elf.dir/Src/gpio.c.obj
 .debug_info    0x0000aa83      0x790 CMakeFiles/maze_stm32_cubemx+clion.elf.dir/Src/i2c.c.obj
 .debug_info    0x0000b213     0x1109 CMakeFiles/maze_stm32_cubemx+clion.elf.dir/Src/main.c.obj
 .debug_info    0x0000c31c      0x21a CMakeFiles/maze_stm32_cubemx+clion.elf.dir/Src/stm32f1xx_hal_msp.c.obj
 .debug_info    0x0000c536      0x854 CMakeFiles/maze_stm32_cubemx+clion.elf.dir/Src/stm32f1xx_it.c.obj
 .debug_info    0x0000cd8a      0x3ce CMakeFiles/maze_stm32_cubemx+clion.elf.dir/Src/system_stm32f1xx.c.obj
 .debug_info    0x0000d158      0xd2d CMakeFiles/maze_stm32_cubemx+clion.elf.dir/Src/tim.c.obj
 .debug_info    0x0000de85      0x92a CMakeFiles/maze_stm32_cubemx+clion.elf.dir/Src/usart.c.obj
 .debug_info    0x0000e7af       0xce CMakeFiles/maze_stm32_cubemx+clion.elf.dir/startup/startup_stm32f103xe.s.obj

.debug_abbrev   0x00000000     0x239c
 .debug_abbrev  0x00000000      0x1b2 CMakeFiles/maze_stm32_cubemx+clion.elf.dir/Drivers/STM32F1xx_HAL_Driver/Src/stm32f1xx_hal.c.obj
 .debug_abbrev  0x000001b2      0x2bd CMakeFiles/maze_stm32_cubemx+clion.elf.dir/Drivers/STM32F1xx_HAL_Driver/Src/stm32f1xx_hal_cortex.c.obj
 .debug_abbrev  0x0000046f      0x1b3 CMakeFiles/maze_stm32_cubemx+clion.elf.dir/Drivers/STM32F1xx_HAL_Driver/Src/stm32f1xx_hal_dma.c.obj
 .debug_abbrev  0x00000622      0x1a1 CMakeFiles/maze_stm32_cubemx+clion.elf.dir/Drivers/STM32F1xx_HAL_Driver/Src/stm32f1xx_hal_gpio.c.obj
 .debug_abbrev  0x000007c3      0x238 CMakeFiles/maze_stm32_cubemx+clion.elf.dir/Drivers/STM32F1xx_HAL_Driver/Src/stm32f1xx_hal_i2c.c.obj
 .debug_abbrev  0x000009fb      0x23e CMakeFiles/maze_stm32_cubemx+clion.elf.dir/Drivers/STM32F1xx_HAL_Driver/Src/stm32f1xx_hal_rcc.c.obj
 .debug_abbrev  0x00000c39      0x1f5 CMakeFiles/maze_stm32_cubemx+clion.elf.dir/Drivers/STM32F1xx_HAL_Driver/Src/stm32f1xx_hal_tim.c.obj
 .debug_abbrev  0x00000e2e      0x1fd CMakeFiles/maze_stm32_cubemx+clion.elf.dir/Drivers/STM32F1xx_HAL_Driver/Src/stm32f1xx_hal_tim_ex.c.obj
 .debug_abbrev  0x0000102b      0x1f7 CMakeFiles/maze_stm32_cubemx+clion.elf.dir/Drivers/STM32F1xx_HAL_Driver/Src/stm32f1xx_hal_uart.c.obj
 .debug_abbrev  0x00001222      0x102 CMakeFiles/maze_stm32_cubemx+clion.elf.dir/Src/User/infrared.c.obj
 .debug_abbrev  0x00001324      0x110 CMakeFiles/maze_stm32_cubemx+clion.elf.dir/Src/User/maze.c.obj
 .debug_abbrev  0x00001434      0x18c CMakeFiles/maze_stm32_cubemx+clion.elf.dir/Src/User/motor.c.obj
 .debug_abbrev  0x000015c0      0x1df CMakeFiles/maze_stm32_cubemx+clion.elf.dir/Src/User/oled.c.obj
 .debug_abbrev  0x0000179f      0x105 CMakeFiles/maze_stm32_cubemx+clion.elf.dir/Src/gpio.c.obj
 .debug_abbrev  0x000018a4      0x16c CMakeFiles/maze_stm32_cubemx+clion.elf.dir/Src/i2c.c.obj
 .debug_abbrev  0x00001a10      0x2cc CMakeFiles/maze_stm32_cubemx+clion.elf.dir/Src/main.c.obj
 .debug_abbrev  0x00001cdc       0xd4 CMakeFiles/maze_stm32_cubemx+clion.elf.dir/Src/stm32f1xx_hal_msp.c.obj
 .debug_abbrev  0x00001db0      0x14a CMakeFiles/maze_stm32_cubemx+clion.elf.dir/Src/stm32f1xx_it.c.obj
 .debug_abbrev  0x00001efa      0x120 CMakeFiles/maze_stm32_cubemx+clion.elf.dir/Src/system_stm32f1xx.c.obj
 .debug_abbrev  0x0000201a      0x1d0 CMakeFiles/maze_stm32_cubemx+clion.elf.dir/Src/tim.c.obj
 .debug_abbrev  0x000021ea      0x1a0 CMakeFiles/maze_stm32_cubemx+clion.elf.dir/Src/usart.c.obj
 .debug_abbrev  0x0000238a       0x12 CMakeFiles/maze_stm32_cubemx+clion.elf.dir/startup/startup_stm32f103xe.s.obj

.debug_aranges  0x00000000     0x10d0
 .debug_aranges
                0x00000000       0xe0 CMakeFiles/maze_stm32_cubemx+clion.elf.dir/Drivers/STM32F1xx_HAL_Driver/Src/stm32f1xx_hal.c.obj
 .debug_aranges
                0x000000e0      0x100 CMakeFiles/maze_stm32_cubemx+clion.elf.dir/Drivers/STM32F1xx_HAL_Driver/Src/stm32f1xx_hal_cortex.c.obj
 .debug_aranges
                0x000001e0       0x80 CMakeFiles/maze_stm32_cubemx+clion.elf.dir/Drivers/STM32F1xx_HAL_Driver/Src/stm32f1xx_hal_dma.c.obj
 .debug_aranges
                0x00000260       0x58 CMakeFiles/maze_stm32_cubemx+clion.elf.dir/Drivers/STM32F1xx_HAL_Driver/Src/stm32f1xx_hal_gpio.c.obj
 .debug_aranges
                0x000002b8      0x290 CMakeFiles/maze_stm32_cubemx+clion.elf.dir/Drivers/STM32F1xx_HAL_Driver/Src/stm32f1xx_hal_i2c.c.obj
 .debug_aranges
                0x00000548       0x90 CMakeFiles/maze_stm32_cubemx+clion.elf.dir/Drivers/STM32F1xx_HAL_Driver/Src/stm32f1xx_hal_rcc.c.obj
 .debug_aranges
                0x000005d8      0x3a8 CMakeFiles/maze_stm32_cubemx+clion.elf.dir/Drivers/STM32F1xx_HAL_Driver/Src/stm32f1xx_hal_tim.c.obj
 .debug_aranges
                0x00000980      0x150 CMakeFiles/maze_stm32_cubemx+clion.elf.dir/Drivers/STM32F1xx_HAL_Driver/Src/stm32f1xx_hal_tim_ex.c.obj
 .debug_aranges
                0x00000ad0      0x1d0 CMakeFiles/maze_stm32_cubemx+clion.elf.dir/Drivers/STM32F1xx_HAL_Driver/Src/stm32f1xx_hal_uart.c.obj
 .debug_aranges
                0x00000ca0       0x28 CMakeFiles/maze_stm32_cubemx+clion.elf.dir/Src/User/infrared.c.obj
 .debug_aranges
                0x00000cc8       0x60 CMakeFiles/maze_stm32_cubemx+clion.elf.dir/Src/User/maze.c.obj
 .debug_aranges
                0x00000d28       0x68 CMakeFiles/maze_stm32_cubemx+clion.elf.dir/Src/User/motor.c.obj
 .debug_aranges
                0x00000d90       0x90 CMakeFiles/maze_stm32_cubemx+clion.elf.dir/Src/User/oled.c.obj
 .debug_aranges
                0x00000e20       0x20 CMakeFiles/maze_stm32_cubemx+clion.elf.dir/Src/gpio.c.obj
 .debug_aranges
                0x00000e40       0x30 CMakeFiles/maze_stm32_cubemx+clion.elf.dir/Src/i2c.c.obj
 .debug_aranges
                0x00000e70       0xb8 CMakeFiles/maze_stm32_cubemx+clion.elf.dir/Src/main.c.obj
 .debug_aranges
                0x00000f28       0x20 CMakeFiles/maze_stm32_cubemx+clion.elf.dir/Src/stm32f1xx_hal_msp.c.obj
 .debug_aranges
                0x00000f48       0x80 CMakeFiles/maze_stm32_cubemx+clion.elf.dir/Src/stm32f1xx_it.c.obj
 .debug_aranges
                0x00000fc8       0x28 CMakeFiles/maze_stm32_cubemx+clion.elf.dir/Src/system_stm32f1xx.c.obj
 .debug_aranges
                0x00000ff0       0x78 CMakeFiles/maze_stm32_cubemx+clion.elf.dir/Src/tim.c.obj
 .debug_aranges
                0x00001068       0x40 CMakeFiles/maze_stm32_cubemx+clion.elf.dir/Src/usart.c.obj
 .debug_aranges
                0x000010a8       0x28 CMakeFiles/maze_stm32_cubemx+clion.elf.dir/startup/startup_stm32f103xe.s.obj

.debug_ranges   0x00000000      0xf98
 .debug_ranges  0x00000000       0xd0 CMakeFiles/maze_stm32_cubemx+clion.elf.dir/Drivers/STM32F1xx_HAL_Driver/Src/stm32f1xx_hal.c.obj
 .debug_ranges  0x000000d0       0xf0 CMakeFiles/maze_stm32_cubemx+clion.elf.dir/Drivers/STM32F1xx_HAL_Driver/Src/stm32f1xx_hal_cortex.c.obj
 .debug_ranges  0x000001c0       0x70 CMakeFiles/maze_stm32_cubemx+clion.elf.dir/Drivers/STM32F1xx_HAL_Driver/Src/stm32f1xx_hal_dma.c.obj
 .debug_ranges  0x00000230       0x48 CMakeFiles/maze_stm32_cubemx+clion.elf.dir/Drivers/STM32F1xx_HAL_Driver/Src/stm32f1xx_hal_gpio.c.obj
 .debug_ranges  0x00000278      0x2a0 CMakeFiles/maze_stm32_cubemx+clion.elf.dir/Drivers/STM32F1xx_HAL_Driver/Src/stm32f1xx_hal_i2c.c.obj
 .debug_ranges  0x00000518       0x80 CMakeFiles/maze_stm32_cubemx+clion.elf.dir/Drivers/STM32F1xx_HAL_Driver/Src/stm32f1xx_hal_rcc.c.obj
 .debug_ranges  0x00000598      0x398 CMakeFiles/maze_stm32_cubemx+clion.elf.dir/Drivers/STM32F1xx_HAL_Driver/Src/stm32f1xx_hal_tim.c.obj
 .debug_ranges  0x00000930      0x140 CMakeFiles/maze_stm32_cubemx+clion.elf.dir/Drivers/STM32F1xx_HAL_Driver/Src/stm32f1xx_hal_tim_ex.c.obj
 .debug_ranges  0x00000a70      0x1c0 CMakeFiles/maze_stm32_cubemx+clion.elf.dir/Drivers/STM32F1xx_HAL_Driver/Src/stm32f1xx_hal_uart.c.obj
 .debug_ranges  0x00000c30       0x18 CMakeFiles/maze_stm32_cubemx+clion.elf.dir/Src/User/infrared.c.obj
 .debug_ranges  0x00000c48       0x50 CMakeFiles/maze_stm32_cubemx+clion.elf.dir/Src/User/maze.c.obj
 .debug_ranges  0x00000c98       0x58 CMakeFiles/maze_stm32_cubemx+clion.elf.dir/Src/User/motor.c.obj
 .debug_ranges  0x00000cf0       0x80 CMakeFiles/maze_stm32_cubemx+clion.elf.dir/Src/User/oled.c.obj
 .debug_ranges  0x00000d70       0x10 CMakeFiles/maze_stm32_cubemx+clion.elf.dir/Src/gpio.c.obj
 .debug_ranges  0x00000d80       0x20 CMakeFiles/maze_stm32_cubemx+clion.elf.dir/Src/i2c.c.obj
 .debug_ranges  0x00000da0       0xa8 CMakeFiles/maze_stm32_cubemx+clion.elf.dir/Src/main.c.obj
 .debug_ranges  0x00000e48       0x10 CMakeFiles/maze_stm32_cubemx+clion.elf.dir/Src/stm32f1xx_hal_msp.c.obj
 .debug_ranges  0x00000e58       0x70 CMakeFiles/maze_stm32_cubemx+clion.elf.dir/Src/stm32f1xx_it.c.obj
 .debug_ranges  0x00000ec8       0x18 CMakeFiles/maze_stm32_cubemx+clion.elf.dir/Src/system_stm32f1xx.c.obj
 .debug_ranges  0x00000ee0       0x68 CMakeFiles/maze_stm32_cubemx+clion.elf.dir/Src/tim.c.obj
 .debug_ranges  0x00000f48       0x30 CMakeFiles/maze_stm32_cubemx+clion.elf.dir/Src/usart.c.obj
 .debug_ranges  0x00000f78       0x20 CMakeFiles/maze_stm32_cubemx+clion.elf.dir/startup/startup_stm32f103xe.s.obj

.debug_line     0x00000000     0x8ac4
 .debug_line    0x00000000      0x482 CMakeFiles/maze_stm32_cubemx+clion.elf.dir/Drivers/STM32F1xx_HAL_Driver/Src/stm32f1xx_hal.c.obj
 .debug_line    0x00000482      0x4d2 CMakeFiles/maze_stm32_cubemx+clion.elf.dir/Drivers/STM32F1xx_HAL_Driver/Src/stm32f1xx_hal_cortex.c.obj
 .debug_line    0x00000954      0xb68 CMakeFiles/maze_stm32_cubemx+clion.elf.dir/Drivers/STM32F1xx_HAL_Driver/Src/stm32f1xx_hal_dma.c.obj
 .debug_line    0x000014bc      0x499 CMakeFiles/maze_stm32_cubemx+clion.elf.dir/Drivers/STM32F1xx_HAL_Driver/Src/stm32f1xx_hal_gpio.c.obj
 .debug_line    0x00001955     0x177e CMakeFiles/maze_stm32_cubemx+clion.elf.dir/Drivers/STM32F1xx_HAL_Driver/Src/stm32f1xx_hal_i2c.c.obj
 .debug_line    0x000030d3      0x59c CMakeFiles/maze_stm32_cubemx+clion.elf.dir/Drivers/STM32F1xx_HAL_Driver/Src/stm32f1xx_hal_rcc.c.obj
 .debug_line    0x0000366f     0x1512 CMakeFiles/maze_stm32_cubemx+clion.elf.dir/Drivers/STM32F1xx_HAL_Driver/Src/stm32f1xx_hal_tim.c.obj
 .debug_line    0x00004b81      0x8c3 CMakeFiles/maze_stm32_cubemx+clion.elf.dir/Drivers/STM32F1xx_HAL_Driver/Src/stm32f1xx_hal_tim_ex.c.obj
 .debug_line    0x00005444      0xba2 CMakeFiles/maze_stm32_cubemx+clion.elf.dir/Drivers/STM32F1xx_HAL_Driver/Src/stm32f1xx_hal_uart.c.obj
 .debug_line    0x00005fe6      0x29f CMakeFiles/maze_stm32_cubemx+clion.elf.dir/Src/User/infrared.c.obj
 .debug_line    0x00006285      0x2c9 CMakeFiles/maze_stm32_cubemx+clion.elf.dir/Src/User/maze.c.obj
 .debug_line    0x0000654e      0x41f CMakeFiles/maze_stm32_cubemx+clion.elf.dir/Src/User/motor.c.obj
 .debug_line    0x0000696d      0x4fb CMakeFiles/maze_stm32_cubemx+clion.elf.dir/Src/User/oled.c.obj
 .debug_line    0x00006e68      0x27b CMakeFiles/maze_stm32_cubemx+clion.elf.dir/Src/gpio.c.obj
 .debug_line    0x000070e3      0x2dd CMakeFiles/maze_stm32_cubemx+clion.elf.dir/Src/i2c.c.obj
 .debug_line    0x000073c0      0x738 CMakeFiles/maze_stm32_cubemx+clion.elf.dir/Src/main.c.obj
 .debug_line    0x00007af8      0x1fd CMakeFiles/maze_stm32_cubemx+clion.elf.dir/Src/stm32f1xx_hal_msp.c.obj
 .debug_line    0x00007cf5      0x391 CMakeFiles/maze_stm32_cubemx+clion.elf.dir/Src/stm32f1xx_it.c.obj
 .debug_line    0x00008086      0x246 CMakeFiles/maze_stm32_cubemx+clion.elf.dir/Src/system_stm32f1xx.c.obj
 .debug_line    0x000082cc      0x412 CMakeFiles/maze_stm32_cubemx+clion.elf.dir/Src/tim.c.obj
 .debug_line    0x000086de      0x32f CMakeFiles/maze_stm32_cubemx+clion.elf.dir/Src/usart.c.obj
 .debug_line    0x00008a0d       0xb7 CMakeFiles/maze_stm32_cubemx+clion.elf.dir/startup/startup_stm32f103xe.s.obj

.debug_str      0x00000000     0x4920
 .debug_str     0x00000000      0x89c CMakeFiles/maze_stm32_cubemx+clion.elf.dir/Drivers/STM32F1xx_HAL_Driver/Src/stm32f1xx_hal.c.obj
                                0x8f8 (size before relaxing)
 .debug_str     0x0000089c      0x44e CMakeFiles/maze_stm32_cubemx+clion.elf.dir/Drivers/STM32F1xx_HAL_Driver/Src/stm32f1xx_hal_cortex.c.obj
                                0x9e7 (size before relaxing)
 .debug_str     0x00000cea      0x420 CMakeFiles/maze_stm32_cubemx+clion.elf.dir/Drivers/STM32F1xx_HAL_Driver/Src/stm32f1xx_hal_dma.c.obj
                                0x633 (size before relaxing)
 .debug_str     0x0000110a      0x1fe CMakeFiles/maze_stm32_cubemx+clion.elf.dir/Drivers/STM32F1xx_HAL_Driver/Src/stm32f1xx_hal_gpio.c.obj
                                0x442 (size before relaxing)
 .debug_str     0x00001308      0xb3a CMakeFiles/maze_stm32_cubemx+clion.elf.dir/Drivers/STM32F1xx_HAL_Driver/Src/stm32f1xx_hal_i2c.c.obj
                                0xf73 (size before relaxing)
 .debug_str     0x00001e42      0x375 CMakeFiles/maze_stm32_cubemx+clion.elf.dir/Drivers/STM32F1xx_HAL_Driver/Src/stm32f1xx_hal_rcc.c.obj
                                0x646 (size before relaxing)
 .debug_str     0x000021b7      0xff9 CMakeFiles/maze_stm32_cubemx+clion.elf.dir/Drivers/STM32F1xx_HAL_Driver/Src/stm32f1xx_hal_tim.c.obj
                               0x1420 (size before relaxing)
 .debug_str     0x000031b0      0x5b3 CMakeFiles/maze_stm32_cubemx+clion.elf.dir/Drivers/STM32F1xx_HAL_Driver/Src/stm32f1xx_hal_tim_ex.c.obj
                                0xc20 (size before relaxing)
 .debug_str     0x00003763      0x6fa CMakeFiles/maze_stm32_cubemx+clion.elf.dir/Drivers/STM32F1xx_HAL_Driver/Src/stm32f1xx_hal_uart.c.obj
                                0xb56 (size before relaxing)
 .debug_str     0x00003e5d       0x82 CMakeFiles/maze_stm32_cubemx+clion.elf.dir/Src/User/infrared.c.obj
                                0x255 (size before relaxing)
 .debug_str     0x00003edf      0x128 CMakeFiles/maze_stm32_cubemx+clion.elf.dir/Src/User/maze.c.obj
                                0x2db (size before relaxing)
 .debug_str     0x00004007      0x167 CMakeFiles/maze_stm32_cubemx+clion.elf.dir/Src/User/motor.c.obj
                                0x6a6 (size before relaxing)
 .debug_str     0x0000416e      0x16c CMakeFiles/maze_stm32_cubemx+clion.elf.dir/Src/User/oled.c.obj
                                0x78d (size before relaxing)
 .debug_str     0x000042da       0x65 CMakeFiles/maze_stm32_cubemx+clion.elf.dir/Src/gpio.c.obj
                                0x29a (size before relaxing)
 .debug_str     0x0000433f       0x5e CMakeFiles/maze_stm32_cubemx+clion.elf.dir/Src/i2c.c.obj
                                0x74c (size before relaxing)
 .debug_str     0x0000439d      0x21b CMakeFiles/maze_stm32_cubemx+clion.elf.dir/Src/main.c.obj
                                0xb7a (size before relaxing)
 .debug_str     0x000045b8       0x55 CMakeFiles/maze_stm32_cubemx+clion.elf.dir/Src/stm32f1xx_hal_msp.c.obj
                                0x25c (size before relaxing)
 .debug_str     0x0000460d      0x124 CMakeFiles/maze_stm32_cubemx+clion.elf.dir/Src/stm32f1xx_it.c.obj
                                0x84d (size before relaxing)
 .debug_str     0x00004731       0x87 CMakeFiles/maze_stm32_cubemx+clion.elf.dir/Src/system_stm32f1xx.c.obj
                                0x2ef (size before relaxing)
 .debug_str     0x000047b8       0xdf CMakeFiles/maze_stm32_cubemx+clion.elf.dir/Src/tim.c.obj
                                0xd08 (size before relaxing)
 .debug_str     0x00004897       0x89 CMakeFiles/maze_stm32_cubemx+clion.elf.dir/Src/usart.c.obj
                                0xa57 (size before relaxing)

.comment        0x00000000       0x6e
 .comment       0x00000000       0x6e CMakeFiles/maze_stm32_cubemx+clion.elf.dir/Drivers/STM32F1xx_HAL_Driver/Src/stm32f1xx_hal.c.obj
                                 0x6f (size before relaxing)
 .comment       0x0000006e       0x6f CMakeFiles/maze_stm32_cubemx+clion.elf.dir/Drivers/STM32F1xx_HAL_Driver/Src/stm32f1xx_hal_cortex.c.obj
 .comment       0x0000006e       0x6f CMakeFiles/maze_stm32_cubemx+clion.elf.dir/Drivers/STM32F1xx_HAL_Driver/Src/stm32f1xx_hal_dma.c.obj
 .comment       0x0000006e       0x6f CMakeFiles/maze_stm32_cubemx+clion.elf.dir/Drivers/STM32F1xx_HAL_Driver/Src/stm32f1xx_hal_gpio.c.obj
 .comment       0x0000006e       0x6f CMakeFiles/maze_stm32_cubemx+clion.elf.dir/Drivers/STM32F1xx_HAL_Driver/Src/stm32f1xx_hal_i2c.c.obj
 .comment       0x0000006e       0x6f CMakeFiles/maze_stm32_cubemx+clion.elf.dir/Drivers/STM32F1xx_HAL_Driver/Src/stm32f1xx_hal_rcc.c.obj
 .comment       0x0000006e       0x6f CMakeFiles/maze_stm32_cubemx+clion.elf.dir/Drivers/STM32F1xx_HAL_Driver/Src/stm32f1xx_hal_tim.c.obj
 .comment       0x0000006e       0x6f CMakeFiles/maze_stm32_cubemx+clion.elf.dir/Drivers/STM32F1xx_HAL_Driver/Src/stm32f1xx_hal_tim_ex.c.obj
 .comment       0x0000006e       0x6f CMakeFiles/maze_stm32_cubemx+clion.elf.dir/Drivers/STM32F1xx_HAL_Driver/Src/stm32f1xx_hal_uart.c.obj
 .comment       0x0000006e       0x6f CMakeFiles/maze_stm32_cubemx+clion.elf.dir/Src/User/infrared.c.obj
 .comment       0x0000006e       0x6f CMakeFiles/maze_stm32_cubemx+clion.elf.dir/Src/User/maze.c.obj
 .comment       0x0000006e       0x6f CMakeFiles/maze_stm32_cubemx+clion.elf.dir/Src/User/motor.c.obj
 .comment       0x0000006e       0x6f CMakeFiles/maze_stm32_cubemx+clion.elf.dir/Src/User/oled.c.obj
 .comment       0x0000006e       0x6f CMakeFiles/maze_stm32_cubemx+clion.elf.dir/Src/gpio.c.obj
 .comment       0x0000006e       0x6f CMakeFiles/maze_stm32_cubemx+clion.elf.dir/Src/i2c.c.obj
 .comment       0x0000006e       0x6f CMakeFiles/maze_stm32_cubemx+clion.elf.dir/Src/main.c.obj
 .comment       0x0000006e       0x6f CMakeFiles/maze_stm32_cubemx+clion.elf.dir/Src/stm32f1xx_hal_msp.c.obj
 .comment       0x0000006e       0x6f CMakeFiles/maze_stm32_cubemx+clion.elf.dir/Src/stm32f1xx_it.c.obj
 .comment       0x0000006e       0x6f CMakeFiles/maze_stm32_cubemx+clion.elf.dir/Src/system_stm32f1xx.c.obj
 .comment       0x0000006e       0x6f CMakeFiles/maze_stm32_cubemx+clion.elf.dir/Src/tim.c.obj
 .comment       0x0000006e       0x6f CMakeFiles/maze_stm32_cubemx+clion.elf.dir/Src/usart.c.obj

.debug_frame    0x00000000     0x45a8
 .debug_frame   0x00000000      0x334 CMakeFiles/maze_stm32_cubemx+clion.elf.dir/Drivers/STM32F1xx_HAL_Driver/Src/stm32f1xx_hal.c.obj
 .debug_frame   0x00000334      0x428 CMakeFiles/maze_stm32_cubemx+clion.elf.dir/Drivers/STM32F1xx_HAL_Driver/Src/stm32f1xx_hal_cortex.c.obj
 .debug_frame   0x0000075c      0x20c CMakeFiles/maze_stm32_cubemx+clion.elf.dir/Drivers/STM32F1xx_HAL_Driver/Src/stm32f1xx_hal_dma.c.obj
 .debug_frame   0x00000968      0x14c CMakeFiles/maze_stm32_cubemx+clion.elf.dir/Drivers/STM32F1xx_HAL_Driver/Src/stm32f1xx_hal_gpio.c.obj
 .debug_frame   0x00000ab4      0xc08 CMakeFiles/maze_stm32_cubemx+clion.elf.dir/Drivers/STM32F1xx_HAL_Driver/Src/stm32f1xx_hal_i2c.c.obj
 .debug_frame   0x000016bc      0x21c CMakeFiles/maze_stm32_cubemx+clion.elf.dir/Drivers/STM32F1xx_HAL_Driver/Src/stm32f1xx_hal_rcc.c.obj
 .debug_frame   0x000018d8     0x10f0 CMakeFiles/maze_stm32_cubemx+clion.elf.dir/Drivers/STM32F1xx_HAL_Driver/Src/stm32f1xx_hal_tim.c.obj
 .debug_frame   0x000029c8      0x5c0 CMakeFiles/maze_stm32_cubemx+clion.elf.dir/Drivers/STM32F1xx_HAL_Driver/Src/stm32f1xx_hal_tim_ex.c.obj
 .debug_frame   0x00002f88      0x838 CMakeFiles/maze_stm32_cubemx+clion.elf.dir/Drivers/STM32F1xx_HAL_Driver/Src/stm32f1xx_hal_uart.c.obj
 .debug_frame   0x000037c0       0x5c CMakeFiles/maze_stm32_cubemx+clion.elf.dir/Src/User/infrared.c.obj
 .debug_frame   0x0000381c      0x174 CMakeFiles/maze_stm32_cubemx+clion.elf.dir/Src/User/maze.c.obj
 .debug_frame   0x00003990      0x1a0 CMakeFiles/maze_stm32_cubemx+clion.elf.dir/Src/User/motor.c.obj
 .debug_frame   0x00003b30      0x220 CMakeFiles/maze_stm32_cubemx+clion.elf.dir/Src/User/oled.c.obj
 .debug_frame   0x00003d50       0x34 CMakeFiles/maze_stm32_cubemx+clion.elf.dir/Src/gpio.c.obj
 .debug_frame   0x00003d84       0x74 CMakeFiles/maze_stm32_cubemx+clion.elf.dir/Src/i2c.c.obj
 .debug_frame   0x00003df8      0x2dc CMakeFiles/maze_stm32_cubemx+clion.elf.dir/Src/main.c.obj
 .debug_frame   0x000040d4       0x38 CMakeFiles/maze_stm32_cubemx+clion.elf.dir/Src/stm32f1xx_hal_msp.c.obj
 .debug_frame   0x0000410c      0x17c CMakeFiles/maze_stm32_cubemx+clion.elf.dir/Src/stm32f1xx_it.c.obj
 .debug_frame   0x00004288       0x58 CMakeFiles/maze_stm32_cubemx+clion.elf.dir/Src/system_stm32f1xx.c.obj
 .debug_frame   0x000042e0      0x1c8 CMakeFiles/maze_stm32_cubemx+clion.elf.dir/Src/tim.c.obj
 .debug_frame   0x000044a8       0xb4 CMakeFiles/maze_stm32_cubemx+clion.elf.dir/Src/usart.c.obj
 .debug_frame   0x0000455c       0x2c c:/progra~2/gnutoo~1/50a5a~1.420/bin/../lib/gcc/arm-none-eabi/5.4.1/../../../../arm-none-eabi/lib/armv7-m\libg_nano.a(lib_a-init.o)
 .debug_frame   0x00004588       0x20 c:/progra~2/gnutoo~1/50a5a~1.420/bin/../lib/gcc/arm-none-eabi/5.4.1/../../../../arm-none-eabi/lib/armv7-m\libg_nano.a(lib_a-memset.o)
