Archive member included to satisfy reference by file (symbol)

c:/progra~2/gnutoo~1/50a5a~1.420/bin/../lib/gcc/arm-none-eabi/5.4.1/../../../../arm-none-eabi/lib/armv7-m\libg_nano.a(lib_a-errno.o)
                              CMakeFiles/maze_stm32_cubemx+clion.elf.dir/Src/syscalls.c.obj (__errno)
c:/progra~2/gnutoo~1/50a5a~1.420/bin/../lib/gcc/arm-none-eabi/5.4.1/../../../../arm-none-eabi/lib/armv7-m\libg_nano.a(lib_a-exit.o)
                              c:/progra~2/gnutoo~1/50a5a~1.420/bin/../lib/gcc/arm-none-eabi/5.4.1/../../../../arm-none-eabi/lib/armv7-m/crt0.o (exit)
c:/progra~2/gnutoo~1/50a5a~1.420/bin/../lib/gcc/arm-none-eabi/5.4.1/../../../../arm-none-eabi/lib/armv7-m\libg_nano.a(lib_a-impure.o)
                              c:/progra~2/gnutoo~1/50a5a~1.420/bin/../lib/gcc/arm-none-eabi/5.4.1/../../../../arm-none-eabi/lib/armv7-m\libg_nano.a(lib_a-exit.o) (_global_impure_ptr)
c:/progra~2/gnutoo~1/50a5a~1.420/bin/../lib/gcc/arm-none-eabi/5.4.1/../../../../arm-none-eabi/lib/armv7-m\libg_nano.a(lib_a-init.o)
                              c:/progra~2/gnutoo~1/50a5a~1.420/bin/../lib/gcc/arm-none-eabi/5.4.1/../../../../arm-none-eabi/lib/armv7-m/crt0.o (__libc_init_array)
c:/progra~2/gnutoo~1/50a5a~1.420/bin/../lib/gcc/arm-none-eabi/5.4.1/../../../../arm-none-eabi/lib/armv7-m\libg_nano.a(lib_a-malloc.o)
                              CMakeFiles/maze_stm32_cubemx+clion.elf.dir/Src/User/queue.c.obj (malloc)
c:/progra~2/gnutoo~1/50a5a~1.420/bin/../lib/gcc/arm-none-eabi/5.4.1/../../../../arm-none-eabi/lib/armv7-m\libg_nano.a(lib_a-memset.o)
                              c:/progra~2/gnutoo~1/50a5a~1.420/bin/../lib/gcc/arm-none-eabi/5.4.1/../../../../arm-none-eabi/lib/armv7-m/crt0.o (memset)
c:/progra~2/gnutoo~1/50a5a~1.420/bin/../lib/gcc/arm-none-eabi/5.4.1/../../../../arm-none-eabi/lib/armv7-m\libg_nano.a(lib_a-nano-freer.o)
                              c:/progra~2/gnutoo~1/50a5a~1.420/bin/../lib/gcc/arm-none-eabi/5.4.1/../../../../arm-none-eabi/lib/armv7-m\libg_nano.a(lib_a-malloc.o) (_free_r)
c:/progra~2/gnutoo~1/50a5a~1.420/bin/../lib/gcc/arm-none-eabi/5.4.1/../../../../arm-none-eabi/lib/armv7-m\libg_nano.a(lib_a-nano-mallocr.o)
                              c:/progra~2/gnutoo~1/50a5a~1.420/bin/../lib/gcc/arm-none-eabi/5.4.1/../../../../arm-none-eabi/lib/armv7-m\libg_nano.a(lib_a-malloc.o) (_malloc_r)
c:/progra~2/gnutoo~1/50a5a~1.420/bin/../lib/gcc/arm-none-eabi/5.4.1/../../../../arm-none-eabi/lib/armv7-m\libg_nano.a(lib_a-printf.o)
                              CMakeFiles/maze_stm32_cubemx+clion.elf.dir/Src/User/maze.c.obj (printf)
c:/progra~2/gnutoo~1/50a5a~1.420/bin/../lib/gcc/arm-none-eabi/5.4.1/../../../../arm-none-eabi/lib/armv7-m\libg_nano.a(lib_a-putchar.o)
                              CMakeFiles/maze_stm32_cubemx+clion.elf.dir/Src/User/maze.c.obj (putchar)
c:/progra~2/gnutoo~1/50a5a~1.420/bin/../lib/gcc/arm-none-eabi/5.4.1/../../../../arm-none-eabi/lib/armv7-m\libg_nano.a(lib_a-sbrkr.o)
                              c:/progra~2/gnutoo~1/50a5a~1.420/bin/../lib/gcc/arm-none-eabi/5.4.1/../../../../arm-none-eabi/lib/armv7-m\libg_nano.a(lib_a-nano-mallocr.o) (_sbrk_r)
c:/progra~2/gnutoo~1/50a5a~1.420/bin/../lib/gcc/arm-none-eabi/5.4.1/../../../../arm-none-eabi/lib/armv7-m\libg_nano.a(lib_a-findfp.o)
                              c:/progra~2/gnutoo~1/50a5a~1.420/bin/../lib/gcc/arm-none-eabi/5.4.1/../../../../arm-none-eabi/lib/armv7-m\libg_nano.a(lib_a-printf.o) (__sinit)
c:/progra~2/gnutoo~1/50a5a~1.420/bin/../lib/gcc/arm-none-eabi/5.4.1/../../../../arm-none-eabi/lib/armv7-m\libg_nano.a(lib_a-fwalk.o)
                              c:/progra~2/gnutoo~1/50a5a~1.420/bin/../lib/gcc/arm-none-eabi/5.4.1/../../../../arm-none-eabi/lib/armv7-m\libg_nano.a(lib_a-findfp.o) (_fwalk)
c:/progra~2/gnutoo~1/50a5a~1.420/bin/../lib/gcc/arm-none-eabi/5.4.1/../../../../arm-none-eabi/lib/armv7-m\libg_nano.a(lib_a-mlock.o)
                              c:/progra~2/gnutoo~1/50a5a~1.420/bin/../lib/gcc/arm-none-eabi/5.4.1/../../../../arm-none-eabi/lib/armv7-m\libg_nano.a(lib_a-nano-freer.o) (__malloc_lock)
c:/progra~2/gnutoo~1/50a5a~1.420/bin/../lib/gcc/arm-none-eabi/5.4.1/../../../../arm-none-eabi/lib/armv7-m\libg_nano.a(lib_a-nano-vfprintf.o)
                              c:/progra~2/gnutoo~1/50a5a~1.420/bin/../lib/gcc/arm-none-eabi/5.4.1/../../../../arm-none-eabi/lib/armv7-m\libg_nano.a(lib_a-printf.o) (_vfprintf_r)
c:/progra~2/gnutoo~1/50a5a~1.420/bin/../lib/gcc/arm-none-eabi/5.4.1/../../../../arm-none-eabi/lib/armv7-m\libg_nano.a(lib_a-nano-vfprintf_i.o)
                              c:/progra~2/gnutoo~1/50a5a~1.420/bin/../lib/gcc/arm-none-eabi/5.4.1/../../../../arm-none-eabi/lib/armv7-m\libg_nano.a(lib_a-nano-vfprintf.o) (_printf_i)
c:/progra~2/gnutoo~1/50a5a~1.420/bin/../lib/gcc/arm-none-eabi/5.4.1/../../../../arm-none-eabi/lib/armv7-m\libg_nano.a(lib_a-putc.o)
[...]
Memory Configuration

Name             Origin             Length             Attributes
RAM              0x20000000         0x0000c000         xrw
FLASH            0x08000000         0x00040000         xr
*default*        0x00000000         0xffffffff

Linker script and memory map

LOAD c:/progra~2/gnutoo~1/50a5a~1.420/bin/../lib/gcc/arm-none-eabi/5.4.1/armv7-m/crti.o
LOAD c:/progra~2/gnutoo~1/50a5a~1.420/bin/../lib/gcc/arm-none-eabi/5.4.1/armv7-m/crtbegin.o
LOAD c:/progra~2/gnutoo~1/50a5a~1.420/bin/../lib/gcc/arm-none-eabi/5.4.1/../../../../arm-none-eabi/lib/armv7-m/crt0.o
LOAD CMakeFiles/maze_stm32_cubemx+clion.elf.dir/Drivers/STM32F1xx_HAL_Driver/Src/stm32f1xx_hal.c.obj
LOAD CMakeFiles/maze_stm32_cubemx+clion.elf.dir/Drivers/STM32F1xx_HAL_Driver/Src/stm32f1xx_hal_cortex.c.obj
LOAD CMakeFiles/maze_stm32_cubemx+clion.elf.dir/Drivers/STM32F1xx_HAL_Driver/Src/stm32f1xx_hal_dma.c.obj
LOAD CMakeFiles/maze_stm32_cubemx+clion.elf.dir/Drivers/STM32F1xx_HAL_Driver/Src/stm32f1xx_hal_exti.c.obj
LOAD CMakeFiles/maze_stm32_cubemx+clion.elf.dir/Drivers/STM32F1xx_HAL_Driver/Src/stm32f1xx_hal_flash.c.obj
LOAD CMakeFiles/maze_stm32_cubemx+clion.elf.dir/Drivers/STM32F1xx_HAL_Driver/Src/stm32f1xx_hal_flash_ex.c.obj
LOAD CMakeFiles/maze_stm32_cubemx+clion.elf.dir/Drivers/STM32F1xx_HAL_Driver/Src/stm32f1xx_hal_gpio.c.obj
LOAD CMakeFiles/maze_stm32_cubemx+clion.elf.dir/Drivers/STM32F1xx_HAL_Driver/Src/stm32f1xx_hal_gpio_ex.c.obj
LOAD CMakeFiles/maze_stm32_cubemx+clion.elf.dir/Drivers/STM32F1xx_HAL_Driver/Src/stm32f1xx_hal_i2c.c.obj
LOAD CMakeFiles/maze_stm32_cubemx+clion.elf.dir/Drivers/STM32F1xx_HAL_Driver/Src/stm32f1xx_hal_pwr.c.obj
LOAD CMakeFiles/maze_stm32_cubemx+clion.elf.dir/Drivers/STM32F1xx_HAL_Driver/Src/stm32f1xx_hal_rcc.c.obj
LOAD CMakeFiles/maze_stm32_cubemx+clion.elf.dir/Drivers/STM32F1xx_HAL_Driver/Src/stm32f1xx_hal_rcc_ex.c.obj
LOAD CMakeFiles/maze_stm32_cubemx+clion.elf.dir/Drivers/STM32F1xx_HAL_Driver/Src/stm32f1xx_hal_tim.c.obj
LOAD CMakeFiles/maze_stm32_cubemx+clion.elf.dir/Drivers/STM32F1xx_HAL_Driver/Src/stm32f1xx_hal_tim_ex.c.obj
LOAD CMakeFiles/maze_stm32_cubemx+clion.elf.dir/Drivers/STM32F1xx_HAL_Driver/Src/stm32f1xx_hal_uart.c.obj
LOAD CMakeFiles/maze_stm32_cubemx+clion.elf.dir/Src/User/infrared.c.obj
LOAD CMakeFiles/maze_stm32_cubemx+clion.elf.dir/Src/User/maze.c.obj
LOAD CMakeFiles/maze_stm32_cubemx+clion.elf.dir/Src/User/motor.c.obj
LOAD CMakeFiles/maze_stm32_cubemx+clion.elf.dir/Src/User/oled.c.obj
LOAD CMakeFiles/maze_stm32_cubemx+clion.elf.dir/Src/User/queue.c.obj
LOAD CMakeFiles/maze_stm32_cubemx+clion.elf.dir/Src/User/stepMotor.c.obj
LOAD CMakeFiles/maze_stm32_cubemx+clion.elf.dir/Src/gpio.c.obj
LOAD CMakeFiles/maze_stm32_cubemx+clion.elf.dir/Src/i2c.c.obj
LOAD CMakeFiles/maze_stm32_cubemx+clion.elf.dir/Src/main.c.obj
LOAD CMakeFiles/maze_stm32_cubemx+clion.elf.dir/Src/stm32f1xx_hal_msp.c.obj
LOAD CMakeFiles/maze_stm32_cubemx+clion.elf.dir/Src/stm32f1xx_it.c.obj
LOAD CMakeFiles/maze_stm32_cubemx+clion.elf.dir/Src/syscalls.c.obj
LOAD CMakeFiles/maze_stm32_cubemx+clion.elf.dir/Src/system_stm32f1xx.c.obj
LOAD CMakeFiles/maze_stm32_cubemx+clion.elf.dir/Src/tim.c.obj
LOAD CMakeFiles/maze_stm32_cubemx+clion.elf.dir/Src/usart.c.obj
LOAD CMakeFiles/maze_stm32_cubemx+clion.elf.dir/startup/startup_stm32f103xe.s.obj
START GROUP
LOAD c:/progra~2/gnutoo~1/50a5a~1.420/bin/../lib/gcc/arm-none-eabi/5.4.1/armv7-m\libgcc.a
LOAD c:/progra~2/gnutoo~1/50a5a~1.420/bin/../lib/gcc/arm-none-eabi/5.4.1/../../../../arm-none-eabi/lib/armv7-m\libg_nano.a
LOAD c:/progra~2/gnutoo~1/50a5a~1.420/bin/../lib/gcc/arm-none-eabi/5.4.1/../../../../arm-none-eabi/lib/armv7-m\libc_nano.a
END GROUP
START GROUP
LOAD c:/progra~2/gnutoo~1/50a5a~1.420/bin/../lib/gcc/arm-none-eabi/5.4.1/armv7-m\libgcc.a
LOAD c:/progra~2/gnutoo~1/50a5a~1.420/bin/../lib/gcc/arm-none-eabi/5.4.1/../../../../arm-none-eabi/lib/armv7-m\libc_nano.a
LOAD c:/progra~2/gnutoo~1/50a5a~1.420/bin/../lib/gcc/arm-none-eabi/5.4.1/../../../../arm-none-eabi/lib/armv7-m\libnosys.a
END GROUP
START GROUP
LOAD c:/progra~2/gnutoo~1/50a5a~1.420/bin/../lib/gcc/arm-none-eabi/5.4.1/armv7-m\libgcc.a
LOAD c:/progra~2/gnutoo~1/50a5a~1.420/bin/../lib/gcc/arm-none-eabi/5.4.1/../../../../arm-none-eabi/lib/armv7-m\libc_nano.a
LOAD c:/progra~2/gnutoo~1/50a5a~1.420/bin/../lib/gcc/arm-none-eabi/5.4.1/../../../../arm-none-eabi/lib/armv7-m\libnosys.a
END GROUP
LOAD c:/progra~2/gnutoo~1/50a5a~1.420/bin/../lib/gcc/arm-none-eabi/5.4.1/armv7-m/crtend.o
LOAD c:/progra~2/gnutoo~1/50a5a~1.420/bin/../lib/gcc/arm-none-eabi/5.4.1/armv7-m/crtn.o
                0x2000c000                _estack = 0x2000c000
                0x00000200                _Min_Heap_Size = 0x200
                0x00000400                _Min_Stack_Size = 0x400

.isr_vector     0x08000000      0x1e4
                0x08000000                . = ALIGN (0x4)
 *(.isr_vector)
 .isr_vector    0x08000000      0x1e4 CMakeFiles/maze_stm32_cubemx+clion.elf.dir/startup/startup_stm32f103xe.s.obj
                0x08000000                g_pfnVectors
                0x080001e4                . = ALIGN (0x4)

.text           0x080001e4     0x5eb0
                0x080001e4                . = ALIGN (0x4)
 *(.text)
 .text          0x080001e4       0x5c c:/progra~2/gnutoo~1/50a5a~1.420/bin/../lib/gcc/arm-none-eabi/5.4.1/armv7-m/crtbegin.o
 *(.text*)
 .text.HAL_Init
                0x08000240       0x2c CMakeFiles/maze_stm32_cubemx+clion.elf.dir/Drivers/STM32F1xx_HAL_Driver/Src/stm32f1xx_hal.c.obj
                0x08000240                HAL_Init
 .text.HAL_InitTick
                0x0800026c       0x60 CMakeFiles/maze_stm32_cubemx+clion.elf.dir/Drivers/STM32F1xx_HAL_Driver/Src/stm32f1xx_hal.c.obj
                0x0800026c                HAL_InitTick
 .text.HAL_IncTick
                0x080002cc       0x24 CMakeFiles/maze_stm32_cubemx+clion.elf.dir/Drivers/STM32F1xx_HAL_Driver/Src/stm32f1xx_hal.c.obj
                0x080002cc                HAL_IncTick
 .text.HAL_GetTick
                0x080002f0       0x14 CMakeFiles/maze_stm32_cubemx+clion.elf.dir/Drivers/STM32F1xx_HAL_Driver/Src/stm32f1xx_hal.c.obj
                0x080002f0                HAL_GetTick
 .text.HAL_Delay
                0x08000304       0x44 CMakeFiles/maze_stm32_cubemx+clion.elf.dir/Drivers/STM32F1xx_HAL_Driver/Src/stm32f1xx_hal.c.obj
                0x08000304                HAL_Delay
 .text.__NVIC_SetPriorityGrouping
                0x08000348       0x48 CMakeFiles/maze_stm32_cubemx+clion.elf.dir/Drivers/STM32F1xx_HAL_Driver/Src/stm32f1xx_hal_cortex.c.obj
 .text.__NVIC_GetPriorityGrouping
                0x08000390       0x1c CMakeFiles/maze_stm32_cubemx+clion.elf.dir/Drivers/STM32F1xx_HAL_Driver/Src/stm32f1xx_hal_cortex.c.obj
 .text.__NVIC_EnableIRQ
                0x080003ac       0x38 CMakeFiles/maze_stm32_cubemx+clion.elf.dir/Drivers/STM32F1xx_HAL_Driver/Src/stm32f1xx_hal_cortex.c.obj
 .text.__NVIC_SetPriority
                0x080003e4       0x54 CMakeFiles/maze_stm32_cubemx+clion.elf.dir/Drivers/STM32F1xx_HAL_Driver/Src/stm32f1xx_hal_cortex.c.obj
 .text.NVIC_EncodePriority
                0x08000438       0x60 CMakeFiles/maze_stm32_cubemx+clion.elf.dir/Drivers/STM32F1xx_HAL_Driver/Src/stm32f1xx_hal_cortex.c.obj
 .text.SysTick_Config
                0x08000498       0x44 CMakeFiles/maze_stm32_cubemx+clion.elf.dir/Drivers/STM32F1xx_HAL_Driver/Src/stm32f1xx_hal_cortex.c.obj
 .text.HAL_NVIC_SetPriorityGrouping
                0x080004dc       0x18 CMakeFiles/maze_stm32_cubemx+clion.elf.dir/Drivers/STM32F1xx_HAL_Driver/Src/stm32f1xx_hal_cortex.c.obj
                0x080004dc                HAL_NVIC_SetPriorityGrouping
 .text.HAL_NVIC_SetPriority
                0x080004f4       0x38 CMakeFiles/maze_stm32_cubemx+clion.elf.dir/Drivers/STM32F1xx_HAL_Driver/Src/stm32f1xx_hal_cortex.c.obj
                0x080004f4                HAL_NVIC_SetPriority
 .text.HAL_NVIC_EnableIRQ
                0x0800052c       0x1c CMakeFiles/maze_stm32_cubemx+clion.elf.dir/Drivers/STM32F1xx_HAL_Driver/Src/stm32f1xx_hal_cortex.c.obj
                0x0800052c                HAL_NVIC_EnableIRQ
 .text.HAL_SYSTICK_Config
                0x08000548       0x18 CMakeFiles/maze_stm32_cubemx+clion.elf.dir/Drivers/STM32F1xx_HAL_Driver/Src/stm32f1xx_hal_cortex.c.obj
                0x08000548                HAL_SYSTICK_Config
 .text.HAL_DMA_Abort_IT
                0x08000560      0x23c CMakeFiles/maze_stm32_cubemx+clion.elf.dir/Drivers/STM32F1xx_HAL_Driver/Src/stm32f1xx_hal_dma.c.obj
                0x08000560                HAL_DMA_Abort_IT
 .text.HAL_GPIO_Init
                0x0800079c      0x2d4 CMakeFiles/maze_stm32_cubemx+clion.elf.dir/Drivers/STM32F1xx_HAL_Driver/Src/stm32f1xx_hal_gpio.c.obj
                0x0800079c                HAL_GPIO_Init
 .text.HAL_GPIO_ReadPin
                0x08000a70       0x30 CMakeFiles/maze_stm32_cubemx+clion.elf.dir/Drivers/STM32F1xx_HAL_Driver/Src/stm32f1xx_hal_gpio.c.obj
                0x08000a70                HAL_GPIO_ReadPin
 .text.HAL_GPIO_WritePin
                0x08000aa0       0x30 CMakeFiles/maze_stm32_cubemx+clion.elf.dir/Drivers/STM32F1xx_HAL_Driver/Src/stm32f1xx_hal_gpio.c.obj
                0x08000aa0                HAL_GPIO_WritePin
 .text.HAL_GPIO_TogglePin
                0x08000ad0       0x30 CMakeFiles/maze_stm32_cubemx+clion.elf.dir/Drivers/STM32F1xx_HAL_Driver/Src/stm32f1xx_hal_gpio.c.obj
                0x08000ad0                HAL_GPIO_TogglePin
 .text.HAL_I2C_Init
                0x08000b00      0x250 CMakeFiles/maze_stm32_cubemx+clion.elf.dir/Drivers/STM32F1xx_HAL_Driver/Src/stm32f1xx_hal_i2c.c.obj
                0x08000b00                HAL_I2C_Init
 .text.HAL_I2C_Mem_Write
                0x08000d50      0x1f4 CMakeFiles/maze_stm32_cubemx+clion.elf.dir/Drivers/STM32F1xx_HAL_Driver/Src/stm32f1xx_hal_i2c.c.obj
                0x08000d50                HAL_I2C_Mem_Write
 .text.I2C_RequestMemoryWrite
                0x08000f44      0x110 CMakeFiles/maze_stm32_cubemx+clion.elf.dir/Drivers/STM32F1xx_HAL_Driver/Src/stm32f1xx_hal_i2c.c.obj
 .text.I2C_WaitOnFlagUntilTimeout
                0x08001054       0xb0 CMakeFiles/maze_stm32_cubemx+clion.elf.dir/Drivers/STM32F1xx_HAL_Driver/Src/stm32f1xx_hal_i2c.c.obj
 .text.I2C_WaitOnMasterAddressFlagUntilTimeout
                0x08001104       0xfc CMakeFiles/maze_stm32_cubemx+clion.elf.dir/Drivers/STM32F1xx_HAL_Driver/Src/stm32f1xx_hal_i2c.c.obj
 .text.I2C_WaitOnTXEFlagUntilTimeout
                0x08001200       0x84 CMakeFiles/maze_stm32_cubemx+clion.elf.dir/Drivers/STM32F1xx_HAL_Driver/Src/stm32f1xx_hal_i2c.c.obj
 .text.I2C_WaitOnBTFFlagUntilTimeout
                0x08001284       0x84 CMakeFiles/maze_stm32_cubemx+clion.elf.dir/Drivers/STM32F1xx_HAL_Driver/Src/stm32f1xx_hal_i2c.c.obj
 .text.I2C_IsAcknowledgeFailed
                0x08001308       0x5c CMakeFiles/maze_stm32_cubemx+clion.elf.dir/Drivers/STM32F1xx_HAL_Driver/Src/stm32f1xx_hal_i2c.c.obj
 .text.HAL_RCC_OscConfig
                0x08001364      0x4fc CMakeFiles/maze_stm32_cubemx+clion.elf.dir/Drivers/STM32F1xx_HAL_Driver/Src/stm32f1xx_hal_rcc.c.obj
                0x08001364                HAL_RCC_OscConfig
 .text.HAL_RCC_ClockConfig
                0x08001860      0x1d4 CMakeFiles/maze_stm32_cubemx+clion.elf.dir/Drivers/STM32F1xx_HAL_Driver/Src/stm32f1xx_hal_rcc.c.obj
                0x08001860                HAL_RCC_ClockConfig
 .text.HAL_RCC_GetSysClockFreq
                0x08001a34       0xc8 CMakeFiles/maze_stm32_cubemx+clion.elf.dir/Drivers/STM32F1xx_HAL_Driver/Src/stm32f1xx_hal_rcc.c.obj
                0x08001a34                HAL_RCC_GetSysClockFreq
 .text.HAL_RCC_GetHCLKFreq
                0x08001afc       0x14 CMakeFiles/maze_stm32_cubemx+clion.elf.dir/Drivers/STM32F1xx_HAL_Driver/Src/stm32f1xx_hal_rcc.c.obj
                0x08001afc                HAL_RCC_GetHCLKFreq
 .text.HAL_RCC_GetPCLK1Freq
                0x08001b10       0x28 CMakeFiles/maze_stm32_cubemx+clion.elf.dir/Drivers/STM32F1xx_HAL_Driver/Src/stm32f1xx_hal_rcc.c.obj
                0x08001b10                HAL_RCC_GetPCLK1Freq
 .text.HAL_RCC_GetPCLK2Freq
                0x08001b38       0x28 CMakeFiles/maze_stm32_cubemx+clion.elf.dir/Drivers/STM32F1xx_HAL_Driver/Src/stm32f1xx_hal_rcc.c.obj
                0x08001b38                HAL_RCC_GetPCLK2Freq
 .text.RCC_Delay
                0x08001b60       0x3c CMakeFiles/maze_stm32_cubemx+clion.elf.dir/Drivers/STM32F1xx_HAL_Driver/Src/stm32f1xx_hal_rcc.c.obj
 .text.HAL_TIM_Base_Init
                0x08001b9c       0x58 CMakeFiles/maze_stm32_cubemx+clion.elf.dir/Drivers/STM32F1xx_HAL_Driver/Src/stm32f1xx_hal_tim.c.obj
                0x08001b9c                HAL_TIM_Base_Init
 .text.HAL_TIM_Base_Start_IT
                0x08001bf4       0x48 CMakeFiles/maze_stm32_cubemx+clion.elf.dir/Drivers/STM32F1xx_HAL_Driver/Src/stm32f1xx_hal_tim.c.obj
                0x08001bf4                HAL_TIM_Base_Start_IT
 .text.HAL_TIM_Base_Stop_IT
                0x08001c3c       0x54 CMakeFiles/maze_stm32_cubemx+clion.elf.dir/Drivers/STM32F1xx_HAL_Driver/Src/stm32f1xx_hal_tim.c.obj
                0x08001c3c                HAL_TIM_Base_Stop_IT
 .text.HAL_TIM_IRQHandler
                0x08001c90      0x210 CMakeFiles/maze_stm32_cubemx+clion.elf.dir/Drivers/STM32F1xx_HAL_Driver/Src/stm32f1xx_hal_tim.c.obj
                0x08001c90                HAL_TIM_IRQHandler
 .text.HAL_TIM_OC_DelayElapsedCallback
                0x08001ea0       0x14 CMakeFiles/maze_stm32_cubemx+clion.elf.dir/Drivers/STM32F1xx_HAL_Driver/Src/stm32f1xx_hal_tim.c.obj
                0x08001ea0                HAL_TIM_OC_DelayElapsedCallback
 .text.HAL_TIM_IC_CaptureCallback
                0x08001eb4       0x14 CMakeFiles/maze_stm32_cubemx+clion.elf.dir/Drivers/STM32F1xx_HAL_Driver/Src/stm32f1xx_hal_tim.c.obj
                0x08001eb4                HAL_TIM_IC_CaptureCallback
 .text.HAL_TIM_PWM_PulseFinishedCallback
                0x08001ec8       0x14 CMakeFiles/maze_stm32_cubemx+clion.elf.dir/Drivers/STM32F1xx_HAL_Driver/Src/stm32f1xx_hal_tim.c.obj
                0x08001ec8                HAL_TIM_PWM_PulseFinishedCallback
 .text.HAL_TIM_TriggerCallback
                0x08001edc       0x14 CMakeFiles/maze_stm32_cubemx+clion.elf.dir/Drivers/STM32F1xx_HAL_Driver/Src/stm32f1xx_hal_tim.c.obj
                0x08001edc                HAL_TIM_TriggerCallback
 .text.TIM_Base_SetConfig
                0x08001ef0       0xf4 CMakeFiles/maze_stm32_cubemx+clion.elf.dir/Drivers/STM32F1xx_HAL_Driver/Src/stm32f1xx_hal_tim.c.obj
                0x08001ef0                TIM_Base_SetConfig
 .text.HAL_TIMEx_MasterConfigSynchronization
                0x08001fe4       0x88 CMakeFiles/maze_stm32_cubemx+clion.elf.dir/Drivers/STM32F1xx_HAL_Driver/Src/stm32f1xx_hal_tim_ex.c.obj
                0x08001fe4                HAL_TIMEx_MasterConfigSynchronization
 .text.HAL_TIMEx_CommutCallback
                0x0800206c       0x14 CMakeFiles/maze_stm32_cubemx+clion.elf.dir/Drivers/STM32F1xx_HAL_Driver/Src/stm32f1xx_hal_tim_ex.c.obj
                0x0800206c                HAL_TIMEx_CommutCallback
 .text.HAL_TIMEx_BreakCallback
                0x08002080       0x14 CMakeFiles/maze_stm32_cubemx+clion.elf.dir/Drivers/STM32F1xx_HAL_Driver/Src/stm32f1xx_hal_tim_ex.c.obj
                0x08002080                HAL_TIMEx_BreakCallback
 .text.HAL_UART_Init
                0x08002094       0x9c CMakeFiles/maze_stm32_cubemx+clion.elf.dir/Drivers/STM32F1xx_HAL_Driver/Src/stm32f1xx_hal_uart.c.obj
                0x08002094                HAL_UART_Init
 .text.HAL_UART_Transmit
                0x08002130      0x130 CMakeFiles/maze_stm32_cubemx+clion.elf.dir/Drivers/STM32F1xx_HAL_Driver/Src/stm32f1xx_hal_uart.c.obj
                0x08002130                HAL_UART_Transmit
 .text.HAL_UART_Receive_IT
                0x08002260       0xa8 CMakeFiles/maze_stm32_cubemx+clion.elf.dir/Drivers/STM32F1xx_HAL_Driver/Src/stm32f1xx_hal_uart.c.obj
                0x08002260                HAL_UART_Receive_IT
 .text.HAL_UART_IRQHandler
                0x08002308      0x1f8 CMakeFiles/maze_stm32_cubemx+clion.elf.dir/Drivers/STM32F1xx_HAL_Driver/Src/stm32f1xx_hal_uart.c.obj
                0x08002308                HAL_UART_IRQHandler
 .text.HAL_UART_TxCpltCallback
                0x08002500       0x14 CMakeFiles/maze_stm32_cubemx+clion.elf.dir/Drivers/STM32F1xx_HAL_Driver/Src/stm32f1xx_hal_uart.c.obj
                0x08002500                HAL_UART_TxCpltCallback
 .text.HAL_UART_ErrorCallback
                0x08002514       0x14 CMakeFiles/maze_stm32_cubemx+clion.elf.dir/Drivers/STM32F1xx_HAL_Driver/Src/stm32f1xx_hal_uart.c.obj
                0x08002514                HAL_UART_ErrorCallback
 .text.UART_WaitOnFlagUntilTimeout
                0x08002528       0x94 CMakeFiles/maze_stm32_cubemx+clion.elf.dir/Drivers/STM32F1xx_HAL_Driver/Src/stm32f1xx_hal_uart.c.obj
 .text.UART_EndRxTransfer
                0x080025bc       0x3c CMakeFiles/maze_stm32_cubemx+clion.elf.dir/Drivers/STM32F1xx_HAL_Driver/Src/stm32f1xx_hal_uart.c.obj
 .text.UART_DMAAbortOnError
                0x080025f8       0x28 CMakeFiles/maze_stm32_cubemx+clion.elf.dir/Drivers/STM32F1xx_HAL_Driver/Src/stm32f1xx_hal_uart.c.obj
 .text.UART_Transmit_IT
                0x08002620       0xa8 CMakeFiles/maze_stm32_cubemx+clion.elf.dir/Drivers/STM32F1xx_HAL_Driver/Src/stm32f1xx_hal_uart.c.obj
 .text.UART_EndTransmit_IT
                0x080026c8       0x30 CMakeFiles/maze_stm32_cubemx+clion.elf.dir/Drivers/STM32F1xx_HAL_Driver/Src/stm32f1xx_hal_uart.c.obj
 .text.UART_Receive_IT
                0x080026f8      0x104 CMakeFiles/maze_stm32_cubemx+clion.elf.dir/Drivers/STM32F1xx_HAL_Driver/Src/stm32f1xx_hal_uart.c.obj
 .text.UART_SetConfig
                0x080027fc      0x1b4 CMakeFiles/maze_stm32_cubemx+clion.elf.dir/Drivers/STM32F1xx_HAL_Driver/Src/stm32f1xx_hal_uart.c.obj
 .text.ir_on    0x080029b0       0x7c CMakeFiles/maze_stm32_cubemx+clion.elf.dir/Src/User/infrared.c.obj
                0x080029b0                ir_on
 .text.read_DirIr
                0x08002a2c       0x48 CMakeFiles/maze_stm32_cubemx+clion.elf.dir/Src/User/infrared.c.obj
                0x08002a2c                read_DirIr
 .text.init_maze
                0x08002a74       0xc4 CMakeFiles/maze_stm32_cubemx+clion.elf.dir/Src/User/maze.c.obj
                0x08002a74                init_maze
 .text.init_stack
                0x08002b38       0x30 CMakeFiles/maze_stm32_cubemx+clion.elf.dir/Src/User/maze.c.obj
                0x08002b38                init_stack
 .text.abs_to_rel
                0x08002b68       0x58 CMakeFiles/maze_stm32_cubemx+clion.elf.dir/Src/User/maze.c.obj
                0x08002b68                abs_to_rel
 .text.read_map_path
                0x08002bc0       0xa4 CMakeFiles/maze_stm32_cubemx+clion.elf.dir/Src/User/maze.c.obj
                0x08002bc0                read_map_path
 .text.write_map_wall
                0x08002c64      0x1d4 CMakeFiles/maze_stm32_cubemx+clion.elf.dir/Src/User/maze.c.obj
                0x08002c64                write_map_wall
 .text.write_map_path
                0x08002e38      0x1d4 CMakeFiles/maze_stm32_cubemx+clion.elf.dir/Src/User/maze.c.obj
                0x08002e38                write_map_path
 .text.backtrack
                0x0800300c       0x5c CMakeFiles/maze_stm32_cubemx+clion.elf.dir/Src/User/maze.c.obj
                0x0800300c                backtrack
 .text.bestPath
                0x08003068       0x34 CMakeFiles/maze_stm32_cubemx+clion.elf.dir/Src/User/maze.c.obj
                0x08003068                bestPath
 .text.initTable
                0x0800309c       0x4c CMakeFiles/maze_stm32_cubemx+clion.elf.dir/Src/User/maze.c.obj
                0x0800309c                initTable
 .text.isConnect
                0x080030e8       0x70 CMakeFiles/maze_stm32_cubemx+clion.elf.dir/Src/User/maze.c.obj
                0x080030e8                isConnect
 .text.trans    0x08003158       0x78 CMakeFiles/maze_stm32_cubemx+clion.elf.dir/Src/User/maze.c.obj
                0x08003158                trans
 .text.trans2   0x080031d0       0x7c CMakeFiles/maze_stm32_cubemx+clion.elf.dir/Src/User/maze.c.obj
                0x080031d0                trans2
 .text.creat_bestPath
                0x0800324c      0x300 CMakeFiles/maze_stm32_cubemx+clion.elf.dir/Src/User/maze.c.obj
                0x0800324c                creat_bestPath
 .text.WriteCmd
                0x0800354c       0x4c CMakeFiles/maze_stm32_cubemx+clion.elf.dir/Src/User/oled.c.obj
                0x0800354c                WriteCmd
 .text.OLED_WR_CMD
                0x08003598       0x30 CMakeFiles/maze_stm32_cubemx+clion.elf.dir/Src/User/oled.c.obj
                0x08003598                OLED_WR_CMD
 .text.OLED_WR_DATA
                0x080035c8       0x30 CMakeFiles/maze_stm32_cubemx+clion.elf.dir/Src/User/oled.c.obj
                0x080035c8                OLED_WR_DATA
 .text.OLED_Init
                0x080035f8       0x14 CMakeFiles/maze_stm32_cubemx+clion.elf.dir/Src/User/oled.c.obj
                0x080035f8                OLED_Init
 .text.OLED_Clear
                0x0800360c       0x54 CMakeFiles/maze_stm32_cubemx+clion.elf.dir/Src/User/oled.c.obj
                0x0800360c                OLED_Clear
 .text.OLED_Set_Pos
                0x08003660       0x44 CMakeFiles/maze_stm32_cubemx+clion.elf.dir/Src/User/oled.c.obj
                0x08003660                OLED_Set_Pos
 .text.OLED_ShowChar
                0x080036a4       0xf4 CMakeFiles/maze_stm32_cubemx+clion.elf.dir/Src/User/oled.c.obj
                0x080036a4                OLED_ShowChar
 .text.OLED_ShowString
                0x08003798       0x60 CMakeFiles/maze_stm32_cubemx+clion.elf.dir/Src/User/oled.c.obj
                0x08003798                OLED_ShowString
 .text.OLED_writeDPI
                0x080037f8       0xf4 CMakeFiles/maze_stm32_cubemx+clion.elf.dir/Src/User/oled.c.obj
                0x080037f8                OLED_writeDPI
 .text.initQueue
                0x080038ec       0x30 CMakeFiles/maze_stm32_cubemx+clion.elf.dir/Src/User/queue.c.obj
                0x080038ec                initQueue
 .text.queue_offer
                0x0800391c       0x5c CMakeFiles/maze_stm32_cubemx+clion.elf.dir/Src/User/queue.c.obj
                0x0800391c                queue_offer
 .text.isEmpty  0x08003978       0x20 CMakeFiles/maze_stm32_cubemx+clion.elf.dir/Src/User/queue.c.obj
                0x08003978                isEmpty
 .text.queue_poll
                0x08003998       0x68 CMakeFiles/maze_stm32_cubemx+clion.elf.dir/Src/User/queue.c.obj
                0x08003998                queue_poll
 .text.fuzhi    0x08003a00      0x130 CMakeFiles/maze_stm32_cubemx+clion.elf.dir/Src/User/stepMotor.c.obj
                0x08003a00                fuzhi
 .text.go_straight
                0x08003b30       0x70 CMakeFiles/maze_stm32_cubemx+clion.elf.dir/Src/User/stepMotor.c.obj
                0x08003b30                go_straight
 .text.go_left  0x08003ba0       0x70 CMakeFiles/maze_stm32_cubemx+clion.elf.dir/Src/User/stepMotor.c.obj
                0x08003ba0                go_left
 .text.go_right
                0x08003c10       0x70 CMakeFiles/maze_stm32_cubemx+clion.elf.dir/Src/User/stepMotor.c.obj
                0x08003c10                go_right
 .text.go_turn  0x08003c80       0x6c CMakeFiles/maze_stm32_cubemx+clion.elf.dir/Src/User/stepMotor.c.obj
                0x08003c80                go_turn
 .text.MX_GPIO_Init
                0x08003cec      0x140 CMakeFiles/maze_stm32_cubemx+clion.elf.dir/Src/gpio.c.obj
                0x08003cec                MX_GPIO_Init
 .text.MX_I2C2_Init
                0x08003e2c       0x5c CMakeFiles/maze_stm32_cubemx+clion.elf.dir/Src/i2c.c.obj
                0x08003e2c                MX_I2C2_Init
 .text.HAL_I2C_MspInit
                0x08003e88       0x80 CMakeFiles/maze_stm32_cubemx+clion.elf.dir/Src/i2c.c.obj
                0x08003e88                HAL_I2C_MspInit
 .text.para_init
                0x08003f08       0x5c CMakeFiles/maze_stm32_cubemx+clion.elf.dir/Src/main.c.obj
                0x08003f08                para_init
 .text.banEdge  0x08003f64       0x4c CMakeFiles/maze_stm32_cubemx+clion.elf.dir/Src/main.c.obj
                0x08003f64                banEdge
 .text.isWall   0x08003fb0       0x58 CMakeFiles/maze_stm32_cubemx+clion.elf.dir/Src/main.c.obj
                0x08003fb0                isWall
 .text.isNew    0x08004008       0x28 CMakeFiles/maze_stm32_cubemx+clion.elf.dir/Src/main.c.obj
                0x08004008                isNew
 .text.search_dir
                0x08004030       0x74 CMakeFiles/maze_stm32_cubemx+clion.elf.dir/Src/main.c.obj
                0x08004030                search_dir
 .text.go_to_next
                0x080040a4       0x74 CMakeFiles/maze_stm32_cubemx+clion.elf.dir/Src/main.c.obj
                0x080040a4                go_to_next
 .text.flash_mapPathInfo
                0x08004118       0x24 CMakeFiles/maze_stm32_cubemx+clion.elf.dir/Src/main.c.obj
                0x08004118                flash_mapPathInfo
 .text.flash_pathStack
                0x0800413c       0x2c CMakeFiles/maze_stm32_cubemx+clion.elf.dir/Src/main.c.obj
                0x0800413c                flash_pathStack
 .text.flash_carInfo
                0x08004168       0x6c CMakeFiles/maze_stm32_cubemx+clion.elf.dir/Src/main.c.obj
                0x08004168                flash_carInfo
 .text.flash_OLED_maze
                0x080041d4       0xb0 CMakeFiles/maze_stm32_cubemx+clion.elf.dir/Src/main.c.obj
                0x080041d4                flash_OLED_maze
 .text.flash_OLED_carPos
                0x08004284      0x104 CMakeFiles/maze_stm32_cubemx+clion.elf.dir/Src/main.c.obj
                0x08004284                flash_OLED_carPos
 .text.flash_OLED_ir
                0x08004388      0x2e8 CMakeFiles/maze_stm32_cubemx+clion.elf.dir/Src/main.c.obj
                0x08004388                flash_OLED_ir
 .text.start_run
                0x08004670       0x98 CMakeFiles/maze_stm32_cubemx+clion.elf.dir/Src/main.c.obj
                0x08004670                start_run
 .text.main     0x08004708      0x1ac CMakeFiles/maze_stm32_cubemx+clion.elf.dir/Src/main.c.obj
                0x08004708                main
 .text.SystemClock_Config
                0x080048b4       0x8c CMakeFiles/maze_stm32_cubemx+clion.elf.dir/Src/main.c.obj
                0x080048b4                SystemClock_Config
 .text.HAL_TIM_PeriodElapsedCallback
                0x08004940      0x14c CMakeFiles/maze_stm32_cubemx+clion.elf.dir/Src/main.c.obj
                0x08004940                HAL_TIM_PeriodElapsedCallback
 .text.HAL_UART_RxCpltCallback
                0x08004a8c       0x70 CMakeFiles/maze_stm32_cubemx+clion.elf.dir/Src/main.c.obj
                0x08004a8c                HAL_UART_RxCpltCallback
 .text.Error_Handler
                0x08004afc        0xc CMakeFiles/maze_stm32_cubemx+clion.elf.dir/Src/main.c.obj
                0x08004afc                Error_Handler
 .text.HAL_MspInit
                0x08004b08       0x64 CMakeFiles/maze_stm32_cubemx+clion.elf.dir/Src/stm32f1xx_hal_msp.c.obj
                0x08004b08                HAL_MspInit
 .text.NMI_Handler
                0x08004b6c        0xc CMakeFiles/maze_stm32_cubemx+clion.elf.dir/Src/stm32f1xx_it.c.obj
                0x08004b6c                NMI_Handler
 .text.HardFault_Handler
                0x08004b78        0x8 CMakeFiles/maze_stm32_cubemx+clion.elf.dir/Src/stm32f1xx_it.c.obj
                0x08004b78                HardFault_Handler
 .text.MemManage_Handler
                0x08004b80        0x8 CMakeFiles/maze_stm32_cubemx+clion.elf.dir/Src/stm32f1xx_it.c.obj
                0x08004b80                MemManage_Handler
 .text.BusFault_Handler
                0x08004b88        0x8 CMakeFiles/maze_stm32_cubemx+clion.elf.dir/Src/stm32f1xx_it.c.obj
                0x08004b88                BusFault_Handler
 .text.UsageFault_Handler
                0x08004b90        0x8 CMakeFiles/maze_stm32_cubemx+clion.elf.dir/Src/stm32f1xx_it.c.obj
                0x08004b90                UsageFault_Handler
 .text.SVC_Handler
                0x08004b98        0xc CMakeFiles/maze_stm32_cubemx+clion.elf.dir/Src/stm32f1xx_it.c.obj
                0x08004b98                SVC_Handler
 .text.DebugMon_Handler
                0x08004ba4        0xc CMakeFiles/maze_stm32_cubemx+clion.elf.dir/Src/stm32f1xx_it.c.obj
                0x08004ba4                DebugMon_Handler
 .text.PendSV_Handler
                0x08004bb0        0xc CMakeFiles/maze_stm32_cubemx+clion.elf.dir/Src/stm32f1xx_it.c.obj
                0x08004bb0                PendSV_Handler
 .text.SysTick_Handler
                0x08004bbc        0xc CMakeFiles/maze_stm32_cubemx+clion.elf.dir/Src/stm32f1xx_it.c.obj
                0x08004bbc                SysTick_Handler
 .text.USART1_IRQHandler
                0x08004bc8       0x14 CMakeFiles/maze_stm32_cubemx+clion.elf.dir/Src/stm32f1xx_it.c.obj
                0x08004bc8                USART1_IRQHandler
 .text.USART2_IRQHandler
                0x08004bdc       0x14 CMakeFiles/maze_stm32_cubemx+clion.elf.dir/Src/stm32f1xx_it.c.obj
                0x08004bdc                USART2_IRQHandler
 .text.TIM6_IRQHandler
                0x08004bf0       0x14 CMakeFiles/maze_stm32_cubemx+clion.elf.dir/Src/stm32f1xx_it.c.obj
                0x08004bf0                TIM6_IRQHandler
 .text.TIM7_IRQHandler
                0x08004c04       0x14 CMakeFiles/maze_stm32_cubemx+clion.elf.dir/Src/stm32f1xx_it.c.obj
                0x08004c04                TIM7_IRQHandler
 .text._read    0x08004c18       0x3c CMakeFiles/maze_stm32_cubemx+clion.elf.dir/Src/syscalls.c.obj
                0x08004c18                _read
 .text._write   0x08004c54       0x38 CMakeFiles/maze_stm32_cubemx+clion.elf.dir/Src/syscalls.c.obj
                0x08004c54                _write
 .text._sbrk    0x08004c8c       0x58 CMakeFiles/maze_stm32_cubemx+clion.elf.dir/Src/syscalls.c.obj
                0x08004c8c                _sbrk
 .text._close   0x08004ce4       0x18 CMakeFiles/maze_stm32_cubemx+clion.elf.dir/Src/syscalls.c.obj
                0x08004ce4                _close
 .text._fstat   0x08004cfc       0x20 CMakeFiles/maze_stm32_cubemx+clion.elf.dir/Src/syscalls.c.obj
                0x08004cfc                _fstat
 .text._isatty  0x08004d1c       0x14 CMakeFiles/maze_stm32_cubemx+clion.elf.dir/Src/syscalls.c.obj
                0x08004d1c                _isatty
 .text._lseek   0x08004d30       0x18 CMakeFiles/maze_stm32_cubemx+clion.elf.dir/Src/syscalls.c.obj
                0x08004d30                _lseek
 .text.SystemInit
                0x08004d48       0x68 CMakeFiles/maze_stm32_cubemx+clion.elf.dir/Src/system_stm32f1xx.c.obj
                0x08004d48                SystemInit
 .text.MX_TIM6_Init
                0x08004db0       0x6c CMakeFiles/maze_stm32_cubemx+clion.elf.dir/Src/tim.c.obj
                0x08004db0                MX_TIM6_Init
 .text.MX_TIM7_Init
                0x08004e1c       0x6c CMakeFiles/maze_stm32_cubemx+clion.elf.dir/Src/tim.c.obj
                0x08004e1c                MX_TIM7_Init
 .text.HAL_TIM_Base_MspInit
                0x08004e88       0x84 CMakeFiles/maze_stm32_cubemx+clion.elf.dir/Src/tim.c.obj
                0x08004e88                HAL_TIM_Base_MspInit
 .text.MX_USART1_UART_Init
                0x08004f0c       0x54 CMakeFiles/maze_stm32_cubemx+clion.elf.dir/Src/usart.c.obj
                0x08004f0c                MX_USART1_UART_Init
 .text.MX_USART2_UART_Init
                0x08004f60       0x54 CMakeFiles/maze_stm32_cubemx+clion.elf.dir/Src/usart.c.obj
                0x08004f60                MX_USART2_UART_Init
 .text.HAL_UART_MspInit
                0x08004fb4      0x128 CMakeFiles/maze_stm32_cubemx+clion.elf.dir/Src/usart.c.obj
                0x08004fb4                HAL_UART_MspInit
 .text.__io_putchar
                0x080050dc       0x24 CMakeFiles/maze_stm32_cubemx+clion.elf.dir/Src/usart.c.obj
                0x080050dc                __io_putchar
 .text.Reset_Handler
                0x08005100       0x48 CMakeFiles/maze_stm32_cubemx+clion.elf.dir/startup/startup_stm32f103xe.s.obj
                0x08005100                Reset_Handler
 .text.Default_Handler
                0x08005148        0x2 CMakeFiles/maze_stm32_cubemx+clion.elf.dir/startup/startup_stm32f103xe.s.obj
                0x08005148                RTC_Alarm_IRQHandler
                0x08005148                EXTI2_IRQHandler
                0x08005148                TIM8_TRG_COM_IRQHandler
                0x08005148                TIM8_CC_IRQHandler
                0x08005148                TIM1_CC_IRQHandler
                0x08005148                PVD_IRQHandler
                0x08005148                SDIO_IRQHandler
                0x08005148                EXTI3_IRQHandler
                0x08005148                EXTI0_IRQHandler
                0x08005148                I2C2_EV_IRQHandler
                0x08005148                ADC1_2_IRQHandler
                0x08005148                SPI1_IRQHandler
                0x08005148                TAMPER_IRQHandler
                0x08005148                TIM8_UP_IRQHandler
                0x08005148                DMA2_Channel2_IRQHandler
                0x08005148                DMA1_Channel4_IRQHandler
                0x08005148                USART3_IRQHandler
                0x08005148                RTC_IRQHandler
                0x08005148                DMA1_Channel7_IRQHandler
                0x08005148                CAN1_RX1_IRQHandler
                0x08005148                UART5_IRQHandler
                0x08005148                ADC3_IRQHandler
                0x08005148                TIM4_IRQHandler
                0x08005148                DMA2_Channel1_IRQHandler
                0x08005148                I2C1_EV_IRQHandler
                0x08005148                DMA1_Channel6_IRQHandler
                0x08005148                UART4_IRQHandler
                0x08005148                TIM3_IRQHandler
                0x08005148                RCC_IRQHandler
                0x08005148                TIM1_TRG_COM_IRQHandler
                0x08005148                DMA1_Channel1_IRQHandler
                0x08005148                Default_Handler
                0x08005148                EXTI15_10_IRQHandler
                0x08005148                TIM5_IRQHandler
                0x08005148                EXTI9_5_IRQHandler
                0x08005148                SPI2_IRQHandler
                0x08005148                DMA1_Channel5_IRQHandler
                0x08005148                EXTI4_IRQHandler
                0x08005148                USB_LP_CAN1_RX0_IRQHandler
                0x08005148                USB_HP_CAN1_TX_IRQHandler
                0x08005148                DMA1_Channel3_IRQHandler
                0x08005148                FSMC_IRQHandler
                0x08005148                TIM1_UP_IRQHandler
                0x08005148                WWDG_IRQHandler
                0x08005148                TIM2_IRQHandler
                0x08005148                TIM1_BRK_IRQHandler
                0x08005148                EXTI1_IRQHandler
                0x08005148                DMA2_Channel4_5_IRQHandler
                0x08005148                I2C2_ER_IRQHandler
                0x08005148                DMA1_Channel2_IRQHandler
                0x08005148                TIM8_BRK_IRQHandler
                0x08005148                CAN1_SCE_IRQHandler
                0x08005148                FLASH_IRQHandler
                0x08005148                SPI3_IRQHandler
                0x08005148                I2C1_ER_IRQHandler
                0x08005148                USBWakeUp_IRQHandler
                0x08005148                DMA2_Channel3_IRQHandler
 *fill*         0x0800514a        0x2 
 .text.__errno  0x0800514c        0xc c:/progra~2/gnutoo~1/50a5a~1.420/bin/../lib/gcc/arm-none-eabi/5.4.1/../../../../arm-none-eabi/lib/armv7-m\libg_nano.a(lib_a-errno.o)
                0x0800514c                __errno
 .text.__libc_init_array
                0x08005158       0x4c c:/progra~2/gnutoo~1/50a5a~1.420/bin/../lib/gcc/arm-none-eabi/5.4.1/../../../../arm-none-eabi/lib/armv7-m\libg_nano.a(lib_a-init.o)
                0x08005158                __libc_init_array
 .text.malloc   0x080051a4       0x10 c:/progra~2/gnutoo~1/50a5a~1.420/bin/../lib/gcc/arm-none-eabi/5.4.1/../../../../arm-none-eabi/lib/armv7-m\libg_nano.a(lib_a-malloc.o)
                0x080051a4                malloc
 .text.free     0x080051b4       0x10 c:/progra~2/gnutoo~1/50a5a~1.420/bin/../lib/gcc/arm-none-eabi/5.4.1/../../../../arm-none-eabi/lib/armv7-m\libg_nano.a(lib_a-malloc.o)
                0x080051b4                free
 .text.memset   0x080051c4       0x10 c:/progra~2/gnutoo~1/50a5a~1.420/bin/../lib/gcc/arm-none-eabi/5.4.1/../../../../arm-none-eabi/lib/armv7-m\libg_nano.a(lib_a-memset.o)
                0x080051c4                memset
 .text._free_r  0x080051d4       0x98 c:/progra~2/gnutoo~1/50a5a~1.420/bin/../lib/gcc/arm-none-eabi/5.4.1/../../../../arm-none-eabi/lib/armv7-m\libg_nano.a(lib_a-nano-freer.o)
                0x080051d4                _free_r
 .text._malloc_r
                0x0800526c       0xbc c:/progra~2/gnutoo~1/50a5a~1.420/bin/../lib/gcc/arm-none-eabi/5.4.1/../../../../arm-none-eabi/lib/armv7-m\libg_nano.a(lib_a-nano-mallocr.o)
                0x0800526c                _malloc_r
 .text.printf   0x08005328       0x30 c:/progra~2/gnutoo~1/50a5a~1.420/bin/../lib/gcc/arm-none-eabi/5.4.1/../../../../arm-none-eabi/lib/armv7-m\libg_nano.a(lib_a-printf.o)
                0x08005328                iprintf
                0x08005328                printf
 .text.putchar  0x08005358       0x28 c:/progra~2/gnutoo~1/50a5a~1.420/bin/../lib/gcc/arm-none-eabi/5.4.1/../../../../arm-none-eabi/lib/armv7-m\libg_nano.a(lib_a-putchar.o)
                0x08005358                putchar
 .text._sbrk_r  0x08005380       0x20 c:/progra~2/gnutoo~1/50a5a~1.420/bin/../lib/gcc/arm-none-eabi/5.4.1/../../../../arm-none-eabi/lib/armv7-m\libg_nano.a(lib_a-sbrkr.o)
                0x08005380                _sbrk_r
 .text._cleanup_r
                0x080053a0        0xc c:/progra~2/gnutoo~1/50a5a~1.420/bin/../lib/gcc/arm-none-eabi/5.4.1/../../../../arm-none-eabi/lib/armv7-m\libg_nano.a(lib_a-findfp.o)
                0x080053a0                _cleanup_r
 .text.std.isra.0
                0x080053ac       0x48 c:/progra~2/gnutoo~1/50a5a~1.420/bin/../lib/gcc/arm-none-eabi/5.4.1/../../../../arm-none-eabi/lib/armv7-m\libg_nano.a(lib_a-findfp.o)
 .text.__sfmoreglue
                0x080053f4       0x2c c:/progra~2/gnutoo~1/50a5a~1.420/bin/../lib/gcc/arm-none-eabi/5.4.1/../../../../arm-none-eabi/lib/armv7-m\libg_nano.a(lib_a-findfp.o)
                0x080053f4                __sfmoreglue
 .text.__sinit  0x08005420       0x60 c:/progra~2/gnutoo~1/50a5a~1.420/bin/../lib/gcc/arm-none-eabi/5.4.1/../../../../arm-none-eabi/lib/armv7-m\libg_nano.a(lib_a-findfp.o)
                0x08005420                __sinit
 .text.__sfp    0x08005480       0x78 c:/progra~2/gnutoo~1/50a5a~1.420/bin/../lib/gcc/arm-none-eabi/5.4.1/../../../../arm-none-eabi/lib/armv7-m\libg_nano.a(lib_a-findfp.o)
                0x08005480                __sfp
 .text._fwalk_reent
                0x080054f8       0x3c c:/progra~2/gnutoo~1/50a5a~1.420/bin/../lib/gcc/arm-none-eabi/5.4.1/../../../../arm-none-eabi/lib/armv7-m\libg_nano.a(lib_a-fwalk.o)
                0x080054f8                _fwalk_reent
 .text.__malloc_lock
                0x08005534        0x2 c:/progra~2/gnutoo~1/50a5a~1.420/bin/../lib/gcc/arm-none-eabi/5.4.1/../../../../arm-none-eabi/lib/armv7-m\libg_nano.a(lib_a-mlock.o)
                0x08005534                __malloc_lock
 .text.__malloc_unlock
                0x08005536        0x2 c:/progra~2/gnutoo~1/50a5a~1.420/bin/../lib/gcc/arm-none-eabi/5.4.1/../../../../arm-none-eabi/lib/armv7-m\libg_nano.a(lib_a-mlock.o)
                0x08005536                __malloc_unlock
 .text.__sfputc_r
                0x08005538       0x2c c:/progra~2/gnutoo~1/50a5a~1.420/bin/../lib/gcc/arm-none-eabi/5.4.1/../../../../arm-none-eabi/lib/armv7-m\libg_nano.a(lib_a-nano-vfprintf.o)
 .text.__sfputs_r
                0x08005564       0x24 c:/progra~2/gnutoo~1/50a5a~1.420/bin/../lib/gcc/arm-none-eabi/5.4.1/../../../../arm-none-eabi/lib/armv7-m\libg_nano.a(lib_a-nano-vfprintf.o)
                0x08005564                __sfputs_r
 .text._vfprintf_r
                0x08005588      0x238 c:/progra~2/gnutoo~1/50a5a~1.420/bin/../lib/gcc/arm-none-eabi/5.4.1/../../../../arm-none-eabi/lib/armv7-m\libg_nano.a(lib_a-nano-vfprintf.o)
                0x08005588                _vfprintf_r
                0x08005588                _vfiprintf_r
 .text._printf_common
                0x080057c0       0xec c:/progra~2/gnutoo~1/50a5a~1.420/bin/../lib/gcc/arm-none-eabi/5.4.1/../../../../arm-none-eabi/lib/armv7-m\libg_nano.a(lib_a-nano-vfprintf_i.o)
                0x080057c0                _printf_common
 .text._printf_i
                0x080058ac      0x24c c:/progra~2/gnutoo~1/50a5a~1.420/bin/../lib/gcc/arm-none-eabi/5.4.1/../../../../arm-none-eabi/lib/armv7-m\libg_nano.a(lib_a-nano-vfprintf_i.o)
                0x080058ac                _printf_i
 .text._putc_r  0x08005af8       0x6c c:/progra~2/gnutoo~1/50a5a~1.420/bin/../lib/gcc/arm-none-eabi/5.4.1/../../../../arm-none-eabi/lib/armv7-m\libg_nano.a(lib_a-putc.o)
                0x08005af8                _putc_r
 .text.__sread  0x08005b64       0x22 c:/progra~2/gnutoo~1/50a5a~1.420/bin/../lib/gcc/arm-none-eabi/5.4.1/../../../../arm-none-eabi/lib/armv7-m\libg_nano.a(lib_a-stdio.o)
                0x08005b64                __sread
 .text.__swrite
                0x08005b86       0x38 c:/progra~2/gnutoo~1/50a5a~1.420/bin/../lib/gcc/arm-none-eabi/5.4.1/../../../../arm-none-eabi/lib/armv7-m\libg_nano.a(lib_a-stdio.o)
                0x08005b86                __swrite
 .text.__sseek  0x08005bbe       0x24 c:/progra~2/gnutoo~1/50a5a~1.420/bin/../lib/gcc/arm-none-eabi/5.4.1/../../../../arm-none-eabi/lib/armv7-m\libg_nano.a(lib_a-stdio.o)
                0x08005bbe                __sseek
 .text.__sclose
                0x08005be2        0x8 c:/progra~2/gnutoo~1/50a5a~1.420/bin/../lib/gcc/arm-none-eabi/5.4.1/../../../../arm-none-eabi/lib/armv7-m\libg_nano.a(lib_a-stdio.o)
                0x08005be2                __sclose
 *fill*         0x08005bea        0x2 
 .text.__swbuf_r
                0x08005bec       0xa8 c:/progra~2/gnutoo~1/50a5a~1.420/bin/../lib/gcc/arm-none-eabi/5.4.1/../../../../arm-none-eabi/lib/armv7-m\libg_nano.a(lib_a-wbuf.o)
                0x08005bec                __swbuf_r
 .text._write_r
                0x08005c94       0x24 c:/progra~2/gnutoo~1/50a5a~1.420/bin/../lib/gcc/arm-none-eabi/5.4.1/../../../../arm-none-eabi/lib/armv7-m\libg_nano.a(lib_a-writer.o)
                0x08005c94                _write_r
 .text.__swsetup_r
                0x08005cb8       0xdc c:/progra~2/gnutoo~1/50a5a~1.420/bin/../lib/gcc/arm-none-eabi/5.4.1/../../../../arm-none-eabi/lib/armv7-m\libg_nano.a(lib_a-wsetup.o)
                0x08005cb8                __swsetup_r
 .text._close_r
                0x08005d94       0x20 c:/progra~2/gnutoo~1/50a5a~1.420/bin/../lib/gcc/arm-none-eabi/5.4.1/../../../../arm-none-eabi/lib/armv7-m\libg_nano.a(lib_a-closer.o)
                0x08005d94                _close_r
 .text.__sflush_r
                0x08005db4      0x10c c:/progra~2/gnutoo~1/50a5a~1.420/bin/../lib/gcc/arm-none-eabi/5.4.1/../../../../arm-none-eabi/lib/armv7-m\libg_nano.a(lib_a-fflush.o)
                0x08005db4                __sflush_r
 .text._fflush_r
                0x08005ec0       0x54 c:/progra~2/gnutoo~1/50a5a~1.420/bin/../lib/gcc/arm-none-eabi/5.4.1/../../../../arm-none-eabi/lib/armv7-m\libg_nano.a(lib_a-fflush.o)
                0x08005ec0                _fflush_r
 .text._lseek_r
                0x08005f14       0x24 c:/progra~2/gnutoo~1/50a5a~1.420/bin/../lib/gcc/arm-none-eabi/5.4.1/../../../../arm-none-eabi/lib/armv7-m\libg_nano.a(lib_a-lseekr.o)
                0x08005f14                _lseek_r
 .text.__swhatbuf_r
                0x08005f38       0x46 c:/progra~2/gnutoo~1/50a5a~1.420/bin/../lib/gcc/arm-none-eabi/5.4.1/../../../../arm-none-eabi/lib/armv7-m\libg_nano.a(lib_a-makebuf.o)
                0x08005f38                __swhatbuf_r
 *fill*         0x08005f7e        0x2 
 .text.__smakebuf_r
                0x08005f80       0x78 c:/progra~2/gnutoo~1/50a5a~1.420/bin/../lib/gcc/arm-none-eabi/5.4.1/../../../../arm-none-eabi/lib/armv7-m\libg_nano.a(lib_a-makebuf.o)
                0x08005f80                __smakebuf_r
 .text.memchr   0x08005ff8       0x1c c:/progra~2/gnutoo~1/50a5a~1.420/bin/../lib/gcc/arm-none-eabi/5.4.1/../../../../arm-none-eabi/lib/armv7-m\libg_nano.a(lib_a-memchr-stub.o)
                0x08005ff8                memchr
 .text._read_r  0x08006014       0x24 c:/progra~2/gnutoo~1/50a5a~1.420/bin/../lib/gcc/arm-none-eabi/5.4.1/../../../../arm-none-eabi/lib/armv7-m\libg_nano.a(lib_a-readr.o)
                0x08006014                _read_r
 .text._fstat_r
                0x08006038       0x24 c:/progra~2/gnutoo~1/50a5a~1.420/bin/../lib/gcc/arm-none-eabi/5.4.1/../../../../arm-none-eabi/lib/armv7-m\libg_nano.a(lib_a-fstatr.o)
                0x08006038                _fstat_r
 .text._isatty_r
                0x0800605c       0x20 c:/progra~2/gnutoo~1/50a5a~1.420/bin/../lib/gcc/arm-none-eabi/5.4.1/../../../../arm-none-eabi/lib/armv7-m\libg_nano.a(lib_a-isattyr.o)
                0x0800605c                _isatty_r
 *(.glue_7)
 .glue_7        0x0800607c        0x0 linker stubs
 *(.glue_7t)
 .glue_7t       0x0800607c        0x0 linker stubs
 *(.eh_frame)
 .eh_frame      0x0800607c        0x0 c:/progra~2/gnutoo~1/50a5a~1.420/bin/../lib/gcc/arm-none-eabi/5.4.1/armv7-m/crtbegin.o
 *(.init)
 .init          0x0800607c        0x4 c:/progra~2/gnutoo~1/50a5a~1.420/bin/../lib/gcc/arm-none-eabi/5.4.1/armv7-m/crti.o
                0x0800607c                _init
 .init          0x08006080        0x8 c:/progra~2/gnutoo~1/50a5a~1.420/bin/../lib/gcc/arm-none-eabi/5.4.1/armv7-m/crtn.o
 *(.fini)
 .fini          0x08006088        0x4 c:/progra~2/gnutoo~1/50a5a~1.420/bin/../lib/gcc/arm-none-eabi/5.4.1/armv7-m/crti.o
                0x08006088                _fini
 .fini          0x0800608c        0x8 c:/progra~2/gnutoo~1/50a5a~1.420/bin/../lib/gcc/arm-none-eabi/5.4.1/armv7-m/crtn.o
                0x08006094                . = ALIGN (0x4)
                0x08006094                _etext = .

.vfp11_veneer   0x08006094        0x0
 .vfp11_veneer  0x08006094        0x0 linker stubs

.v4_bx          0x08006094        0x0
 .v4_bx         0x08006094        0x0 linker stubs

.iplt           0x08006094        0x0
 .iplt          0x08006094        0x0 c:/progra~2/gnutoo~1/50a5a~1.420/bin/../lib/gcc/arm-none-eabi/5.4.1/armv7-m/crtbegin.o

.rodata         0x08006094      0x8e8
                0x08006094                . = ALIGN (0x4)
 *(.rodata)
 .rodata        0x08006094       0x12 CMakeFiles/maze_stm32_cubemx+clion.elf.dir/Drivers/STM32F1xx_HAL_Driver/Src/stm32f1xx_hal_rcc.c.obj
 *fill*         0x080060a6        0x2 
 .rodata        0x080060a8        0xc CMakeFiles/maze_stm32_cubemx+clion.elf.dir/Src/User/maze.c.obj
 .rodata        0x080060b4       0x10 CMakeFiles/maze_stm32_cubemx+clion.elf.dir/Src/main.c.obj
 *(.rodata*)
 .rodata.F6x8   0x080060c4      0x228 CMakeFiles/maze_stm32_cubemx+clion.elf.dir/Src/User/oled.c.obj
                0x080060c4                F6x8
 .rodata.F8X16  0x080062ec      0x5e0 CMakeFiles/maze_stm32_cubemx+clion.elf.dir/Src/User/oled.c.obj
                0x080062ec                F8X16
 .rodata.AHBPrescTable
                0x080068cc       0x10 CMakeFiles/maze_stm32_cubemx+clion.elf.dir/Src/system_stm32f1xx.c.obj
                0x080068cc                AHBPrescTable
 .rodata.APBPrescTable
                0x080068dc        0x8 CMakeFiles/maze_stm32_cubemx+clion.elf.dir/Src/system_stm32f1xx.c.obj
                0x080068dc                APBPrescTable
 .rodata._global_impure_ptr
                0x080068e4        0x4 c:/progra~2/gnutoo~1/50a5a~1.420/bin/../lib/gcc/arm-none-eabi/5.4.1/../../../../arm-none-eabi/lib/armv7-m\libg_nano.a(lib_a-impure.o)
                0x080068e4                _global_impure_ptr
 .rodata.__sf_fake_stdin
                0x080068e8       0x20 c:/progra~2/gnutoo~1/50a5a~1.420/bin/../lib/gcc/arm-none-eabi/5.4.1/../../../../arm-none-eabi/lib/armv7-m\libg_nano.a(lib_a-findfp.o)
                0x080068e8                __sf_fake_stdin
 .rodata.__sf_fake_stdout
                0x08006908       0x20 c:/progra~2/gnutoo~1/50a5a~1.420/bin/../lib/gcc/arm-none-eabi/5.4.1/../../../../arm-none-eabi/lib/armv7-m\libg_nano.a(lib_a-findfp.o)
                0x08006908                __sf_fake_stdout
 .rodata.__sf_fake_stderr
                0x08006928       0x20 c:/progra~2/gnutoo~1/50a5a~1.420/bin/../lib/gcc/arm-none-eabi/5.4.1/../../../../arm-none-eabi/lib/armv7-m\libg_nano.a(lib_a-findfp.o)
                0x08006928                __sf_fake_stderr
 .rodata.str1.1
                0x08006948       0x11 c:/progra~2/gnutoo~1/50a5a~1.420/bin/../lib/gcc/arm-none-eabi/5.4.1/../../../../arm-none-eabi/lib/armv7-m\libg_nano.a(lib_a-nano-vfprintf.o)
 .rodata.str1.1
                0x08006959       0x22 c:/progra~2/gnutoo~1/50a5a~1.420/bin/../lib/gcc/arm-none-eabi/5.4.1/../../../../arm-none-eabi/lib/armv7-m\libg_nano.a(lib_a-nano-vfprintf_i.o)
                0x0800697c                . = ALIGN (0x4)
 *fill*         0x0800697b        0x1 

.rel.dyn        0x0800697c        0x0
 .rel.iplt      0x0800697c        0x0 c:/progra~2/gnutoo~1/50a5a~1.420/bin/../lib/gcc/arm-none-eabi/5.4.1/armv7-m/crtbegin.o

.ARM.extab
 *(.ARM.extab* .gnu.linkonce.armextab.*)

.ARM            0x0800697c        0x0
                0x0800697c                __exidx_start = .
 *(.ARM.exidx*)
                0x0800697c                __exidx_end = .

.preinit_array  0x0800697c        0x0
                0x0800697c                PROVIDE (__preinit_array_start, .)
 *(.preinit_array*)
                0x0800697c                PROVIDE (__preinit_array_end, .)

.init_array     0x0800697c        0x4
                0x0800697c                PROVIDE (__init_array_start, .)
 *(SORT(.init_array.*))
 *(.init_array*)
 .init_array    0x0800697c        0x4 c:/progra~2/gnutoo~1/50a5a~1.420/bin/../lib/gcc/arm-none-eabi/5.4.1/armv7-m/crtbegin.o
                0x08006980                PROVIDE (__init_array_end, .)

.fini_array     0x08006980        0x4
                [!provide]                PROVIDE (__fini_array_start, .)
 *(SORT(.fini_array.*))
 *(.fini_array*)
 .fini_array    0x08006980        0x4 c:/progra~2/gnutoo~1/50a5a~1.420/bin/../lib/gcc/arm-none-eabi/5.4.1/armv7-m/crtbegin.o
                [!provide]                PROVIDE (__fini_array_end, .)
                0x08006984                _sidata = LOADADDR (.data)

.data           0x20000000      0x294 load address 0x08006984
                0x20000000                . = ALIGN (0x4)
                0x20000000                _sdata = .
 *(.data)
 *(.data*)
 .data.uwTickPrio
                0x20000000        0x4 CMakeFiles/maze_stm32_cubemx+clion.elf.dir/Drivers/STM32F1xx_HAL_Driver/Src/stm32f1xx_hal.c.obj
                0x20000000                uwTickPrio
 .data.uwTickFreq
                0x20000004        0x1 CMakeFiles/maze_stm32_cubemx+clion.elf.dir/Drivers/STM32F1xx_HAL_Driver/Src/stm32f1xx_hal.c.obj
                0x20000004                uwTickFreq
 *fill*         0x20000005        0x3 
 .data.CMD_Data
                0x20000008       0x1b CMakeFiles/maze_stm32_cubemx+clion.elf.dir/Src/User/oled.c.obj
                0x20000008                CMD_Data
 *fill*         0x20000023        0x1 
 .data.forward  0x20000024        0x8 CMakeFiles/maze_stm32_cubemx+clion.elf.dir/Src/User/stepMotor.c.obj
                0x20000024                forward
 .data.reverse  0x2000002c        0x8 CMakeFiles/maze_stm32_cubemx+clion.elf.dir/Src/User/stepMotor.c.obj
                0x2000002c                reverse
 .data.for_rev  0x20000034        0x8 CMakeFiles/maze_stm32_cubemx+clion.elf.dir/Src/User/stepMotor.c.obj
                0x20000034                for_rev
 .data.maze     0x2000003c      0x121 CMakeFiles/maze_stm32_cubemx+clion.elf.dir/Src/main.c.obj
                0x2000003c                maze
 *fill*         0x2000015d        0x3 
 .data.dirStack
                0x20000160       0xc8 CMakeFiles/maze_stm32_cubemx+clion.elf.dir/Src/main.c.obj
                0x20000160                dirStack
 .data.x.8119   0x20000228        0x1 CMakeFiles/maze_stm32_cubemx+clion.elf.dir/Src/main.c.obj
 .data.y.8120   0x20000229        0x1 CMakeFiles/maze_stm32_cubemx+clion.elf.dir/Src/main.c.obj
 .data.num.8155
                0x2000022a        0x1 CMakeFiles/maze_stm32_cubemx+clion.elf.dir/Src/main.c.obj
 *fill*         0x2000022b        0x1 
 .data.SystemCoreClock
                0x2000022c        0x4 CMakeFiles/maze_stm32_cubemx+clion.elf.dir/Src/system_stm32f1xx.c.obj
                0x2000022c                SystemCoreClock
 .data.impure_data
                0x20000230       0x60 c:/progra~2/gnutoo~1/50a5a~1.420/bin/../lib/gcc/arm-none-eabi/5.4.1/../../../../arm-none-eabi/lib/armv7-m\libg_nano.a(lib_a-impure.o)
 .data._impure_ptr
                0x20000290        0x4 c:/progra~2/gnutoo~1/50a5a~1.420/bin/../lib/gcc/arm-none-eabi/5.4.1/../../../../arm-none-eabi/lib/armv7-m\libg_nano.a(lib_a-impure.o)
                0x20000290                _impure_ptr
                0x20000294                . = ALIGN (0x4)
                0x20000294                _edata = .

.jcr            0x20000294        0x0 load address 0x08006c18
 .jcr           0x20000294        0x0 c:/progra~2/gnutoo~1/50a5a~1.420/bin/../lib/gcc/arm-none-eabi/5.4.1/armv7-m/crtbegin.o

.igot.plt       0x20000294        0x0 load address 0x08006c18
 .igot.plt      0x20000294        0x0 c:/progra~2/gnutoo~1/50a5a~1.420/bin/../lib/gcc/arm-none-eabi/5.4.1/armv7-m/crtbegin.o
                0x20000294                . = ALIGN (0x4)

.bss            0x20000294     0x459c load address 0x08006c18
                0x20000294                _sbss = .
                0x20000294                __bss_start__ = _sbss
 *(.bss)
 .bss           0x20000294       0x1c c:/progra~2/gnutoo~1/50a5a~1.420/bin/../lib/gcc/arm-none-eabi/5.4.1/armv7-m/crtbegin.o
 *(.bss*)
 .bss.uwTick    0x200002b0        0x4 CMakeFiles/maze_stm32_cubemx+clion.elf.dir/Drivers/STM32F1xx_HAL_Driver/Src/stm32f1xx_hal.c.obj
                0x200002b0                uwTick
 .bss.irR1      0x200002b4        0x1 CMakeFiles/maze_stm32_cubemx+clion.elf.dir/Src/User/infrared.c.obj
                0x200002b4                irR1
 .bss.irR2      0x200002b5        0x1 CMakeFiles/maze_stm32_cubemx+clion.elf.dir/Src/User/infrared.c.obj
                0x200002b5                irR2
 .bss.irR3      0x200002b6        0x1 CMakeFiles/maze_stm32_cubemx+clion.elf.dir/Src/User/infrared.c.obj
                0x200002b6                irR3
 .bss.irR4      0x200002b7        0x1 CMakeFiles/maze_stm32_cubemx+clion.elf.dir/Src/User/infrared.c.obj
                0x200002b7                irR4
 .bss.irR5      0x200002b8        0x1 CMakeFiles/maze_stm32_cubemx+clion.elf.dir/Src/User/infrared.c.obj
                0x200002b8                irR5
 .bss.temp.8014
                0x200002b9        0x1 CMakeFiles/maze_stm32_cubemx+clion.elf.dir/Src/User/maze.c.obj
 .bss.temp.8033
                0x200002ba        0x1 CMakeFiles/maze_stm32_cubemx+clion.elf.dir/Src/User/maze.c.obj
 .bss.temp.8040
                0x200002bb        0x1 CMakeFiles/maze_stm32_cubemx+clion.elf.dir/Src/User/maze.c.obj
 .bss.oled_buffer
                0x200002bc      0x400 CMakeFiles/maze_stm32_cubemx+clion.elf.dir/Src/User/oled.c.obj
                0x200002bc                oled_buffer
 .bss.oled_val_buffer
                0x200006bc     0x4000 CMakeFiles/maze_stm32_cubemx+clion.elf.dir/Src/User/oled.c.obj
                0x200006bc                oled_val_buffer
 .bss.i         0x200046bc        0x1 CMakeFiles/maze_stm32_cubemx+clion.elf.dir/Src/User/stepMotor.c.obj
                0x200046bc                i
 .bss.j         0x200046bd        0x1 CMakeFiles/maze_stm32_cubemx+clion.elf.dir/Src/User/stepMotor.c.obj
                0x200046bd                j
 *fill*         0x200046be        0x2 
 .bss.hi2c2     0x200046c0       0x54 CMakeFiles/maze_stm32_cubemx+clion.elf.dir/Src/i2c.c.obj
                0x200046c0                hi2c2
 .bss.RxBuffer1
                0x20004714        0x1 CMakeFiles/maze_stm32_cubemx+clion.elf.dir/Src/main.c.obj
                0x20004714                RxBuffer1
 .bss.RxBuffer2
                0x20004715        0x1 CMakeFiles/maze_stm32_cubemx+clion.elf.dir/Src/main.c.obj
                0x20004715                RxBuffer2
 *fill*         0x20004716        0x2 
 .bss.dirStackIdx
                0x20004718        0x4 CMakeFiles/maze_stm32_cubemx+clion.elf.dir/Src/main.c.obj
                0x20004718                dirStackIdx
 .bss.val.8089  0x2000471c        0x1 CMakeFiles/maze_stm32_cubemx+clion.elf.dir/Src/main.c.obj
 .bss.flag.8154
                0x2000471d        0x1 CMakeFiles/maze_stm32_cubemx+clion.elf.dir/Src/main.c.obj
 *fill*         0x2000471e        0x2 
 .bss.heap_end.5922
                0x20004720        0x4 CMakeFiles/maze_stm32_cubemx+clion.elf.dir/Src/syscalls.c.obj
 .bss.htim6     0x20004724       0x40 CMakeFiles/maze_stm32_cubemx+clion.elf.dir/Src/tim.c.obj
                0x20004724                htim6
 .bss.htim7     0x20004764       0x40 CMakeFiles/maze_stm32_cubemx+clion.elf.dir/Src/tim.c.obj
                0x20004764                htim7
 .bss.huart1    0x200047a4       0x40 CMakeFiles/maze_stm32_cubemx+clion.elf.dir/Src/usart.c.obj
                0x200047a4                huart1
 .bss.huart2    0x200047e4       0x40 CMakeFiles/maze_stm32_cubemx+clion.elf.dir/Src/usart.c.obj
                0x200047e4                huart2
 .bss.__malloc_sbrk_start
                0x20004824        0x4 c:/progra~2/gnutoo~1/50a5a~1.420/bin/../lib/gcc/arm-none-eabi/5.4.1/../../../../arm-none-eabi/lib/armv7-m\libg_nano.a(lib_a-nano-mallocr.o)
                0x20004824                __malloc_sbrk_start
 .bss.__malloc_free_list
                0x20004828        0x4 c:/progra~2/gnutoo~1/50a5a~1.420/bin/../lib/gcc/arm-none-eabi/5.4.1/../../../../arm-none-eabi/lib/armv7-m\libg_nano.a(lib_a-nano-mallocr.o)
                0x20004828                __malloc_free_list
 *(COMMON)
 COMMON         0x2000482c        0x4 c:/progra~2/gnutoo~1/50a5a~1.420/bin/../lib/gcc/arm-none-eabi/5.4.1/../../../../arm-none-eabi/lib/armv7-m\libg_nano.a(lib_a-reent.o)
                0x2000482c                errno
                0x20004830                . = ALIGN (0x4)
                0x20004830                _ebss = .
                0x20004830                __bss_end__ = _ebss

._user_heap_stack
                0x20004830      0x600 load address 0x08006c18
                0x20004830                . = ALIGN (0x8)
                0x20004830                PROVIDE (end, .)
                [!provide]                PROVIDE (_end, .)
                0x20004a30                . = (. + _Min_Heap_Size)
 *fill*         0x20004830      0x200 
                0x20004e30                . = (. + _Min_Stack_Size)
 *fill*         0x20004a30      0x400 
                0x20004e30                . = ALIGN (0x8)

/DISCARD/
 libc.a(*)
 libm.a(*)
 libgcc.a(*)

.ARM.attributes
                0x00000000       0x29
 *(.ARM.attributes)
 .ARM.attributes
                0x00000000       0x1d c:/progra~2/gnutoo~1/50a5a~1.420/bin/../lib/gcc/arm-none-eabi/5.4.1/armv7-m/crti.o
 .ARM.attributes
                0x0000001d       0x2d c:/progra~2/gnutoo~1/50a5a~1.420/bin/../lib/gcc/arm-none-eabi/5.4.1/armv7-m/crtbegin.o
 .ARM.attributes
                0x0000004a       0x33 CMakeFiles/maze_stm32_cubemx+clion.elf.dir/Drivers/STM32F1xx_HAL_Driver/Src/stm32f1xx_hal.c.obj
 .ARM.attributes
                0x0000007d       0x33 CMakeFiles/maze_stm32_cubemx+clion.elf.dir/Drivers/STM32F1xx_HAL_Driver/Src/stm32f1xx_hal_cortex.c.obj
 .ARM.attributes
                0x000000b0       0x33 CMakeFiles/maze_stm32_cubemx+clion.elf.dir/Drivers/STM32F1xx_HAL_Driver/Src/stm32f1xx_hal_dma.c.obj
 .ARM.attributes
                0x000000e3       0x33 CMakeFiles/maze_stm32_cubemx+clion.elf.dir/Drivers/STM32F1xx_HAL_Driver/Src/stm32f1xx_hal_gpio.c.obj
 .ARM.attributes
                0x00000116       0x33 CMakeFiles/maze_stm32_cubemx+clion.elf.dir/Drivers/STM32F1xx_HAL_Driver/Src/stm32f1xx_hal_i2c.c.obj
 .ARM.attributes
                0x00000149       0x33 CMakeFiles/maze_stm32_cubemx+clion.elf.dir/Drivers/STM32F1xx_HAL_Driver/Src/stm32f1xx_hal_rcc.c.obj
 .ARM.attributes
                0x0000017c       0x33 CMakeFiles/maze_stm32_cubemx+clion.elf.dir/Drivers/STM32F1xx_HAL_Driver/Src/stm32f1xx_hal_tim.c.obj
 .ARM.attributes
                0x000001af       0x33 CMakeFiles/maze_stm32_cubemx+clion.elf.dir/Drivers/STM32F1xx_HAL_Driver/Src/stm32f1xx_hal_tim_ex.c.obj
 .ARM.attributes
                0x000001e2       0x33 CMakeFiles/maze_stm32_cubemx+clion.elf.dir/Drivers/STM32F1xx_HAL_Driver/Src/stm32f1xx_hal_uart.c.obj
 .ARM.attributes
                0x00000215       0x33 CMakeFiles/maze_stm32_cubemx+clion.elf.dir/Src/User/infrared.c.obj
 .ARM.attributes
                0x00000248       0x33 CMakeFiles/maze_stm32_cubemx+clion.elf.dir/Src/User/maze.c.obj
 .ARM.attributes
                0x0000027b       0x33 CMakeFiles/maze_stm32_cubemx+clion.elf.dir/Src/User/oled.c.obj
 .ARM.attributes
                0x000002ae       0x33 CMakeFiles/maze_stm32_cubemx+clion.elf.dir/Src/User/queue.c.obj
 .ARM.attributes
                0x000002e1       0x33 CMakeFiles/maze_stm32_cubemx+clion.elf.dir/Src/User/stepMotor.c.obj
 .ARM.attributes
                0x00000314       0x33 CMakeFiles/maze_stm32_cubemx+clion.elf.dir/Src/gpio.c.obj
 .ARM.attributes
                0x00000347       0x33 CMakeFiles/maze_stm32_cubemx+clion.elf.dir/Src/i2c.c.obj
 .ARM.attributes
                0x0000037a       0x33 CMakeFiles/maze_stm32_cubemx+clion.elf.dir/Src/main.c.obj
 .ARM.attributes
                0x000003ad       0x33 CMakeFiles/maze_stm32_cubemx+clion.elf.dir/Src/stm32f1xx_hal_msp.c.obj
 .ARM.attributes
                0x000003e0       0x33 CMakeFiles/maze_stm32_cubemx+clion.elf.dir/Src/stm32f1xx_it.c.obj
 .ARM.attributes
                0x00000413       0x33 CMakeFiles/maze_stm32_cubemx+clion.elf.dir/Src/syscalls.c.obj
 .ARM.attributes
                0x00000446       0x33 CMakeFiles/maze_stm32_cubemx+clion.elf.dir/Src/system_stm32f1xx.c.obj
 .ARM.attributes
                0x00000479       0x33 CMakeFiles/maze_stm32_cubemx+clion.elf.dir/Src/tim.c.obj
 .ARM.attributes
                0x000004ac       0x33 CMakeFiles/maze_stm32_cubemx+clion.elf.dir/Src/usart.c.obj
 .ARM.attributes
                0x000004df       0x21 CMakeFiles/maze_stm32_cubemx+clion.elf.dir/startup/startup_stm32f103xe.s.obj
 .ARM.attributes
                0x00000500       0x2d c:/progra~2/gnutoo~1/50a5a~1.420/bin/../lib/gcc/arm-none-eabi/5.4.1/../../../../arm-none-eabi/lib/armv7-m\libg_nano.a(lib_a-errno.o)
 .ARM.attributes
                0x0000052d       0x2d c:/progra~2/gnutoo~1/50a5a~1.420/bin/../lib/gcc/arm-none-eabi/5.4.1/../../../../arm-none-eabi/lib/armv7-m\libg_nano.a(lib_a-impure.o)
 .ARM.attributes
                0x0000055a       0x2d c:/progra~2/gnutoo~1/50a5a~1.420/bin/../lib/gcc/arm-none-eabi/5.4.1/../../../../arm-none-eabi/lib/armv7-m\libg_nano.a(lib_a-init.o)
 .ARM.attributes
                0x00000587       0x2d c:/progra~2/gnutoo~1/50a5a~1.420/bin/../lib/gcc/arm-none-eabi/5.4.1/../../../../arm-none-eabi/lib/armv7-m\libg_nano.a(lib_a-malloc.o)
 .ARM.attributes
                0x000005b4       0x2d c:/progra~2/gnutoo~1/50a5a~1.420/bin/../lib/gcc/arm-none-eabi/5.4.1/../../../../arm-none-eabi/lib/armv7-m\libg_nano.a(lib_a-memset.o)
 .ARM.attributes
                0x000005e1       0x2d c:/progra~2/gnutoo~1/50a5a~1.420/bin/../lib/gcc/arm-none-eabi/5.4.1/../../../../arm-none-eabi/lib/armv7-m\libg_nano.a(lib_a-nano-freer.o)
 .ARM.attributes
                0x0000060e       0x2d c:/progra~2/gnutoo~1/50a5a~1.420/bin/../lib/gcc/arm-none-eabi/5.4.1/../../../../arm-none-eabi/lib/armv7-m\libg_nano.a(lib_a-nano-mallocr.o)
 .ARM.attributes
                0x0000063b       0x2d c:/progra~2/gnutoo~1/50a5a~1.420/bin/../lib/gcc/arm-none-eabi/5.4.1/../../../../arm-none-eabi/lib/armv7-m\libg_nano.a(lib_a-printf.o)
 .ARM.attributes
                0x00000668       0x2d c:/progra~2/gnutoo~1/50a5a~1.420/bin/../lib/gcc/arm-none-eabi/5.4.1/../../../../arm-none-eabi/lib/armv7-m\libg_nano.a(lib_a-putchar.o)
 .ARM.attributes
                0x00000695       0x2d c:/progra~2/gnutoo~1/50a5a~1.420/bin/../lib/gcc/arm-none-eabi/5.4.1/../../../../arm-none-eabi/lib/armv7-m\libg_nano.a(lib_a-sbrkr.o)
 .ARM.attributes
                0x000006c2       0x2d c:/progra~2/gnutoo~1/50a5a~1.420/bin/../lib/gcc/arm-none-eabi/5.4.1/../../../../arm-none-eabi/lib/armv7-m\libg_nano.a(lib_a-findfp.o)
 .ARM.attributes
                0x000006ef       0x2d c:/progra~2/gnutoo~1/50a5a~1.420/bin/../lib/gcc/arm-none-eabi/5.4.1/../../../../arm-none-eabi/lib/armv7-m\libg_nano.a(lib_a-fwalk.o)
 .ARM.attributes
                0x0000071c       0x2d c:/progra~2/gnutoo~1/50a5a~1.420/bin/../lib/gcc/arm-none-eabi/5.4.1/../../../../arm-none-eabi/lib/armv7-m\libg_nano.a(lib_a-mlock.o)
 .ARM.attributes
                0x00000749       0x2d c:/progra~2/gnutoo~1/50a5a~1.420/bin/../lib/gcc/arm-none-eabi/5.4.1/../../../../arm-none-eabi/lib/armv7-m\libg_nano.a(lib_a-nano-vfprintf.o)
 .ARM.attributes
                0x00000776       0x2d c:/progra~2/gnutoo~1/50a5a~1.420/bin/../lib/gcc/arm-none-eabi/5.4.1/../../../../arm-none-eabi/lib/armv7-m\libg_nano.a(lib_a-nano-vfprintf_i.o)
 .ARM.attributes
                0x000007a3       0x2d c:/progra~2/gnutoo~1/50a5a~1.420/bin/../lib/gcc/arm-none-eabi/5.4.1/../../../../arm-none-eabi/lib/armv7-m\libg_nano.a(lib_a-putc.o)
 .ARM.attributes
                0x000007d0       0x2d c:/progra~2/gnutoo~1/50a5a~1.420/bin/../lib/gcc/arm-none-eabi/5.4.1/../../../../arm-none-eabi/lib/armv7-m\libg_nano.a(lib_a-reent.o)
 .ARM.attributes
                0x000007fd       0x2d c:/progra~2/gnutoo~1/50a5a~1.420/bin/../lib/gcc/arm-none-eabi/5.4.1/../../../../arm-none-eabi/lib/armv7-m\libg_nano.a(lib_a-stdio.o)
 .ARM.attributes
                0x0000082a       0x2d c:/progra~2/gnutoo~1/50a5a~1.420/bin/../lib/gcc/arm-none-eabi/5.4.1/../../../../arm-none-eabi/lib/armv7-m\libg_nano.a(lib_a-wbuf.o)
 .ARM.attributes
                0x00000857       0x2d c:/progra~2/gnutoo~1/50a5a~1.420/bin/../lib/gcc/arm-none-eabi/5.4.1/../../../../arm-none-eabi/lib/armv7-m\libg_nano.a(lib_a-writer.o)
 .ARM.attributes
                0x00000884       0x2d c:/progra~2/gnutoo~1/50a5a~1.420/bin/../lib/gcc/arm-none-eabi/5.4.1/../../../../arm-none-eabi/lib/armv7-m\libg_nano.a(lib_a-wsetup.o)
 .ARM.attributes
                0x000008b1       0x2d c:/progra~2/gnutoo~1/50a5a~1.420/bin/../lib/gcc/arm-none-eabi/5.4.1/../../../../arm-none-eabi/lib/armv7-m\libg_nano.a(lib_a-closer.o)
 .ARM.attributes
                0x000008de       0x2d c:/progra~2/gnutoo~1/50a5a~1.420/bin/../lib/gcc/arm-none-eabi/5.4.1/../../../../arm-none-eabi/lib/armv7-m\libg_nano.a(lib_a-fflush.o)
 .ARM.attributes
                0x0000090b       0x2d c:/progra~2/gnutoo~1/50a5a~1.420/bin/../lib/gcc/arm-none-eabi/5.4.1/../../../../arm-none-eabi/lib/armv7-m\libg_nano.a(lib_a-lseekr.o)
 .ARM.attributes
                0x00000938       0x2d c:/progra~2/gnutoo~1/50a5a~1.420/bin/../lib/gcc/arm-none-eabi/5.4.1/../../../../arm-none-eabi/lib/armv7-m\libg_nano.a(lib_a-makebuf.o)
 .ARM.attributes
                0x00000965       0x2d c:/progra~2/gnutoo~1/50a5a~1.420/bin/../lib/gcc/arm-none-eabi/5.4.1/../../../../arm-none-eabi/lib/armv7-m\libg_nano.a(lib_a-memchr-stub.o)
 .ARM.attributes
                0x00000992       0x2d c:/progra~2/gnutoo~1/50a5a~1.420/bin/../lib/gcc/arm-none-eabi/5.4.1/../../../../arm-none-eabi/lib/armv7-m\libg_nano.a(lib_a-readr.o)
 .ARM.attributes
                0x000009bf       0x2d c:/progra~2/gnutoo~1/50a5a~1.420/bin/../lib/gcc/arm-none-eabi/5.4.1/../../../../arm-none-eabi/lib/armv7-m\libg_nano.a(lib_a-fstatr.o)
 .ARM.attributes
                0x000009ec       0x2d c:/progra~2/gnutoo~1/50a5a~1.420/bin/../lib/gcc/arm-none-eabi/5.4.1/../../../../arm-none-eabi/lib/armv7-m\libg_nano.a(lib_a-isattyr.o)
 .ARM.attributes
                0x00000a19       0x1d c:/progra~2/gnutoo~1/50a5a~1.420/bin/../lib/gcc/arm-none-eabi/5.4.1/armv7-m/crtn.o
OUTPUT(maze_stm32_cubemx+clion.elf elf32-littlearm)

.debug_info     0x00000000     0xe87a
 .debug_info    0x00000000      0x6f0 CMakeFiles/maze_stm32_cubemx+clion.elf.dir/Drivers/STM32F1xx_HAL_Driver/Src/stm32f1xx_hal.c.obj
 .debug_info    0x000006f0      0xb20 CMakeFiles/maze_stm32_cubemx+clion.elf.dir/Drivers/STM32F1xx_HAL_Driver/Src/stm32f1xx_hal_cortex.c.obj
 .debug_info    0x00001210      0x6ef CMakeFiles/maze_stm32_cubemx+clion.elf.dir/Drivers/STM32F1xx_HAL_Driver/Src/stm32f1xx_hal_dma.c.obj
 .debug_info    0x000018ff      0x5ca CMakeFiles/maze_stm32_cubemx+clion.elf.dir/Drivers/STM32F1xx_HAL_Driver/Src/stm32f1xx_hal_gpio.c.obj
 .debug_info    0x00001ec9     0x23bd CMakeFiles/maze_stm32_cubemx+clion.elf.dir/Drivers/STM32F1xx_HAL_Driver/Src/stm32f1xx_hal_i2c.c.obj
 .debug_info    0x00004286      0x7c6 CMakeFiles/maze_stm32_cubemx+clion.elf.dir/Drivers/STM32F1xx_HAL_Driver/Src/stm32f1xx_hal_rcc.c.obj
 .debug_info    0x00004a4c     0x239e CMakeFiles/maze_stm32_cubemx+clion.elf.dir/Drivers/STM32F1xx_HAL_Driver/Src/stm32f1xx_hal_tim.c.obj
 .debug_info    0x00006dea     0x1049 CMakeFiles/maze_stm32_cubemx+clion.elf.dir/Drivers/STM32F1xx_HAL_Driver/Src/stm32f1xx_hal_tim_ex.c.obj
 .debug_info    0x00007e33     0x1143 CMakeFiles/maze_stm32_cubemx+clion.elf.dir/Drivers/STM32F1xx_HAL_Driver/Src/stm32f1xx_hal_uart.c.obj
 .debug_info    0x00008f76      0x1f9 CMakeFiles/maze_stm32_cubemx+clion.elf.dir/Src/User/infrared.c.obj
 .debug_info    0x0000916f      0x7d4 CMakeFiles/maze_stm32_cubemx+clion.elf.dir/Src/User/maze.c.obj
 .debug_info    0x00009943      0x9a2 CMakeFiles/maze_stm32_cubemx+clion.elf.dir/Src/User/oled.c.obj
 .debug_info    0x0000a2e5      0x1d4 CMakeFiles/maze_stm32_cubemx+clion.elf.dir/Src/User/queue.c.obj
 .debug_info    0x0000a4b9      0x2c6 CMakeFiles/maze_stm32_cubemx+clion.elf.dir/Src/User/stepMotor.c.obj
 .debug_info    0x0000a77f      0x2bc CMakeFiles/maze_stm32_cubemx+clion.elf.dir/Src/gpio.c.obj
 .debug_info    0x0000aa3b      0x790 CMakeFiles/maze_stm32_cubemx+clion.elf.dir/Src/i2c.c.obj
 .debug_info    0x0000b1cb      0xf13 CMakeFiles/maze_stm32_cubemx+clion.elf.dir/Src/main.c.obj
 .debug_info    0x0000c0de      0x21a CMakeFiles/maze_stm32_cubemx+clion.elf.dir/Src/stm32f1xx_hal_msp.c.obj
 .debug_info    0x0000c2f8      0x854 CMakeFiles/maze_stm32_cubemx+clion.elf.dir/Src/stm32f1xx_it.c.obj
 .debug_info    0x0000cb4c      0x6bf CMakeFiles/maze_stm32_cubemx+clion.elf.dir/Src/syscalls.c.obj
 .debug_info    0x0000d20b      0x3ce CMakeFiles/maze_stm32_cubemx+clion.elf.dir/Src/system_stm32f1xx.c.obj
 .debug_info    0x0000d5d9      0x8a9 CMakeFiles/maze_stm32_cubemx+clion.elf.dir/Src/tim.c.obj
 .debug_info    0x0000de82      0x92a CMakeFiles/maze_stm32_cubemx+clion.elf.dir/Src/usart.c.obj
 .debug_info    0x0000e7ac       0xce CMakeFiles/maze_stm32_cubemx+clion.elf.dir/startup/startup_stm32f103xe.s.obj

.debug_abbrev   0x00000000     0x2571
 .debug_abbrev  0x00000000      0x1b2 CMakeFiles/maze_stm32_cubemx+clion.elf.dir/Drivers/STM32F1xx_HAL_Driver/Src/stm32f1xx_hal.c.obj
 .debug_abbrev  0x000001b2      0x2bd CMakeFiles/maze_stm32_cubemx+clion.elf.dir/Drivers/STM32F1xx_HAL_Driver/Src/stm32f1xx_hal_cortex.c.obj
 .debug_abbrev  0x0000046f      0x1b3 CMakeFiles/maze_stm32_cubemx+clion.elf.dir/Drivers/STM32F1xx_HAL_Driver/Src/stm32f1xx_hal_dma.c.obj
 .debug_abbrev  0x00000622      0x1a1 CMakeFiles/maze_stm32_cubemx+clion.elf.dir/Drivers/STM32F1xx_HAL_Driver/Src/stm32f1xx_hal_gpio.c.obj
 .debug_abbrev  0x000007c3      0x238 CMakeFiles/maze_stm32_cubemx+clion.elf.dir/Drivers/STM32F1xx_HAL_Driver/Src/stm32f1xx_hal_i2c.c.obj
 .debug_abbrev  0x000009fb      0x23e CMakeFiles/maze_stm32_cubemx+clion.elf.dir/Drivers/STM32F1xx_HAL_Driver/Src/stm32f1xx_hal_rcc.c.obj
 .debug_abbrev  0x00000c39      0x1f5 CMakeFiles/maze_stm32_cubemx+clion.elf.dir/Drivers/STM32F1xx_HAL_Driver/Src/stm32f1xx_hal_tim.c.obj
 .debug_abbrev  0x00000e2e      0x1fd CMakeFiles/maze_stm32_cubemx+clion.elf.dir/Drivers/STM32F1xx_HAL_Driver/Src/stm32f1xx_hal_tim_ex.c.obj
 .debug_abbrev  0x0000102b      0x1f7 CMakeFiles/maze_stm32_cubemx+clion.elf.dir/Drivers/STM32F1xx_HAL_Driver/Src/stm32f1xx_hal_uart.c.obj
 .debug_abbrev  0x00001222      0x102 CMakeFiles/maze_stm32_cubemx+clion.elf.dir/Src/User/infrared.c.obj
 .debug_abbrev  0x00001324      0x160 CMakeFiles/maze_stm32_cubemx+clion.elf.dir/Src/User/maze.c.obj
 .debug_abbrev  0x00001484      0x1df CMakeFiles/maze_stm32_cubemx+clion.elf.dir/Src/User/oled.c.obj
 .debug_abbrev  0x00001663      0x11e CMakeFiles/maze_stm32_cubemx+clion.elf.dir/Src/User/queue.c.obj
 .debug_abbrev  0x00001781      0x109 CMakeFiles/maze_stm32_cubemx+clion.elf.dir/Src/User/stepMotor.c.obj
 .debug_abbrev  0x0000188a      0x105 CMakeFiles/maze_stm32_cubemx+clion.elf.dir/Src/gpio.c.obj
 .debug_abbrev  0x0000198f      0x16c CMakeFiles/maze_stm32_cubemx+clion.elf.dir/Src/i2c.c.obj
 .debug_abbrev  0x00001afb      0x2a3 CMakeFiles/maze_stm32_cubemx+clion.elf.dir/Src/main.c.obj
 .debug_abbrev  0x00001d9e       0xd4 CMakeFiles/maze_stm32_cubemx+clion.elf.dir/Src/stm32f1xx_hal_msp.c.obj
 .debug_abbrev  0x00001e72      0x14a CMakeFiles/maze_stm32_cubemx+clion.elf.dir/Src/stm32f1xx_it.c.obj
 .debug_abbrev  0x00001fbc      0x174 CMakeFiles/maze_stm32_cubemx+clion.elf.dir/Src/syscalls.c.obj
 .debug_abbrev  0x00002130      0x120 CMakeFiles/maze_stm32_cubemx+clion.elf.dir/Src/system_stm32f1xx.c.obj
 .debug_abbrev  0x00002250      0x16f CMakeFiles/maze_stm32_cubemx+clion.elf.dir/Src/tim.c.obj
 .debug_abbrev  0x000023bf      0x1a0 CMakeFiles/maze_stm32_cubemx+clion.elf.dir/Src/usart.c.obj
 .debug_abbrev  0x0000255f       0x12 CMakeFiles/maze_stm32_cubemx+clion.elf.dir/startup/startup_stm32f103xe.s.obj

.debug_aranges  0x00000000     0x1180
 .debug_aranges
                0x00000000       0xe0 CMakeFiles/maze_stm32_cubemx+clion.elf.dir/Drivers/STM32F1xx_HAL_Driver/Src/stm32f1xx_hal.c.obj
 .debug_aranges
                0x000000e0      0x100 CMakeFiles/maze_stm32_cubemx+clion.elf.dir/Drivers/STM32F1xx_HAL_Driver/Src/stm32f1xx_hal_cortex.c.obj
 .debug_aranges
                0x000001e0       0x80 CMakeFiles/maze_stm32_cubemx+clion.elf.dir/Drivers/STM32F1xx_HAL_Driver/Src/stm32f1xx_hal_dma.c.obj
 .debug_aranges
                0x00000260       0x58 CMakeFiles/maze_stm32_cubemx+clion.elf.dir/Drivers/STM32F1xx_HAL_Driver/Src/stm32f1xx_hal_gpio.c.obj
 .debug_aranges
                0x000002b8      0x290 CMakeFiles/maze_stm32_cubemx+clion.elf.dir/Drivers/STM32F1xx_HAL_Driver/Src/stm32f1xx_hal_i2c.c.obj
 .debug_aranges
                0x00000548       0x90 CMakeFiles/maze_stm32_cubemx+clion.elf.dir/Drivers/STM32F1xx_HAL_Driver/Src/stm32f1xx_hal_rcc.c.obj
 .debug_aranges
                0x000005d8      0x3a8 CMakeFiles/maze_stm32_cubemx+clion.elf.dir/Drivers/STM32F1xx_HAL_Driver/Src/stm32f1xx_hal_tim.c.obj
 .debug_aranges
                0x00000980      0x150 CMakeFiles/maze_stm32_cubemx+clion.elf.dir/Drivers/STM32F1xx_HAL_Driver/Src/stm32f1xx_hal_tim_ex.c.obj
 .debug_aranges
                0x00000ad0      0x1d0 CMakeFiles/maze_stm32_cubemx+clion.elf.dir/Drivers/STM32F1xx_HAL_Driver/Src/stm32f1xx_hal_uart.c.obj
 .debug_aranges
                0x00000ca0       0x28 CMakeFiles/maze_stm32_cubemx+clion.elf.dir/Src/User/infrared.c.obj
 .debug_aranges
                0x00000cc8       0x90 CMakeFiles/maze_stm32_cubemx+clion.elf.dir/Src/User/maze.c.obj
 .debug_aranges
                0x00000d58       0x90 CMakeFiles/maze_stm32_cubemx+clion.elf.dir/Src/User/oled.c.obj
 .debug_aranges
                0x00000de8       0x38 CMakeFiles/maze_stm32_cubemx+clion.elf.dir/Src/User/queue.c.obj
 .debug_aranges
                0x00000e20       0x50 CMakeFiles/maze_stm32_cubemx+clion.elf.dir/Src/User/stepMotor.c.obj
 .debug_aranges
                0x00000e70       0x20 CMakeFiles/maze_stm32_cubemx+clion.elf.dir/Src/gpio.c.obj
 .debug_aranges
                0x00000e90       0x30 CMakeFiles/maze_stm32_cubemx+clion.elf.dir/Src/i2c.c.obj
 .debug_aranges
                0x00000ec0       0xa8 CMakeFiles/maze_stm32_cubemx+clion.elf.dir/Src/main.c.obj
 .debug_aranges
                0x00000f68       0x20 CMakeFiles/maze_stm32_cubemx+clion.elf.dir/Src/stm32f1xx_hal_msp.c.obj
 .debug_aranges
                0x00000f88       0x80 CMakeFiles/maze_stm32_cubemx+clion.elf.dir/Src/stm32f1xx_it.c.obj
 .debug_aranges
                0x00001008       0xb0 CMakeFiles/maze_stm32_cubemx+clion.elf.dir/Src/syscalls.c.obj
 .debug_aranges
                0x000010b8       0x28 CMakeFiles/maze_stm32_cubemx+clion.elf.dir/Src/system_stm32f1xx.c.obj
 .debug_aranges
                0x000010e0       0x38 CMakeFiles/maze_stm32_cubemx+clion.elf.dir/Src/tim.c.obj
 .debug_aranges
                0x00001118       0x40 CMakeFiles/maze_stm32_cubemx+clion.elf.dir/Src/usart.c.obj
 .debug_aranges
                0x00001158       0x28 CMakeFiles/maze_stm32_cubemx+clion.elf.dir/startup/startup_stm32f103xe.s.obj

.debug_ranges   0x00000000     0x1028
 .debug_ranges  0x00000000       0xd0 CMakeFiles/maze_stm32_cubemx+clion.elf.dir/Drivers/STM32F1xx_HAL_Driver/Src/stm32f1xx_hal.c.obj
 .debug_ranges  0x000000d0       0xf0 CMakeFiles/maze_stm32_cubemx+clion.elf.dir/Drivers/STM32F1xx_HAL_Driver/Src/stm32f1xx_hal_cortex.c.obj
 .debug_ranges  0x000001c0       0x70 CMakeFiles/maze_stm32_cubemx+clion.elf.dir/Drivers/STM32F1xx_HAL_Driver/Src/stm32f1xx_hal_dma.c.obj
 .debug_ranges  0x00000230       0x48 CMakeFiles/maze_stm32_cubemx+clion.elf.dir/Drivers/STM32F1xx_HAL_Driver/Src/stm32f1xx_hal_gpio.c.obj
 .debug_ranges  0x00000278      0x2a0 CMakeFiles/maze_stm32_cubemx+clion.elf.dir/Drivers/STM32F1xx_HAL_Driver/Src/stm32f1xx_hal_i2c.c.obj
 .debug_ranges  0x00000518       0x80 CMakeFiles/maze_stm32_cubemx+clion.elf.dir/Drivers/STM32F1xx_HAL_Driver/Src/stm32f1xx_hal_rcc.c.obj
 .debug_ranges  0x00000598      0x398 CMakeFiles/maze_stm32_cubemx+clion.elf.dir/Drivers/STM32F1xx_HAL_Driver/Src/stm32f1xx_hal_tim.c.obj
 .debug_ranges  0x00000930      0x140 CMakeFiles/maze_stm32_cubemx+clion.elf.dir/Drivers/STM32F1xx_HAL_Driver/Src/stm32f1xx_hal_tim_ex.c.obj
 .debug_ranges  0x00000a70      0x1c0 CMakeFiles/maze_stm32_cubemx+clion.elf.dir/Drivers/STM32F1xx_HAL_Driver/Src/stm32f1xx_hal_uart.c.obj
 .debug_ranges  0x00000c30       0x18 CMakeFiles/maze_stm32_cubemx+clion.elf.dir/Src/User/infrared.c.obj
 .debug_ranges  0x00000c48       0x80 CMakeFiles/maze_stm32_cubemx+clion.elf.dir/Src/User/maze.c.obj
 .debug_ranges  0x00000cc8       0x80 CMakeFiles/maze_stm32_cubemx+clion.elf.dir/Src/User/oled.c.obj
 .debug_ranges  0x00000d48       0x28 CMakeFiles/maze_stm32_cubemx+clion.elf.dir/Src/User/queue.c.obj
 .debug_ranges  0x00000d70       0x40 CMakeFiles/maze_stm32_cubemx+clion.elf.dir/Src/User/stepMotor.c.obj
 .debug_ranges  0x00000db0       0x10 CMakeFiles/maze_stm32_cubemx+clion.elf.dir/Src/gpio.c.obj
 .debug_ranges  0x00000dc0       0x20 CMakeFiles/maze_stm32_cubemx+clion.elf.dir/Src/i2c.c.obj
 .debug_ranges  0x00000de0       0x98 CMakeFiles/maze_stm32_cubemx+clion.elf.dir/Src/main.c.obj
 .debug_ranges  0x00000e78       0x10 CMakeFiles/maze_stm32_cubemx+clion.elf.dir/Src/stm32f1xx_hal_msp.c.obj
 .debug_ranges  0x00000e88       0x70 CMakeFiles/maze_stm32_cubemx+clion.elf.dir/Src/stm32f1xx_it.c.obj
 .debug_ranges  0x00000ef8       0xa0 CMakeFiles/maze_stm32_cubemx+clion.elf.dir/Src/syscalls.c.obj
 .debug_ranges  0x00000f98       0x18 CMakeFiles/maze_stm32_cubemx+clion.elf.dir/Src/system_stm32f1xx.c.obj
 .debug_ranges  0x00000fb0       0x28 CMakeFiles/maze_stm32_cubemx+clion.elf.dir/Src/tim.c.obj
 .debug_ranges  0x00000fd8       0x30 CMakeFiles/maze_stm32_cubemx+clion.elf.dir/Src/usart.c.obj
 .debug_ranges  0x00001008       0x20 CMakeFiles/maze_stm32_cubemx+clion.elf.dir/startup/startup_stm32f103xe.s.obj

.debug_line     0x00000000     0x8e7c
 .debug_line    0x00000000      0x482 CMakeFiles/maze_stm32_cubemx+clion.elf.dir/Drivers/STM32F1xx_HAL_Driver/Src/stm32f1xx_hal.c.obj
 .debug_line    0x00000482      0x4d2 CMakeFiles/maze_stm32_cubemx+clion.elf.dir/Drivers/STM32F1xx_HAL_Driver/Src/stm32f1xx_hal_cortex.c.obj
 .debug_line    0x00000954      0xb68 CMakeFiles/maze_stm32_cubemx+clion.elf.dir/Drivers/STM32F1xx_HAL_Driver/Src/stm32f1xx_hal_dma.c.obj
 .debug_line    0x000014bc      0x499 CMakeFiles/maze_stm32_cubemx+clion.elf.dir/Drivers/STM32F1xx_HAL_Driver/Src/stm32f1xx_hal_gpio.c.obj
 .debug_line    0x00001955     0x177e CMakeFiles/maze_stm32_cubemx+clion.elf.dir/Drivers/STM32F1xx_HAL_Driver/Src/stm32f1xx_hal_i2c.c.obj
 .debug_line    0x000030d3      0x59c CMakeFiles/maze_stm32_cubemx+clion.elf.dir/Drivers/STM32F1xx_HAL_Driver/Src/stm32f1xx_hal_rcc.c.obj
 .debug_line    0x0000366f     0x1512 CMakeFiles/maze_stm32_cubemx+clion.elf.dir/Drivers/STM32F1xx_HAL_Driver/Src/stm32f1xx_hal_tim.c.obj
 .debug_line    0x00004b81      0x8c3 CMakeFiles/maze_stm32_cubemx+clion.elf.dir/Drivers/STM32F1xx_HAL_Driver/Src/stm32f1xx_hal_tim_ex.c.obj
 .debug_line    0x00005444      0xba2 CMakeFiles/maze_stm32_cubemx+clion.elf.dir/Drivers/STM32F1xx_HAL_Driver/Src/stm32f1xx_hal_uart.c.obj
 .debug_line    0x00005fe6      0x29f CMakeFiles/maze_stm32_cubemx+clion.elf.dir/Src/User/infrared.c.obj
 .debug_line    0x00006285      0x4d2 CMakeFiles/maze_stm32_cubemx+clion.elf.dir/Src/User/maze.c.obj
 .debug_line    0x00006757      0x4fb CMakeFiles/maze_stm32_cubemx+clion.elf.dir/Src/User/oled.c.obj
 .debug_line    0x00006c52       0xef CMakeFiles/maze_stm32_cubemx+clion.elf.dir/Src/User/queue.c.obj
 .debug_line    0x00006d41      0x3dc CMakeFiles/maze_stm32_cubemx+clion.elf.dir/Src/User/stepMotor.c.obj
 .debug_line    0x0000711d      0x281 CMakeFiles/maze_stm32_cubemx+clion.elf.dir/Src/gpio.c.obj
 .debug_line    0x0000739e      0x2dd CMakeFiles/maze_stm32_cubemx+clion.elf.dir/Src/i2c.c.obj
 .debug_line    0x0000767b      0x697 CMakeFiles/maze_stm32_cubemx+clion.elf.dir/Src/main.c.obj
 .debug_line    0x00007d12      0x1fd CMakeFiles/maze_stm32_cubemx+clion.elf.dir/Src/stm32f1xx_hal_msp.c.obj
 .debug_line    0x00007f0f      0x391 CMakeFiles/maze_stm32_cubemx+clion.elf.dir/Src/stm32f1xx_it.c.obj
 .debug_line    0x000082a0      0x2c0 CMakeFiles/maze_stm32_cubemx+clion.elf.dir/Src/syscalls.c.obj
 .debug_line    0x00008560      0x246 CMakeFiles/maze_stm32_cubemx+clion.elf.dir/Src/system_stm32f1xx.c.obj
 .debug_line    0x000087a6      0x2f0 CMakeFiles/maze_stm32_cubemx+clion.elf.dir/Src/tim.c.obj
 .debug_line    0x00008a96      0x32f CMakeFiles/maze_stm32_cubemx+clion.elf.dir/Src/usart.c.obj
 .debug_line    0x00008dc5       0xb7 CMakeFiles/maze_stm32_cubemx+clion.elf.dir/startup/startup_stm32f103xe.s.obj

.debug_str      0x00000000     0x4a8a
 .debug_str     0x00000000      0x897 CMakeFiles/maze_stm32_cubemx+clion.elf.dir/Drivers/STM32F1xx_HAL_Driver/Src/stm32f1xx_hal.c.obj
                                0x8f8 (size before relaxing)
 .debug_str     0x00000897      0x44e CMakeFiles/maze_stm32_cubemx+clion.elf.dir/Drivers/STM32F1xx_HAL_Driver/Src/stm32f1xx_hal_cortex.c.obj
                                0x9e7 (size before relaxing)
 .debug_str     0x00000ce5      0x420 CMakeFiles/maze_stm32_cubemx+clion.elf.dir/Drivers/STM32F1xx_HAL_Driver/Src/stm32f1xx_hal_dma.c.obj
                                0x633 (size before relaxing)
 .debug_str     0x00001105      0x1fe CMakeFiles/maze_stm32_cubemx+clion.elf.dir/Drivers/STM32F1xx_HAL_Driver/Src/stm32f1xx_hal_gpio.c.obj
                                0x442 (size before relaxing)
 .debug_str     0x00001303      0xb3a CMakeFiles/maze_stm32_cubemx+clion.elf.dir/Drivers/STM32F1xx_HAL_Driver/Src/stm32f1xx_hal_i2c.c.obj
                                0xf73 (size before relaxing)
 .debug_str     0x00001e3d      0x375 CMakeFiles/maze_stm32_cubemx+clion.elf.dir/Drivers/STM32F1xx_HAL_Driver/Src/stm32f1xx_hal_rcc.c.obj
                                0x646 (size before relaxing)
 .debug_str     0x000021b2      0xff9 CMakeFiles/maze_stm32_cubemx+clion.elf.dir/Drivers/STM32F1xx_HAL_Driver/Src/stm32f1xx_hal_tim.c.obj
                               0x1420 (size before relaxing)
 .debug_str     0x000031ab      0x5b3 CMakeFiles/maze_stm32_cubemx+clion.elf.dir/Drivers/STM32F1xx_HAL_Driver/Src/stm32f1xx_hal_tim_ex.c.obj
                                0xc20 (size before relaxing)
 .debug_str     0x0000375e      0x6fa CMakeFiles/maze_stm32_cubemx+clion.elf.dir/Drivers/STM32F1xx_HAL_Driver/Src/stm32f1xx_hal_uart.c.obj
                                0xb56 (size before relaxing)
 .debug_str     0x00003e58       0x82 CMakeFiles/maze_stm32_cubemx+clion.elf.dir/Src/User/infrared.c.obj
                                0x255 (size before relaxing)
 .debug_str     0x00003eda      0x1be CMakeFiles/maze_stm32_cubemx+clion.elf.dir/Src/User/maze.c.obj
                                0x386 (size before relaxing)
 .debug_str     0x00004098      0x167 CMakeFiles/maze_stm32_cubemx+clion.elf.dir/Src/User/oled.c.obj
                                0x78d (size before relaxing)
 .debug_str     0x000041ff       0x7c CMakeFiles/maze_stm32_cubemx+clion.elf.dir/Src/User/queue.c.obj
                                0x205 (size before relaxing)
 .debug_str     0x0000427b       0xab CMakeFiles/maze_stm32_cubemx+clion.elf.dir/Src/User/stepMotor.c.obj
                                0x283 (size before relaxing)
 .debug_str     0x00004326       0x65 CMakeFiles/maze_stm32_cubemx+clion.elf.dir/Src/gpio.c.obj
                                0x29a (size before relaxing)
 .debug_str     0x0000438b       0x5e CMakeFiles/maze_stm32_cubemx+clion.elf.dir/Src/i2c.c.obj
                                0x74c (size before relaxing)
 .debug_str     0x000043e9      0x15e CMakeFiles/maze_stm32_cubemx+clion.elf.dir/Src/main.c.obj
                                0xade (size before relaxing)
 .debug_str     0x00004547       0x55 CMakeFiles/maze_stm32_cubemx+clion.elf.dir/Src/stm32f1xx_hal_msp.c.obj
                                0x25c (size before relaxing)
 .debug_str     0x0000459c      0x124 CMakeFiles/maze_stm32_cubemx+clion.elf.dir/Src/stm32f1xx_it.c.obj
                                0x84d (size before relaxing)
 .debug_str     0x000046c0      0x24a CMakeFiles/maze_stm32_cubemx+clion.elf.dir/Src/syscalls.c.obj
                                0x464 (size before relaxing)
 .debug_str     0x0000490a       0x87 CMakeFiles/maze_stm32_cubemx+clion.elf.dir/Src/system_stm32f1xx.c.obj
                                0x2ef (size before relaxing)
 .debug_str     0x00004991       0x70 CMakeFiles/maze_stm32_cubemx+clion.elf.dir/Src/tim.c.obj
                                0xa50 (size before relaxing)
 .debug_str     0x00004a01       0x89 CMakeFiles/maze_stm32_cubemx+clion.elf.dir/Src/usart.c.obj
                                0xa57 (size before relaxing)

.comment        0x00000000       0x6e
 .comment       0x00000000       0x6e CMakeFiles/maze_stm32_cubemx+clion.elf.dir/Drivers/STM32F1xx_HAL_Driver/Src/stm32f1xx_hal.c.obj
                                 0x6f (size before relaxing)
 .comment       0x0000006e       0x6f CMakeFiles/maze_stm32_cubemx+clion.elf.dir/Drivers/STM32F1xx_HAL_Driver/Src/stm32f1xx_hal_cortex.c.obj
 .comment       0x0000006e       0x6f CMakeFiles/maze_stm32_cubemx+clion.elf.dir/Drivers/STM32F1xx_HAL_Driver/Src/stm32f1xx_hal_dma.c.obj
 .comment       0x0000006e       0x6f CMakeFiles/maze_stm32_cubemx+clion.elf.dir/Drivers/STM32F1xx_HAL_Driver/Src/stm32f1xx_hal_gpio.c.obj
 .comment       0x0000006e       0x6f CMakeFiles/maze_stm32_cubemx+clion.elf.dir/Drivers/STM32F1xx_HAL_Driver/Src/stm32f1xx_hal_i2c.c.obj
 .comment       0x0000006e       0x6f CMakeFiles/maze_stm32_cubemx+clion.elf.dir/Drivers/STM32F1xx_HAL_Driver/Src/stm32f1xx_hal_rcc.c.obj
 .comment       0x0000006e       0x6f CMakeFiles/maze_stm32_cubemx+clion.elf.dir/Drivers/STM32F1xx_HAL_Driver/Src/stm32f1xx_hal_tim.c.obj
 .comment       0x0000006e       0x6f CMakeFiles/maze_stm32_cubemx+clion.elf.dir/Drivers/STM32F1xx_HAL_Driver/Src/stm32f1xx_hal_tim_ex.c.obj
 .comment       0x0000006e       0x6f CMakeFiles/maze_stm32_cubemx+clion.elf.dir/Drivers/STM32F1xx_HAL_Driver/Src/stm32f1xx_hal_uart.c.obj
 .comment       0x0000006e       0x6f CMakeFiles/maze_stm32_cubemx+clion.elf.dir/Src/User/infrared.c.obj
 .comment       0x0000006e       0x6f CMakeFiles/maze_stm32_cubemx+clion.elf.dir/Src/User/maze.c.obj
 .comment       0x0000006e       0x6f CMakeFiles/maze_stm32_cubemx+clion.elf.dir/Src/User/oled.c.obj
 .comment       0x0000006e       0x6f CMakeFiles/maze_stm32_cubemx+clion.elf.dir/Src/User/queue.c.obj
 .comment       0x0000006e       0x6f CMakeFiles/maze_stm32_cubemx+clion.elf.dir/Src/User/stepMotor.c.obj
 .comment       0x0000006e       0x6f CMakeFiles/maze_stm32_cubemx+clion.elf.dir/Src/gpio.c.obj
 .comment       0x0000006e       0x6f CMakeFiles/maze_stm32_cubemx+clion.elf.dir/Src/i2c.c.obj
 .comment       0x0000006e       0x6f CMakeFiles/maze_stm32_cubemx+clion.elf.dir/Src/main.c.obj
 .comment       0x0000006e       0x6f CMakeFiles/maze_stm32_cubemx+clion.elf.dir/Src/stm32f1xx_hal_msp.c.obj
 .comment       0x0000006e       0x6f CMakeFiles/maze_stm32_cubemx+clion.elf.dir/Src/stm32f1xx_it.c.obj
 .comment       0x0000006e       0x6f CMakeFiles/maze_stm32_cubemx+clion.elf.dir/Src/syscalls.c.obj
 .comment       0x0000006e       0x6f CMakeFiles/maze_stm32_cubemx+clion.elf.dir/Src/system_stm32f1xx.c.obj
 .comment       0x0000006e       0x6f CMakeFiles/maze_stm32_cubemx+clion.elf.dir/Src/tim.c.obj
 .comment       0x0000006e       0x6f CMakeFiles/maze_stm32_cubemx+clion.elf.dir/Src/usart.c.obj

.debug_frame    0x00000000     0x4fe0
 .debug_frame   0x00000000      0x334 CMakeFiles/maze_stm32_cubemx+clion.elf.dir/Drivers/STM32F1xx_HAL_Driver/Src/stm32f1xx_hal.c.obj
 .debug_frame   0x00000334      0x428 CMakeFiles/maze_stm32_cubemx+clion.elf.dir/Drivers/STM32F1xx_HAL_Driver/Src/stm32f1xx_hal_cortex.c.obj
 .debug_frame   0x0000075c      0x20c CMakeFiles/maze_stm32_cubemx+clion.elf.dir/Drivers/STM32F1xx_HAL_Driver/Src/stm32f1xx_hal_dma.c.obj
 .debug_frame   0x00000968      0x14c CMakeFiles/maze_stm32_cubemx+clion.elf.dir/Drivers/STM32F1xx_HAL_Driver/Src/stm32f1xx_hal_gpio.c.obj
 .debug_frame   0x00000ab4      0xc08 CMakeFiles/maze_stm32_cubemx+clion.elf.dir/Drivers/STM32F1xx_HAL_Driver/Src/stm32f1xx_hal_i2c.c.obj
 .debug_frame   0x000016bc      0x21c CMakeFiles/maze_stm32_cubemx+clion.elf.dir/Drivers/STM32F1xx_HAL_Driver/Src/stm32f1xx_hal_rcc.c.obj
 .debug_frame   0x000018d8     0x10f0 CMakeFiles/maze_stm32_cubemx+clion.elf.dir/Drivers/STM32F1xx_HAL_Driver/Src/stm32f1xx_hal_tim.c.obj
 .debug_frame   0x000029c8      0x5c0 CMakeFiles/maze_stm32_cubemx+clion.elf.dir/Drivers/STM32F1xx_HAL_Driver/Src/stm32f1xx_hal_tim_ex.c.obj
 .debug_frame   0x00002f88      0x838 CMakeFiles/maze_stm32_cubemx+clion.elf.dir/Drivers/STM32F1xx_HAL_Driver/Src/stm32f1xx_hal_uart.c.obj
 .debug_frame   0x000037c0       0x5c CMakeFiles/maze_stm32_cubemx+clion.elf.dir/Src/User/infrared.c.obj
 .debug_frame   0x0000381c      0x260 CMakeFiles/maze_stm32_cubemx+clion.elf.dir/Src/User/maze.c.obj
 .debug_frame   0x00003a7c      0x220 CMakeFiles/maze_stm32_cubemx+clion.elf.dir/Src/User/oled.c.obj
 .debug_frame   0x00003c9c       0xa4 CMakeFiles/maze_stm32_cubemx+clion.elf.dir/Src/User/queue.c.obj
 .debug_frame   0x00003d40      0x10c CMakeFiles/maze_stm32_cubemx+clion.elf.dir/Src/User/stepMotor.c.obj
 .debug_frame   0x00003e4c       0x34 CMakeFiles/maze_stm32_cubemx+clion.elf.dir/Src/gpio.c.obj
 .debug_frame   0x00003e80       0x74 CMakeFiles/maze_stm32_cubemx+clion.elf.dir/Src/i2c.c.obj
 .debug_frame   0x00003ef4      0x290 CMakeFiles/maze_stm32_cubemx+clion.elf.dir/Src/main.c.obj
 .debug_frame   0x00004184       0x38 CMakeFiles/maze_stm32_cubemx+clion.elf.dir/Src/stm32f1xx_hal_msp.c.obj
 .debug_frame   0x000041bc      0x17c CMakeFiles/maze_stm32_cubemx+clion.elf.dir/Src/stm32f1xx_it.c.obj
 .debug_frame   0x00004338      0x2d4 CMakeFiles/maze_stm32_cubemx+clion.elf.dir/Src/syscalls.c.obj
 .debug_frame   0x0000460c       0x58 CMakeFiles/maze_stm32_cubemx+clion.elf.dir/Src/system_stm32f1xx.c.obj
 .debug_frame   0x00004664       0xa0 CMakeFiles/maze_stm32_cubemx+clion.elf.dir/Src/tim.c.obj
 .debug_frame   0x00004704       0xb4 CMakeFiles/maze_stm32_cubemx+clion.elf.dir/Src/usart.c.obj
 .debug_frame   0x000047b8       0x20 c:/progra~2/gnutoo~1/50a5a~1.420/bin/../lib/gcc/arm-none-eabi/5.4.1/../../../../arm-none-eabi/lib/armv7-m\libg_nano.a(lib_a-errno.o)
 .debug_frame   0x000047d8       0x2c c:/progra~2/gnutoo~1/50a5a~1.420/bin/../lib/gcc/arm-none-eabi/5.4.1/../../../../arm-none-eabi/lib/armv7-m\libg_nano.a(lib_a-init.o)
 .debug_frame   0x00004804       0x30 c:/progra~2/gnutoo~1/50a5a~1.420/bin/../lib/gcc/arm-none-eabi/5.4.1/../../../../arm-none-eabi/lib/armv7-m\libg_nano.a(lib_a-malloc.o)
 .debug_frame   0x00004834       0x20 c:/progra~2/gnutoo~1/50a5a~1.420/bin/../lib/gcc/arm-none-eabi/5.4.1/../../../../arm-none-eabi/lib/armv7-m\libg_nano.a(lib_a-memset.o)
 .debug_frame   0x00004854       0x38 c:/progra~2/gnutoo~1/50a5a~1.420/bin/../lib/gcc/arm-none-eabi/5.4.1/../../../../arm-none-eabi/lib/armv7-m\libg_nano.a(lib_a-nano-freer.o)
 .debug_frame   0x0000488c       0x2c c:/progra~2/gnutoo~1/50a5a~1.420/bin/../lib/gcc/arm-none-eabi/5.4.1/../../../../arm-none-eabi/lib/armv7-m\libg_nano.a(lib_a-nano-mallocr.o)
 .debug_frame   0x000048b8       0x74 c:/progra~2/gnutoo~1/50a5a~1.420/bin/../lib/gcc/arm-none-eabi/5.4.1/../../../../arm-none-eabi/lib/armv7-m\libg_nano.a(lib_a-printf.o)
 .debug_frame   0x0000492c       0x58 c:/progra~2/gnutoo~1/50a5a~1.420/bin/../lib/gcc/arm-none-eabi/5.4.1/../../../../arm-none-eabi/lib/armv7-m\libg_nano.a(lib_a-putchar.o)
 .debug_frame   0x00004984       0x2c c:/progra~2/gnutoo~1/50a5a~1.420/bin/../lib/gcc/arm-none-eabi/5.4.1/../../../../arm-none-eabi/lib/armv7-m\libg_nano.a(lib_a-sbrkr.o)
 .debug_frame   0x000049b0      0x11c c:/progra~2/gnutoo~1/50a5a~1.420/bin/../lib/gcc/arm-none-eabi/5.4.1/../../../../arm-none-eabi/lib/armv7-m\libg_nano.a(lib_a-findfp.o)
 .debug_frame   0x00004acc       0x54 c:/progra~2/gnutoo~1/50a5a~1.420/bin/../lib/gcc/arm-none-eabi/5.4.1/../../../../arm-none-eabi/lib/armv7-m\libg_nano.a(lib_a-fwalk.o)