Archive member included to satisfy reference by file (symbol)

c:/progra~2/gnutoo~1/50a5a~1.420/bin/../lib/gcc/arm-none-eabi/5.4.1/../../../../arm-none-eabi/lib/armv7-m\libg_nano.a(lib_a-errno.o)
                              CMakeFiles/maze_stm32_cubemx+clion.elf.dir/Src/syscalls.c.obj (__errno)
c:/progra~2/gnutoo~1/50a5a~1.420/bin/../lib/gcc/arm-none-eabi/5.4.1/../../../../arm-none-eabi/lib/armv7-m\libg_nano.a(lib_a-exit.o)
                              c:/progra~2/gnutoo~1/50a5a~1.420/bin/../lib/gcc/arm-none-eabi/5.4.1/../../../../arm-none-eabi/lib/armv7-m/crt0.o (exit)
c:/progra~2/gnutoo~1/50a5a~1.420/bin/../lib/gcc/arm-none-eabi/5.4.1/../../../../arm-none-eabi/lib/armv7-m\libg_nano.a(lib_a-impure.o)
                              c:/progra~2/gnutoo~1/50a5a~1.420/bin/../lib/gcc/arm-none-eabi/5.4.1/../../../../arm-none-eabi/lib/armv7-m\libg_nano.a(lib_a-exit.o) (_global_impure_ptr)
c:/progra~2/gnutoo~1/50a5a~1.420/bin/../lib/gcc/arm-none-eabi/5.4.1/../../../../arm-none-eabi/lib/armv7-m\libg_nano.a(lib_a-init.o)
                              c:/progra~2/gnutoo~1/50a5a~1.420/bin/../lib/gcc/arm-none-eabi/5.4.1/../../../../arm-none-eabi/lib/armv7-m/crt0.o (__libc_init_array)
c:/progra~2/gnutoo~1/50a5a~1.420/bin/../lib/gcc/arm-none-eabi/5.4.1/../../../../arm-none-eabi/lib/armv7-m\libg_nano.a(lib_a-memset.o)
                              c:/progra~2/gnutoo~1/50a5a~1.420/bin/../lib/gcc/arm-none-eabi/5.4.1/../../../../arm-none-eabi/lib/armv7-m/crt0.o (memset)

Discarded input sections

 .text          0x00000000        0x0 c:/progra~2/gnutoo~1/50a5a~1.420/bin/../lib/gcc/arm-none-eabi/5.4.1/armv7-m/crti.o
 .data          0x00000000        0x0 c:/progra~2/gnutoo~1/50a5a~1.420/bin/../lib/gcc/arm-none-eabi/5.4.1/armv7-m/crti.o
 .bss           0x00000000        0x0 c:/progra~2/gnutoo~1/50a5a~1.420/bin/../lib/gcc/arm-none-eabi/5.4.1/armv7-m/crti.o
 .data          0x00000000        0x4 c:/progra~2/gnutoo~1/50a5a~1.420/bin/../lib/gcc/arm-none-eabi/5.4.1/armv7-m/crtbegin.o
 .text          0x00000000       0x74 c:/progra~2/gnutoo~1/50a5a~1.420/bin/../lib/gcc/arm-none-eabi/5.4.1/../../../../arm-none-eabi/lib/armv7-m/crt0.o
 .data          0x00000000        0x0 c:/progra~2/gnutoo~1/50a5a~1.420/bin/../lib/gcc/arm-none-eabi/5.4.1/../../../../arm-none-eabi/lib/armv7-m/crt0.o
 .bss           0x00000000        0x0 c:/progra~2/gnutoo~1/50a5a~1.420/bin/../lib/gcc/arm-none-eabi/5.4.1/../../../../arm-none-eabi/lib/armv7-m/crt0.o
 .ARM.extab     0x00000000        0x0 c:/progra~2/gnutoo~1/50a5a~1.420/bin/../lib/gcc/arm-none-eabi/5.4.1/../../../../arm-none-eabi/lib/armv7-m/crt0.o
 .ARM.exidx     0x00000000        0x8 c:/progra~2/gnutoo~1/50a5a~1.420/bin/../lib/gcc/arm-none-eabi/5.4.1/../../../../arm-none-eabi/lib/armv7-m/crt0.o
 .ARM.attributes
                0x00000000       0x1b c:/progra~2/gnutoo~1/50a5a~1.420/bin/../lib/gcc/arm-none-eabi/5.4.1/../../../../arm-none-eabi/lib/armv7-m/crt0.o
 .text          0x00000000        0x0 CMakeFiles/maze_stm32_cubemx+clion.elf.dir/Drivers/STM32F1xx_HAL_Driver/Src/stm32f1xx_hal.c.obj
 .data          0x00000000        0x0 CMakeFiles/maze_stm32_cubemx+clion.elf.dir/Drivers/STM32F1xx_HAL_Driver/Src/stm32f1xx_hal.c.obj
 .bss           0x00000000        0x0 CMakeFiles/maze_stm32_cubemx+clion.elf.dir/Drivers/STM32F1xx_HAL_Driver/Src/stm32f1xx_hal.c.obj
 .text.HAL_DeInit
                0x00000000       0x30 CMakeFiles/maze_stm32_cubemx+clion.elf.dir/Drivers/STM32F1xx_HAL_Driver/Src/stm32f1xx_hal.c.obj
 .text.HAL_MspInit
                0x00000000        0xc CMakeFiles/maze_stm32_cubemx+clion.elf.dir/Drivers/STM32F1xx_HAL_Driver/Src/stm32f1xx_hal.c.obj
 .text.HAL_MspDeInit
                0x00000000        0xc CMakeFiles/maze_stm32_cubemx+clion.elf.dir/Drivers/STM32F1xx_HAL_Driver/Src/stm32f1xx_hal.c.obj
 .text.HAL_GetTickPrio
                0x00000000       0x14 CMakeFiles/maze_stm32_cubemx+clion.elf.dir/Drivers/STM32F1xx_HAL_Driver/Src/stm32f1xx_hal.c.obj
 .text.HAL_SetTickFreq
                0x00000000       0x44 CMakeFiles/maze_stm32_cubemx+clion.elf.dir/Drivers/STM32F1xx_HAL_Driver/Src/stm32f1xx_hal.c.obj
 .text.HAL_GetTickFreq
                0x00000000       0x14 CMakeFiles/maze_stm32_cubemx+clion.elf.dir/Drivers/STM32F1xx_HAL_Driver/Src/stm32f1xx_hal.c.obj
 .text.HAL_Delay
                0x00000000       0x44 CMakeFiles/maze_stm32_cubemx+clion.elf.dir/Drivers/STM32F1xx_HAL_Driver/Src/stm32f1xx_hal.c.obj
 .text.HAL_SuspendTick
                0x00000000       0x1c CMakeFiles/maze_stm32_cubemx+clion.elf.dir/Drivers/STM32F1xx_HAL_Driver/Src/stm32f1xx_hal.c.obj
 .text.HAL_ResumeTick
                0x00000000       0x1c CMakeFiles/maze_stm32_cubemx+clion.elf.dir/Drivers/STM32F1xx_HAL_Driver/Src/stm32f1xx_hal.c.obj
 .text.HAL_GetHalVersion
                0x00000000       0x14 CMakeFiles/maze_stm32_cubemx+clion.elf.dir/Drivers/STM32F1xx_HAL_Driver/Src/stm32f1xx_hal.c.obj
 .text.HAL_GetREVID
[...]
Memory Configuration

Name             Origin             Length             Attributes
RAM              0x20000000         0x0000c000         xrw
FLASH            0x08000000         0x00040000         xr
*default*        0x00000000         0xffffffff

Linker script and memory map

LOAD c:/progra~2/gnutoo~1/50a5a~1.420/bin/../lib/gcc/arm-none-eabi/5.4.1/armv7-m/crti.o
LOAD c:/progra~2/gnutoo~1/50a5a~1.420/bin/../lib/gcc/arm-none-eabi/5.4.1/armv7-m/crtbegin.o
LOAD c:/progra~2/gnutoo~1/50a5a~1.420/bin/../lib/gcc/arm-none-eabi/5.4.1/../../../../arm-none-eabi/lib/armv7-m/crt0.o
LOAD CMakeFiles/maze_stm32_cubemx+clion.elf.dir/Drivers/STM32F1xx_HAL_Driver/Src/stm32f1xx_hal.c.obj
LOAD CMakeFiles/maze_stm32_cubemx+clion.elf.dir/Drivers/STM32F1xx_HAL_Driver/Src/stm32f1xx_hal_cortex.c.obj
LOAD CMakeFiles/maze_stm32_cubemx+clion.elf.dir/Drivers/STM32F1xx_HAL_Driver/Src/stm32f1xx_hal_dma.c.obj
LOAD CMakeFiles/maze_stm32_cubemx+clion.elf.dir/Drivers/STM32F1xx_HAL_Driver/Src/stm32f1xx_hal_exti.c.obj
LOAD CMakeFiles/maze_stm32_cubemx+clion.elf.dir/Drivers/STM32F1xx_HAL_Driver/Src/stm32f1xx_hal_flash.c.obj
LOAD CMakeFiles/maze_stm32_cubemx+clion.elf.dir/Drivers/STM32F1xx_HAL_Driver/Src/stm32f1xx_hal_flash_ex.c.obj
LOAD CMakeFiles/maze_stm32_cubemx+clion.elf.dir/Drivers/STM32F1xx_HAL_Driver/Src/stm32f1xx_hal_gpio.c.obj
LOAD CMakeFiles/maze_stm32_cubemx+clion.elf.dir/Drivers/STM32F1xx_HAL_Driver/Src/stm32f1xx_hal_gpio_ex.c.obj
LOAD CMakeFiles/maze_stm32_cubemx+clion.elf.dir/Drivers/STM32F1xx_HAL_Driver/Src/stm32f1xx_hal_pwr.c.obj
LOAD CMakeFiles/maze_stm32_cubemx+clion.elf.dir/Drivers/STM32F1xx_HAL_Driver/Src/stm32f1xx_hal_rcc.c.obj
LOAD CMakeFiles/maze_stm32_cubemx+clion.elf.dir/Drivers/STM32F1xx_HAL_Driver/Src/stm32f1xx_hal_rcc_ex.c.obj
LOAD CMakeFiles/maze_stm32_cubemx+clion.elf.dir/Drivers/STM32F1xx_HAL_Driver/Src/stm32f1xx_hal_tim.c.obj
LOAD CMakeFiles/maze_stm32_cubemx+clion.elf.dir/Drivers/STM32F1xx_HAL_Driver/Src/stm32f1xx_hal_tim_ex.c.obj
LOAD CMakeFiles/maze_stm32_cubemx+clion.elf.dir/Src/User/infrared.c.obj
LOAD CMakeFiles/maze_stm32_cubemx+clion.elf.dir/Src/User/maze.c.obj
LOAD CMakeFiles/maze_stm32_cubemx+clion.elf.dir/Src/User/motor.c.obj
LOAD CMakeFiles/maze_stm32_cubemx+clion.elf.dir/Src/gpio.c.obj
LOAD CMakeFiles/maze_stm32_cubemx+clion.elf.dir/Src/main.c.obj
LOAD CMakeFiles/maze_stm32_cubemx+clion.elf.dir/Src/stm32f1xx_hal_msp.c.obj
LOAD CMakeFiles/maze_stm32_cubemx+clion.elf.dir/Src/stm32f1xx_it.c.obj
LOAD CMakeFiles/maze_stm32_cubemx+clion.elf.dir/Src/syscalls.c.obj
LOAD CMakeFiles/maze_stm32_cubemx+clion.elf.dir/Src/system_stm32f1xx.c.obj
LOAD CMakeFiles/maze_stm32_cubemx+clion.elf.dir/Src/tim.c.obj
LOAD CMakeFiles/maze_stm32_cubemx+clion.elf.dir/startup/startup_stm32f103xe.s.obj
START GROUP
LOAD c:/progra~2/gnutoo~1/50a5a~1.420/bin/../lib/gcc/arm-none-eabi/5.4.1/armv7-m\libgcc.a
LOAD c:/progra~2/gnutoo~1/50a5a~1.420/bin/../lib/gcc/arm-none-eabi/5.4.1/../../../../arm-none-eabi/lib/armv7-m\libg_nano.a
LOAD c:/progra~2/gnutoo~1/50a5a~1.420/bin/../lib/gcc/arm-none-eabi/5.4.1/../../../../arm-none-eabi/lib/armv7-m\libc_nano.a
END GROUP
START GROUP
LOAD c:/progra~2/gnutoo~1/50a5a~1.420/bin/../lib/gcc/arm-none-eabi/5.4.1/armv7-m\libgcc.a
LOAD c:/progra~2/gnutoo~1/50a5a~1.420/bin/../lib/gcc/arm-none-eabi/5.4.1/../../../../arm-none-eabi/lib/armv7-m\libc_nano.a
LOAD c:/progra~2/gnutoo~1/50a5a~1.420/bin/../lib/gcc/arm-none-eabi/5.4.1/../../../../arm-none-eabi/lib/armv7-m\libnosys.a
END GROUP
START GROUP
LOAD c:/progra~2/gnutoo~1/50a5a~1.420/bin/../lib/gcc/arm-none-eabi/5.4.1/armv7-m\libgcc.a
LOAD c:/progra~2/gnutoo~1/50a5a~1.420/bin/../lib/gcc/arm-none-eabi/5.4.1/../../../../arm-none-eabi/lib/armv7-m\libc_nano.a
LOAD c:/progra~2/gnutoo~1/50a5a~1.420/bin/../lib/gcc/arm-none-eabi/5.4.1/../../../../arm-none-eabi/lib/armv7-m\libnosys.a
END GROUP
LOAD c:/progra~2/gnutoo~1/50a5a~1.420/bin/../lib/gcc/arm-none-eabi/5.4.1/armv7-m/crtend.o
LOAD c:/progra~2/gnutoo~1/50a5a~1.420/bin/../lib/gcc/arm-none-eabi/5.4.1/armv7-m/crtn.o
                0x2000c000                _estack = 0x2000c000
                0x00000200                _Min_Heap_Size = 0x200
                0x00000400                _Min_Stack_Size = 0x400

.isr_vector     0x08000000      0x1e4
                0x08000000                . = ALIGN (0x4)
 *(.isr_vector)
 .isr_vector    0x08000000      0x1e4 CMakeFiles/maze_stm32_cubemx+clion.elf.dir/startup/startup_stm32f103xe.s.obj
                0x08000000                g_pfnVectors
                0x080001e4                . = ALIGN (0x4)

.text           0x080001e4     0x21f4
                0x080001e4                . = ALIGN (0x4)
 *(.text)
 .text          0x080001e4       0x5c c:/progra~2/gnutoo~1/50a5a~1.420/bin/../lib/gcc/arm-none-eabi/5.4.1/armv7-m/crtbegin.o
 *(.text*)
 .text.HAL_Init
                0x08000240       0x2c CMakeFiles/maze_stm32_cubemx+clion.elf.dir/Drivers/STM32F1xx_HAL_Driver/Src/stm32f1xx_hal.c.obj
                0x08000240                HAL_Init
 .text.HAL_InitTick
                0x0800026c       0x60 CMakeFiles/maze_stm32_cubemx+clion.elf.dir/Drivers/STM32F1xx_HAL_Driver/Src/stm32f1xx_hal.c.obj
                0x0800026c                HAL_InitTick
 .text.HAL_IncTick
                0x080002cc       0x24 CMakeFiles/maze_stm32_cubemx+clion.elf.dir/Drivers/STM32F1xx_HAL_Driver/Src/stm32f1xx_hal.c.obj
                0x080002cc                HAL_IncTick
 .text.HAL_GetTick
                0x080002f0       0x14 CMakeFiles/maze_stm32_cubemx+clion.elf.dir/Drivers/STM32F1xx_HAL_Driver/Src/stm32f1xx_hal.c.obj
                0x080002f0                HAL_GetTick
 .text.__NVIC_SetPriorityGrouping
                0x08000304       0x48 CMakeFiles/maze_stm32_cubemx+clion.elf.dir/Drivers/STM32F1xx_HAL_Driver/Src/stm32f1xx_hal_cortex.c.obj
 .text.__NVIC_GetPriorityGrouping
                0x0800034c       0x1c CMakeFiles/maze_stm32_cubemx+clion.elf.dir/Drivers/STM32F1xx_HAL_Driver/Src/stm32f1xx_hal_cortex.c.obj
 .text.__NVIC_EnableIRQ
                0x08000368       0x38 CMakeFiles/maze_stm32_cubemx+clion.elf.dir/Drivers/STM32F1xx_HAL_Driver/Src/stm32f1xx_hal_cortex.c.obj
 .text.__NVIC_SetPriority
                0x080003a0       0x54 CMakeFiles/maze_stm32_cubemx+clion.elf.dir/Drivers/STM32F1xx_HAL_Driver/Src/stm32f1xx_hal_cortex.c.obj
 .text.NVIC_EncodePriority
                0x080003f4       0x60 CMakeFiles/maze_stm32_cubemx+clion.elf.dir/Drivers/STM32F1xx_HAL_Driver/Src/stm32f1xx_hal_cortex.c.obj
 .text.SysTick_Config
                0x08000454       0x44 CMakeFiles/maze_stm32_cubemx+clion.elf.dir/Drivers/STM32F1xx_HAL_Driver/Src/stm32f1xx_hal_cortex.c.obj
 .text.HAL_NVIC_SetPriorityGrouping
                0x08000498       0x18 CMakeFiles/maze_stm32_cubemx+clion.elf.dir/Drivers/STM32F1xx_HAL_Driver/Src/stm32f1xx_hal_cortex.c.obj
                0x08000498                HAL_NVIC_SetPriorityGrouping
 .text.HAL_NVIC_SetPriority
                0x080004b0       0x38 CMakeFiles/maze_stm32_cubemx+clion.elf.dir/Drivers/STM32F1xx_HAL_Driver/Src/stm32f1xx_hal_cortex.c.obj
                0x080004b0                HAL_NVIC_SetPriority
 .text.HAL_NVIC_EnableIRQ
                0x080004e8       0x1c CMakeFiles/maze_stm32_cubemx+clion.elf.dir/Drivers/STM32F1xx_HAL_Driver/Src/stm32f1xx_hal_cortex.c.obj
                0x080004e8                HAL_NVIC_EnableIRQ
 .text.HAL_SYSTICK_Config
                0x08000504       0x18 CMakeFiles/maze_stm32_cubemx+clion.elf.dir/Drivers/STM32F1xx_HAL_Driver/Src/stm32f1xx_hal_cortex.c.obj
                0x08000504                HAL_SYSTICK_Config
 .text.HAL_GPIO_Init
                0x0800051c      0x2d4 CMakeFiles/maze_stm32_cubemx+clion.elf.dir/Drivers/STM32F1xx_HAL_Driver/Src/stm32f1xx_hal_gpio.c.obj
                0x0800051c                HAL_GPIO_Init
 .text.HAL_GPIO_WritePin
                0x080007f0       0x30 CMakeFiles/maze_stm32_cubemx+clion.elf.dir/Drivers/STM32F1xx_HAL_Driver/Src/stm32f1xx_hal_gpio.c.obj
                0x080007f0                HAL_GPIO_WritePin
 .text.HAL_RCC_OscConfig
                0x08000820      0x4fc CMakeFiles/maze_stm32_cubemx+clion.elf.dir/Drivers/STM32F1xx_HAL_Driver/Src/stm32f1xx_hal_rcc.c.obj
                0x08000820                HAL_RCC_OscConfig
 .text.HAL_RCC_ClockConfig
                0x08000d1c      0x1d4 CMakeFiles/maze_stm32_cubemx+clion.elf.dir/Drivers/STM32F1xx_HAL_Driver/Src/stm32f1xx_hal_rcc.c.obj
                0x08000d1c                HAL_RCC_ClockConfig
 .text.HAL_RCC_GetSysClockFreq
                0x08000ef0       0xc8 CMakeFiles/maze_stm32_cubemx+clion.elf.dir/Drivers/STM32F1xx_HAL_Driver/Src/stm32f1xx_hal_rcc.c.obj
                0x08000ef0                HAL_RCC_GetSysClockFreq
 .text.RCC_Delay
                0x08000fb8       0x3c CMakeFiles/maze_stm32_cubemx+clion.elf.dir/Drivers/STM32F1xx_HAL_Driver/Src/stm32f1xx_hal_rcc.c.obj
 .text.HAL_TIM_Base_Init
                0x08000ff4       0x58 CMakeFiles/maze_stm32_cubemx+clion.elf.dir/Drivers/STM32F1xx_HAL_Driver/Src/stm32f1xx_hal_tim.c.obj
                0x08000ff4                HAL_TIM_Base_Init
 .text.HAL_TIM_PWM_Init
                0x0800104c       0x58 CMakeFiles/maze_stm32_cubemx+clion.elf.dir/Drivers/STM32F1xx_HAL_Driver/Src/stm32f1xx_hal_tim.c.obj
                0x0800104c                HAL_TIM_PWM_Init
 .text.HAL_TIM_Encoder_Init
                0x080010a4      0x11c CMakeFiles/maze_stm32_cubemx+clion.elf.dir/Drivers/STM32F1xx_HAL_Driver/Src/stm32f1xx_hal_tim.c.obj
                0x080010a4                HAL_TIM_Encoder_Init
 .text.HAL_TIM_IRQHandler
                0x080011c0      0x210 CMakeFiles/maze_stm32_cubemx+clion.elf.dir/Drivers/STM32F1xx_HAL_Driver/Src/stm32f1xx_hal_tim.c.obj
                0x080011c0                HAL_TIM_IRQHandler
 .text.HAL_TIM_PWM_ConfigChannel
                0x080013d0      0x18c CMakeFiles/maze_stm32_cubemx+clion.elf.dir/Drivers/STM32F1xx_HAL_Driver/Src/stm32f1xx_hal_tim.c.obj
                0x080013d0                HAL_TIM_PWM_ConfigChannel
 .text.HAL_TIM_PeriodElapsedCallback
                0x0800155c       0x14 CMakeFiles/maze_stm32_cubemx+clion.elf.dir/Drivers/STM32F1xx_HAL_Driver/Src/stm32f1xx_hal_tim.c.obj
                0x0800155c                HAL_TIM_PeriodElapsedCallback
 .text.HAL_TIM_OC_DelayElapsedCallback
                0x08001570       0x14 CMakeFiles/maze_stm32_cubemx+clion.elf.dir/Drivers/STM32F1xx_HAL_Driver/Src/stm32f1xx_hal_tim.c.obj
                0x08001570                HAL_TIM_OC_DelayElapsedCallback
 .text.HAL_TIM_IC_CaptureCallback
                0x08001584       0x14 CMakeFiles/maze_stm32_cubemx+clion.elf.dir/Drivers/STM32F1xx_HAL_Driver/Src/stm32f1xx_hal_tim.c.obj
                0x08001584                HAL_TIM_IC_CaptureCallback
 .text.HAL_TIM_PWM_PulseFinishedCallback
                0x08001598       0x14 CMakeFiles/maze_stm32_cubemx+clion.elf.dir/Drivers/STM32F1xx_HAL_Driver/Src/stm32f1xx_hal_tim.c.obj
                0x08001598                HAL_TIM_PWM_PulseFinishedCallback
 .text.HAL_TIM_TriggerCallback
                0x080015ac       0x14 CMakeFiles/maze_stm32_cubemx+clion.elf.dir/Drivers/STM32F1xx_HAL_Driver/Src/stm32f1xx_hal_tim.c.obj
                0x080015ac                HAL_TIM_TriggerCallback
 .text.TIM_Base_SetConfig
                0x080015c0       0xf4 CMakeFiles/maze_stm32_cubemx+clion.elf.dir/Drivers/STM32F1xx_HAL_Driver/Src/stm32f1xx_hal_tim.c.obj
                0x080015c0                TIM_Base_SetConfig
 .text.TIM_OC1_SetConfig
                0x080016b4       0xe0 CMakeFiles/maze_stm32_cubemx+clion.elf.dir/Drivers/STM32F1xx_HAL_Driver/Src/stm32f1xx_hal_tim.c.obj
 .text.TIM_OC2_SetConfig
                0x08001794       0xe8 CMakeFiles/maze_stm32_cubemx+clion.elf.dir/Drivers/STM32F1xx_HAL_Driver/Src/stm32f1xx_hal_tim.c.obj
                0x08001794                TIM_OC2_SetConfig
 .text.TIM_OC3_SetConfig
                0x0800187c       0xe8 CMakeFiles/maze_stm32_cubemx+clion.elf.dir/Drivers/STM32F1xx_HAL_Driver/Src/stm32f1xx_hal_tim.c.obj
 .text.TIM_OC4_SetConfig
                0x08001964       0xa8 CMakeFiles/maze_stm32_cubemx+clion.elf.dir/Drivers/STM32F1xx_HAL_Driver/Src/stm32f1xx_hal_tim.c.obj
 .text.HAL_TIMEx_MasterConfigSynchronization
                0x08001a0c       0x88 CMakeFiles/maze_stm32_cubemx+clion.elf.dir/Drivers/STM32F1xx_HAL_Driver/Src/stm32f1xx_hal_tim_ex.c.obj
                0x08001a0c                HAL_TIMEx_MasterConfigSynchronization
 .text.HAL_TIMEx_ConfigBreakDeadTime
                0x08001a94       0xa4 CMakeFiles/maze_stm32_cubemx+clion.elf.dir/Drivers/STM32F1xx_HAL_Driver/Src/stm32f1xx_hal_tim_ex.c.obj
                0x08001a94                HAL_TIMEx_ConfigBreakDeadTime
 .text.HAL_TIMEx_CommutCallback
                0x08001b38       0x14 CMakeFiles/maze_stm32_cubemx+clion.elf.dir/Drivers/STM32F1xx_HAL_Driver/Src/stm32f1xx_hal_tim_ex.c.obj
                0x08001b38                HAL_TIMEx_CommutCallback
 .text.HAL_TIMEx_BreakCallback
                0x08001b4c       0x14 CMakeFiles/maze_stm32_cubemx+clion.elf.dir/Drivers/STM32F1xx_HAL_Driver/Src/stm32f1xx_hal_tim_ex.c.obj
                0x08001b4c                HAL_TIMEx_BreakCallback
 .text.test     0x08001b60       0x20 CMakeFiles/maze_stm32_cubemx+clion.elf.dir/Src/User/motor.c.obj
                0x08001b60                test
 .text.MX_GPIO_Init
                0x08001b80       0xc8 CMakeFiles/maze_stm32_cubemx+clion.elf.dir/Src/gpio.c.obj
                0x08001b80                MX_GPIO_Init
 .text.main     0x08001c48       0x28 CMakeFiles/maze_stm32_cubemx+clion.elf.dir/Src/main.c.obj
                0x08001c48                main
 .text.SystemClock_Config
                0x08001c70       0x8c CMakeFiles/maze_stm32_cubemx+clion.elf.dir/Src/main.c.obj
                0x08001c70                SystemClock_Config
 .text.Error_Handler
                0x08001cfc        0xc CMakeFiles/maze_stm32_cubemx+clion.elf.dir/Src/main.c.obj
                0x08001cfc                Error_Handler
 .text.HAL_MspInit
                0x08001d08       0x64 CMakeFiles/maze_stm32_cubemx+clion.elf.dir/Src/stm32f1xx_hal_msp.c.obj
                0x08001d08                HAL_MspInit
 .text.NMI_Handler
                0x08001d6c        0xc CMakeFiles/maze_stm32_cubemx+clion.elf.dir/Src/stm32f1xx_it.c.obj
                0x08001d6c                NMI_Handler
 .text.HardFault_Handler
                0x08001d78        0x8 CMakeFiles/maze_stm32_cubemx+clion.elf.dir/Src/stm32f1xx_it.c.obj
                0x08001d78                HardFault_Handler
 .text.MemManage_Handler
                0x08001d80        0x8 CMakeFiles/maze_stm32_cubemx+clion.elf.dir/Src/stm32f1xx_it.c.obj
                0x08001d80                MemManage_Handler
 .text.BusFault_Handler
                0x08001d88        0x8 CMakeFiles/maze_stm32_cubemx+clion.elf.dir/Src/stm32f1xx_it.c.obj
                0x08001d88                BusFault_Handler
 .text.UsageFault_Handler
                0x08001d90        0x8 CMakeFiles/maze_stm32_cubemx+clion.elf.dir/Src/stm32f1xx_it.c.obj
                0x08001d90                UsageFault_Handler
 .text.SVC_Handler
                0x08001d98        0xc CMakeFiles/maze_stm32_cubemx+clion.elf.dir/Src/stm32f1xx_it.c.obj
                0x08001d98                SVC_Handler
 .text.DebugMon_Handler
                0x08001da4        0xc CMakeFiles/maze_stm32_cubemx+clion.elf.dir/Src/stm32f1xx_it.c.obj
                0x08001da4                DebugMon_Handler
 .text.PendSV_Handler
                0x08001db0        0xc CMakeFiles/maze_stm32_cubemx+clion.elf.dir/Src/stm32f1xx_it.c.obj
                0x08001db0                PendSV_Handler
 .text.SysTick_Handler
                0x08001dbc        0xc CMakeFiles/maze_stm32_cubemx+clion.elf.dir/Src/stm32f1xx_it.c.obj
                0x08001dbc                SysTick_Handler
 .text.TIM6_IRQHandler
                0x08001dc8       0x14 CMakeFiles/maze_stm32_cubemx+clion.elf.dir/Src/stm32f1xx_it.c.obj
                0x08001dc8                TIM6_IRQHandler
 .text.SystemInit
                0x08001ddc       0x68 CMakeFiles/maze_stm32_cubemx+clion.elf.dir/Src/system_stm32f1xx.c.obj
                0x08001ddc                SystemInit
 .text.MX_TIM3_Init
                0x08001e44       0xa8 CMakeFiles/maze_stm32_cubemx+clion.elf.dir/Src/tim.c.obj
                0x08001e44                MX_TIM3_Init
 .text.MX_TIM4_Init
                0x08001eec       0xa8 CMakeFiles/maze_stm32_cubemx+clion.elf.dir/Src/tim.c.obj
                0x08001eec                MX_TIM4_Init
 .text.MX_TIM6_Init
                0x08001f94       0x6c CMakeFiles/maze_stm32_cubemx+clion.elf.dir/Src/tim.c.obj
                0x08001f94                MX_TIM6_Init
 .text.MX_TIM8_Init
                0x08002000      0x150 CMakeFiles/maze_stm32_cubemx+clion.elf.dir/Src/tim.c.obj
                0x08002000                MX_TIM8_Init
 .text.HAL_TIM_Encoder_MspInit
                0x08002150       0xd8 CMakeFiles/maze_stm32_cubemx+clion.elf.dir/Src/tim.c.obj
                0x08002150                HAL_TIM_Encoder_MspInit
 .text.HAL_TIM_Base_MspInit
                0x08002228       0x4c CMakeFiles/maze_stm32_cubemx+clion.elf.dir/Src/tim.c.obj
                0x08002228                HAL_TIM_Base_MspInit
 .text.HAL_TIM_PWM_MspInit
                0x08002274       0x3c CMakeFiles/maze_stm32_cubemx+clion.elf.dir/Src/tim.c.obj
                0x08002274                HAL_TIM_PWM_MspInit
 .text.HAL_TIM_MspPostInit
                0x080022b0       0x68 CMakeFiles/maze_stm32_cubemx+clion.elf.dir/Src/tim.c.obj
                0x080022b0                HAL_TIM_MspPostInit
 .text.Reset_Handler
                0x08002318       0x48 CMakeFiles/maze_stm32_cubemx+clion.elf.dir/startup/startup_stm32f103xe.s.obj
                0x08002318                Reset_Handler
 .text.Default_Handler
                0x08002360        0x2 CMakeFiles/maze_stm32_cubemx+clion.elf.dir/startup/startup_stm32f103xe.s.obj
                0x08002360                RTC_Alarm_IRQHandler
                0x08002360                EXTI2_IRQHandler
                0x08002360                TIM8_TRG_COM_IRQHandler
                0x08002360                TIM8_CC_IRQHandler
                0x08002360                TIM1_CC_IRQHandler
                0x08002360                PVD_IRQHandler
                0x08002360                SDIO_IRQHandler
                0x08002360                EXTI3_IRQHandler
                0x08002360                EXTI0_IRQHandler
                0x08002360                I2C2_EV_IRQHandler
                0x08002360                ADC1_2_IRQHandler
                0x08002360                SPI1_IRQHandler
                0x08002360                TAMPER_IRQHandler
                0x08002360                TIM8_UP_IRQHandler
                0x08002360                DMA2_Channel2_IRQHandler
                0x08002360                DMA1_Channel4_IRQHandler
                0x08002360                USART3_IRQHandler
                0x08002360                RTC_IRQHandler
                0x08002360                DMA1_Channel7_IRQHandler
                0x08002360                CAN1_RX1_IRQHandler
                0x08002360                UART5_IRQHandler
                0x08002360                ADC3_IRQHandler
                0x08002360                TIM4_IRQHandler
                0x08002360                DMA2_Channel1_IRQHandler
                0x08002360                I2C1_EV_IRQHandler
                0x08002360                DMA1_Channel6_IRQHandler
                0x08002360                UART4_IRQHandler
                0x08002360                TIM3_IRQHandler
                0x08002360                RCC_IRQHandler
                0x08002360                TIM1_TRG_COM_IRQHandler
                0x08002360                DMA1_Channel1_IRQHandler
                0x08002360                Default_Handler
                0x08002360                EXTI15_10_IRQHandler
                0x08002360                TIM7_IRQHandler
                0x08002360                TIM5_IRQHandler
                0x08002360                EXTI9_5_IRQHandler
                0x08002360                SPI2_IRQHandler
                0x08002360                DMA1_Channel5_IRQHandler
                0x08002360                EXTI4_IRQHandler
                0x08002360                USB_LP_CAN1_RX0_IRQHandler
                0x08002360                USB_HP_CAN1_TX_IRQHandler
                0x08002360                DMA1_Channel3_IRQHandler
                0x08002360                FSMC_IRQHandler
                0x08002360                TIM1_UP_IRQHandler
                0x08002360                WWDG_IRQHandler
                0x08002360                TIM2_IRQHandler
                0x08002360                TIM1_BRK_IRQHandler
                0x08002360                EXTI1_IRQHandler
                0x08002360                DMA2_Channel4_5_IRQHandler
                0x08002360                USART2_IRQHandler
                0x08002360                I2C2_ER_IRQHandler
                0x08002360                DMA1_Channel2_IRQHandler
                0x08002360                TIM8_BRK_IRQHandler
                0x08002360                CAN1_SCE_IRQHandler
                0x08002360                FLASH_IRQHandler
                0x08002360                USART1_IRQHandler
                0x08002360                SPI3_IRQHandler
                0x08002360                I2C1_ER_IRQHandler
                0x08002360                USBWakeUp_IRQHandler
                0x08002360                DMA2_Channel3_IRQHandler
 *fill*         0x08002362        0x2 
 .text.__libc_init_array
                0x08002364       0x4c c:/progra~2/gnutoo~1/50a5a~1.420/bin/../lib/gcc/arm-none-eabi/5.4.1/../../../../arm-none-eabi/lib/armv7-m\libg_nano.a(lib_a-init.o)
                0x08002364                __libc_init_array
 .text.memset   0x080023b0       0x10 c:/progra~2/gnutoo~1/50a5a~1.420/bin/../lib/gcc/arm-none-eabi/5.4.1/../../../../arm-none-eabi/lib/armv7-m\libg_nano.a(lib_a-memset.o)
                0x080023b0                memset
 *(.glue_7)
 .glue_7        0x080023c0        0x0 linker stubs
 *(.glue_7t)
 .glue_7t       0x080023c0        0x0 linker stubs
 *(.eh_frame)
 .eh_frame      0x080023c0        0x0 c:/progra~2/gnutoo~1/50a5a~1.420/bin/../lib/gcc/arm-none-eabi/5.4.1/armv7-m/crtbegin.o
 *(.init)
 .init          0x080023c0        0x4 c:/progra~2/gnutoo~1/50a5a~1.420/bin/../lib/gcc/arm-none-eabi/5.4.1/armv7-m/crti.o
                0x080023c0                _init
 .init          0x080023c4        0x8 c:/progra~2/gnutoo~1/50a5a~1.420/bin/../lib/gcc/arm-none-eabi/5.4.1/armv7-m/crtn.o
 *(.fini)
 .fini          0x080023cc        0x4 c:/progra~2/gnutoo~1/50a5a~1.420/bin/../lib/gcc/arm-none-eabi/5.4.1/armv7-m/crti.o
                0x080023cc                _fini
 .fini          0x080023d0        0x8 c:/progra~2/gnutoo~1/50a5a~1.420/bin/../lib/gcc/arm-none-eabi/5.4.1/armv7-m/crtn.o
                0x080023d8                . = ALIGN (0x4)
                0x080023d8                _etext = .

.vfp11_veneer   0x080023d8        0x0
 .vfp11_veneer  0x080023d8        0x0 linker stubs

.v4_bx          0x080023d8        0x0
 .v4_bx         0x080023d8        0x0 linker stubs

.iplt           0x080023d8        0x0
 .iplt          0x080023d8        0x0 c:/progra~2/gnutoo~1/50a5a~1.420/bin/../lib/gcc/arm-none-eabi/5.4.1/armv7-m/crtbegin.o

.rodata         0x080023d8       0x24
                0x080023d8                . = ALIGN (0x4)
 *(.rodata)
 .rodata        0x080023d8       0x12 CMakeFiles/maze_stm32_cubemx+clion.elf.dir/Drivers/STM32F1xx_HAL_Driver/Src/stm32f1xx_hal_rcc.c.obj
 *(.rodata*)
 *fill*         0x080023ea        0x2 
 .rodata.AHBPrescTable
                0x080023ec       0x10 CMakeFiles/maze_stm32_cubemx+clion.elf.dir/Src/system_stm32f1xx.c.obj
                0x080023ec                AHBPrescTable
                0x080023fc                . = ALIGN (0x4)

.rel.dyn        0x080023fc        0x0
 .rel.iplt      0x080023fc        0x0 c:/progra~2/gnutoo~1/50a5a~1.420/bin/../lib/gcc/arm-none-eabi/5.4.1/armv7-m/crtbegin.o

.ARM.extab
 *(.ARM.extab* .gnu.linkonce.armextab.*)

.ARM            0x080023fc        0x0
                0x080023fc                __exidx_start = .
 *(.ARM.exidx*)
                0x080023fc                __exidx_end = .

.preinit_array  0x080023fc        0x0
                0x080023fc                PROVIDE (__preinit_array_start, .)
 *(.preinit_array*)
                0x080023fc                PROVIDE (__preinit_array_end, .)

.init_array     0x080023fc        0x4
                0x080023fc                PROVIDE (__init_array_start, .)
 *(SORT(.init_array.*))
 *(.init_array*)
 .init_array    0x080023fc        0x4 c:/progra~2/gnutoo~1/50a5a~1.420/bin/../lib/gcc/arm-none-eabi/5.4.1/armv7-m/crtbegin.o
                0x08002400                PROVIDE (__init_array_end, .)

.fini_array     0x08002400        0x4
                [!provide]                PROVIDE (__fini_array_start, .)
 *(SORT(.fini_array.*))
 *(.fini_array*)
 .fini_array    0x08002400        0x4 c:/progra~2/gnutoo~1/50a5a~1.420/bin/../lib/gcc/arm-none-eabi/5.4.1/armv7-m/crtbegin.o
                [!provide]                PROVIDE (__fini_array_end, .)
                0x08002404                _sidata = LOADADDR (.data)

.data           0x20000000        0xc load address 0x08002404
                0x20000000                . = ALIGN (0x4)
                0x20000000                _sdata = .
 *(.data)
 *(.data*)
 .data.uwTickPrio
                0x20000000        0x4 CMakeFiles/maze_stm32_cubemx+clion.elf.dir/Drivers/STM32F1xx_HAL_Driver/Src/stm32f1xx_hal.c.obj
                0x20000000                uwTickPrio
 .data.uwTickFreq
                0x20000004        0x1 CMakeFiles/maze_stm32_cubemx+clion.elf.dir/Drivers/STM32F1xx_HAL_Driver/Src/stm32f1xx_hal.c.obj
                0x20000004                uwTickFreq
 *fill*         0x20000005        0x3 
 .data.SystemCoreClock
                0x20000008        0x4 CMakeFiles/maze_stm32_cubemx+clion.elf.dir/Src/system_stm32f1xx.c.obj
                0x20000008                SystemCoreClock
                0x2000000c                . = ALIGN (0x4)
                0x2000000c                _edata = .

.jcr            0x2000000c        0x0 load address 0x08002410
 .jcr           0x2000000c        0x0 c:/progra~2/gnutoo~1/50a5a~1.420/bin/../lib/gcc/arm-none-eabi/5.4.1/armv7-m/crtbegin.o

.igot.plt       0x2000000c        0x0 load address 0x08002410
 .igot.plt      0x2000000c        0x0 c:/progra~2/gnutoo~1/50a5a~1.420/bin/../lib/gcc/arm-none-eabi/5.4.1/armv7-m/crtbegin.o
                0x2000000c                . = ALIGN (0x4)

.bss            0x2000000c      0x120 load address 0x08002410
                0x2000000c                _sbss = .
                0x2000000c                __bss_start__ = _sbss
 *(.bss)
 .bss           0x2000000c       0x1c c:/progra~2/gnutoo~1/50a5a~1.420/bin/../lib/gcc/arm-none-eabi/5.4.1/armv7-m/crtbegin.o
 *(.bss*)
 .bss.uwTick    0x20000028        0x4 CMakeFiles/maze_stm32_cubemx+clion.elf.dir/Drivers/STM32F1xx_HAL_Driver/Src/stm32f1xx_hal.c.obj
                0x20000028                uwTick
 .bss.htim3     0x2000002c       0x40 CMakeFiles/maze_stm32_cubemx+clion.elf.dir/Src/tim.c.obj
                0x2000002c                htim3
 .bss.htim4     0x2000006c       0x40 CMakeFiles/maze_stm32_cubemx+clion.elf.dir/Src/tim.c.obj
                0x2000006c                htim4
 .bss.htim6     0x200000ac       0x40 CMakeFiles/maze_stm32_cubemx+clion.elf.dir/Src/tim.c.obj
                0x200000ac                htim6
 .bss.htim8     0x200000ec       0x40 CMakeFiles/maze_stm32_cubemx+clion.elf.dir/Src/tim.c.obj
                0x200000ec                htim8
 *(COMMON)
                0x2000012c                . = ALIGN (0x4)
                0x2000012c                _ebss = .
                0x2000012c                __bss_end__ = _ebss

._user_heap_stack
                0x2000012c      0x604 load address 0x08002410
                0x20000130                . = ALIGN (0x8)
 *fill*         0x2000012c        0x4 
                0x20000130                PROVIDE (end, .)
                [!provide]                PROVIDE (_end, .)
                0x20000330                . = (. + _Min_Heap_Size)
 *fill*         0x20000130      0x200 
                0x20000730                . = (. + _Min_Stack_Size)
 *fill*         0x20000330      0x400 
                0x20000730                . = ALIGN (0x8)

/DISCARD/
 libc.a(*)
 libm.a(*)
 libgcc.a(*)

.ARM.attributes
                0x00000000       0x29
 *(.ARM.attributes)
 .ARM.attributes
                0x00000000       0x1d c:/progra~2/gnutoo~1/50a5a~1.420/bin/../lib/gcc/arm-none-eabi/5.4.1/armv7-m/crti.o
 .ARM.attributes
                0x0000001d       0x2d c:/progra~2/gnutoo~1/50a5a~1.420/bin/../lib/gcc/arm-none-eabi/5.4.1/armv7-m/crtbegin.o
 .ARM.attributes
                0x0000004a       0x33 CMakeFiles/maze_stm32_cubemx+clion.elf.dir/Drivers/STM32F1xx_HAL_Driver/Src/stm32f1xx_hal.c.obj
 .ARM.attributes
                0x0000007d       0x33 CMakeFiles/maze_stm32_cubemx+clion.elf.dir/Drivers/STM32F1xx_HAL_Driver/Src/stm32f1xx_hal_cortex.c.obj
 .ARM.attributes
                0x000000b0       0x33 CMakeFiles/maze_stm32_cubemx+clion.elf.dir/Drivers/STM32F1xx_HAL_Driver/Src/stm32f1xx_hal_gpio.c.obj
 .ARM.attributes
                0x000000e3       0x33 CMakeFiles/maze_stm32_cubemx+clion.elf.dir/Drivers/STM32F1xx_HAL_Driver/Src/stm32f1xx_hal_rcc.c.obj
 .ARM.attributes
                0x00000116       0x33 CMakeFiles/maze_stm32_cubemx+clion.elf.dir/Drivers/STM32F1xx_HAL_Driver/Src/stm32f1xx_hal_tim.c.obj
 .ARM.attributes
                0x00000149       0x33 CMakeFiles/maze_stm32_cubemx+clion.elf.dir/Drivers/STM32F1xx_HAL_Driver/Src/stm32f1xx_hal_tim_ex.c.obj
 .ARM.attributes
                0x0000017c       0x33 CMakeFiles/maze_stm32_cubemx+clion.elf.dir/Src/User/motor.c.obj
 .ARM.attributes
                0x000001af       0x33 CMakeFiles/maze_stm32_cubemx+clion.elf.dir/Src/gpio.c.obj
 .ARM.attributes
                0x000001e2       0x33 CMakeFiles/maze_stm32_cubemx+clion.elf.dir/Src/main.c.obj
 .ARM.attributes
                0x00000215       0x33 CMakeFiles/maze_stm32_cubemx+clion.elf.dir/Src/stm32f1xx_hal_msp.c.obj
 .ARM.attributes
                0x00000248       0x33 CMakeFiles/maze_stm32_cubemx+clion.elf.dir/Src/stm32f1xx_it.c.obj
 .ARM.attributes
                0x0000027b       0x33 CMakeFiles/maze_stm32_cubemx+clion.elf.dir/Src/system_stm32f1xx.c.obj
 .ARM.attributes
                0x000002ae       0x33 CMakeFiles/maze_stm32_cubemx+clion.elf.dir/Src/tim.c.obj
 .ARM.attributes
                0x000002e1       0x21 CMakeFiles/maze_stm32_cubemx+clion.elf.dir/startup/startup_stm32f103xe.s.obj
 .ARM.attributes
                0x00000302       0x2d c:/progra~2/gnutoo~1/50a5a~1.420/bin/../lib/gcc/arm-none-eabi/5.4.1/../../../../arm-none-eabi/lib/armv7-m\libg_nano.a(lib_a-init.o)
 .ARM.attributes
                0x0000032f       0x2d c:/progra~2/gnutoo~1/50a5a~1.420/bin/../lib/gcc/arm-none-eabi/5.4.1/../../../../arm-none-eabi/lib/armv7-m\libg_nano.a(lib_a-memset.o)
 .ARM.attributes
                0x0000035c       0x1d c:/progra~2/gnutoo~1/50a5a~1.420/bin/../lib/gcc/arm-none-eabi/5.4.1/armv7-m/crtn.o
OUTPUT(maze_stm32_cubemx+clion.elf elf32-littlearm)

.debug_info     0x00000000     0x7223
 .debug_info    0x00000000      0x6f0 CMakeFiles/maze_stm32_cubemx+clion.elf.dir/Drivers/STM32F1xx_HAL_Driver/Src/stm32f1xx_hal.c.obj
 .debug_info    0x000006f0      0xb20 CMakeFiles/maze_stm32_cubemx+clion.elf.dir/Drivers/STM32F1xx_HAL_Driver/Src/stm32f1xx_hal_cortex.c.obj
 .debug_info    0x00001210      0x5ca CMakeFiles/maze_stm32_cubemx+clion.elf.dir/Drivers/STM32F1xx_HAL_Driver/Src/stm32f1xx_hal_gpio.c.obj
 .debug_info    0x000017da      0x7c6 CMakeFiles/maze_stm32_cubemx+clion.elf.dir/Drivers/STM32F1xx_HAL_Driver/Src/stm32f1xx_hal_rcc.c.obj
 .debug_info    0x00001fa0     0x239e CMakeFiles/maze_stm32_cubemx+clion.elf.dir/Drivers/STM32F1xx_HAL_Driver/Src/stm32f1xx_hal_tim.c.obj
 .debug_info    0x0000433e     0x1049 CMakeFiles/maze_stm32_cubemx+clion.elf.dir/Drivers/STM32F1xx_HAL_Driver/Src/stm32f1xx_hal_tim_ex.c.obj
 .debug_info    0x00005387       0x4b CMakeFiles/maze_stm32_cubemx+clion.elf.dir/Src/User/motor.c.obj
 .debug_info    0x000053d2      0x2bc CMakeFiles/maze_stm32_cubemx+clion.elf.dir/Src/gpio.c.obj
 .debug_info    0x0000568e      0x228 CMakeFiles/maze_stm32_cubemx+clion.elf.dir/Src/main.c.obj
 .debug_info    0x000058b6      0x21a CMakeFiles/maze_stm32_cubemx+clion.elf.dir/Src/stm32f1xx_hal_msp.c.obj
 .debug_info    0x00005ad0      0x5df CMakeFiles/maze_stm32_cubemx+clion.elf.dir/Src/stm32f1xx_it.c.obj
 .debug_info    0x000060af      0x3ce CMakeFiles/maze_stm32_cubemx+clion.elf.dir/Src/system_stm32f1xx.c.obj
 .debug_info    0x0000647d      0xcd8 CMakeFiles/maze_stm32_cubemx+clion.elf.dir/Src/tim.c.obj
 .debug_info    0x00007155       0xce CMakeFiles/maze_stm32_cubemx+clion.elf.dir/startup/startup_stm32f103xe.s.obj

.debug_abbrev   0x00000000     0x13bb
 .debug_abbrev  0x00000000      0x1b2 CMakeFiles/maze_stm32_cubemx+clion.elf.dir/Drivers/STM32F1xx_HAL_Driver/Src/stm32f1xx_hal.c.obj
 .debug_abbrev  0x000001b2      0x2bd CMakeFiles/maze_stm32_cubemx+clion.elf.dir/Drivers/STM32F1xx_HAL_Driver/Src/stm32f1xx_hal_cortex.c.obj
 .debug_abbrev  0x0000046f      0x1a1 CMakeFiles/maze_stm32_cubemx+clion.elf.dir/Drivers/STM32F1xx_HAL_Driver/Src/stm32f1xx_hal_gpio.c.obj
 .debug_abbrev  0x00000610      0x23e CMakeFiles/maze_stm32_cubemx+clion.elf.dir/Drivers/STM32F1xx_HAL_Driver/Src/stm32f1xx_hal_rcc.c.obj
 .debug_abbrev  0x0000084e      0x1f5 CMakeFiles/maze_stm32_cubemx+clion.elf.dir/Drivers/STM32F1xx_HAL_Driver/Src/stm32f1xx_hal_tim.c.obj
 .debug_abbrev  0x00000a43      0x1fd CMakeFiles/maze_stm32_cubemx+clion.elf.dir/Drivers/STM32F1xx_HAL_Driver/Src/stm32f1xx_hal_tim_ex.c.obj
 .debug_abbrev  0x00000c40       0x44 CMakeFiles/maze_stm32_cubemx+clion.elf.dir/Src/User/motor.c.obj
 .debug_abbrev  0x00000c84      0x105 CMakeFiles/maze_stm32_cubemx+clion.elf.dir/Src/gpio.c.obj
 .debug_abbrev  0x00000d89       0xf8 CMakeFiles/maze_stm32_cubemx+clion.elf.dir/Src/main.c.obj
 .debug_abbrev  0x00000e81       0xd4 CMakeFiles/maze_stm32_cubemx+clion.elf.dir/Src/stm32f1xx_hal_msp.c.obj
 .debug_abbrev  0x00000f55      0x14a CMakeFiles/maze_stm32_cubemx+clion.elf.dir/Src/stm32f1xx_it.c.obj
 .debug_abbrev  0x0000109f      0x120 CMakeFiles/maze_stm32_cubemx+clion.elf.dir/Src/system_stm32f1xx.c.obj
 .debug_abbrev  0x000011bf      0x1ea CMakeFiles/maze_stm32_cubemx+clion.elf.dir/Src/tim.c.obj
 .debug_abbrev  0x000013a9       0x12 CMakeFiles/maze_stm32_cubemx+clion.elf.dir/startup/startup_stm32f103xe.s.obj

.debug_aranges  0x00000000      0x978
 .debug_aranges
                0x00000000       0xe0 CMakeFiles/maze_stm32_cubemx+clion.elf.dir/Drivers/STM32F1xx_HAL_Driver/Src/stm32f1xx_hal.c.obj
 .debug_aranges
                0x000000e0      0x100 CMakeFiles/maze_stm32_cubemx+clion.elf.dir/Drivers/STM32F1xx_HAL_Driver/Src/stm32f1xx_hal_cortex.c.obj
 .debug_aranges
                0x000001e0       0x58 CMakeFiles/maze_stm32_cubemx+clion.elf.dir/Drivers/STM32F1xx_HAL_Driver/Src/stm32f1xx_hal_gpio.c.obj
 .debug_aranges
                0x00000238       0x90 CMakeFiles/maze_stm32_cubemx+clion.elf.dir/Drivers/STM32F1xx_HAL_Driver/Src/stm32f1xx_hal_rcc.c.obj
 .debug_aranges
                0x000002c8      0x3a8 CMakeFiles/maze_stm32_cubemx+clion.elf.dir/Drivers/STM32F1xx_HAL_Driver/Src/stm32f1xx_hal_tim.c.obj
 .debug_aranges
                0x00000670      0x150 CMakeFiles/maze_stm32_cubemx+clion.elf.dir/Drivers/STM32F1xx_HAL_Driver/Src/stm32f1xx_hal_tim_ex.c.obj
 .debug_aranges
                0x000007c0       0x20 CMakeFiles/maze_stm32_cubemx+clion.elf.dir/Src/User/motor.c.obj
 .debug_aranges
                0x000007e0       0x20 CMakeFiles/maze_stm32_cubemx+clion.elf.dir/Src/gpio.c.obj
 .debug_aranges
                0x00000800       0x30 CMakeFiles/maze_stm32_cubemx+clion.elf.dir/Src/main.c.obj
 .debug_aranges
                0x00000830       0x20 CMakeFiles/maze_stm32_cubemx+clion.elf.dir/Src/stm32f1xx_hal_msp.c.obj
 .debug_aranges
                0x00000850       0x68 CMakeFiles/maze_stm32_cubemx+clion.elf.dir/Src/stm32f1xx_it.c.obj
 .debug_aranges
                0x000008b8       0x28 CMakeFiles/maze_stm32_cubemx+clion.elf.dir/Src/system_stm32f1xx.c.obj
 .debug_aranges
                0x000008e0       0x70 CMakeFiles/maze_stm32_cubemx+clion.elf.dir/Src/tim.c.obj
 .debug_aranges
                0x00000950       0x28 CMakeFiles/maze_stm32_cubemx+clion.elf.dir/startup/startup_stm32f103xe.s.obj

.debug_ranges   0x00000000      0x8a0
 .debug_ranges  0x00000000       0xd0 CMakeFiles/maze_stm32_cubemx+clion.elf.dir/Drivers/STM32F1xx_HAL_Driver/Src/stm32f1xx_hal.c.obj
 .debug_ranges  0x000000d0       0xf0 CMakeFiles/maze_stm32_cubemx+clion.elf.dir/Drivers/STM32F1xx_HAL_Driver/Src/stm32f1xx_hal_cortex.c.obj
 .debug_ranges  0x000001c0       0x48 CMakeFiles/maze_stm32_cubemx+clion.elf.dir/Drivers/STM32F1xx_HAL_Driver/Src/stm32f1xx_hal_gpio.c.obj
 .debug_ranges  0x00000208       0x80 CMakeFiles/maze_stm32_cubemx+clion.elf.dir/Drivers/STM32F1xx_HAL_Driver/Src/stm32f1xx_hal_rcc.c.obj
 .debug_ranges  0x00000288      0x398 CMakeFiles/maze_stm32_cubemx+clion.elf.dir/Drivers/STM32F1xx_HAL_Driver/Src/stm32f1xx_hal_tim.c.obj
 .debug_ranges  0x00000620      0x140 CMakeFiles/maze_stm32_cubemx+clion.elf.dir/Drivers/STM32F1xx_HAL_Driver/Src/stm32f1xx_hal_tim_ex.c.obj
 .debug_ranges  0x00000760       0x10 CMakeFiles/maze_stm32_cubemx+clion.elf.dir/Src/User/motor.c.obj
 .debug_ranges  0x00000770       0x10 CMakeFiles/maze_stm32_cubemx+clion.elf.dir/Src/gpio.c.obj
 .debug_ranges  0x00000780       0x20 CMakeFiles/maze_stm32_cubemx+clion.elf.dir/Src/main.c.obj
 .debug_ranges  0x000007a0       0x10 CMakeFiles/maze_stm32_cubemx+clion.elf.dir/Src/stm32f1xx_hal_msp.c.obj
 .debug_ranges  0x000007b0       0x58 CMakeFiles/maze_stm32_cubemx+clion.elf.dir/Src/stm32f1xx_it.c.obj
 .debug_ranges  0x00000808       0x18 CMakeFiles/maze_stm32_cubemx+clion.elf.dir/Src/system_stm32f1xx.c.obj
 .debug_ranges  0x00000820       0x60 CMakeFiles/maze_stm32_cubemx+clion.elf.dir/Src/tim.c.obj
 .debug_ranges  0x00000880       0x20 CMakeFiles/maze_stm32_cubemx+clion.elf.dir/startup/startup_stm32f103xe.s.obj

.debug_line     0x00000000     0x42d2
 .debug_line    0x00000000      0x482 CMakeFiles/maze_stm32_cubemx+clion.elf.dir/Drivers/STM32F1xx_HAL_Driver/Src/stm32f1xx_hal.c.obj
 .debug_line    0x00000482      0x4d2 CMakeFiles/maze_stm32_cubemx+clion.elf.dir/Drivers/STM32F1xx_HAL_Driver/Src/stm32f1xx_hal_cortex.c.obj
 .debug_line    0x00000954      0x499 CMakeFiles/maze_stm32_cubemx+clion.elf.dir/Drivers/STM32F1xx_HAL_Driver/Src/stm32f1xx_hal_gpio.c.obj
 .debug_line    0x00000ded      0x59c CMakeFiles/maze_stm32_cubemx+clion.elf.dir/Drivers/STM32F1xx_HAL_Driver/Src/stm32f1xx_hal_rcc.c.obj
 .debug_line    0x00001389     0x1512 CMakeFiles/maze_stm32_cubemx+clion.elf.dir/Drivers/STM32F1xx_HAL_Driver/Src/stm32f1xx_hal_tim.c.obj
 .debug_line    0x0000289b      0x8c3 CMakeFiles/maze_stm32_cubemx+clion.elf.dir/Drivers/STM32F1xx_HAL_Driver/Src/stm32f1xx_hal_tim_ex.c.obj
 .debug_line    0x0000315e       0x85 CMakeFiles/maze_stm32_cubemx+clion.elf.dir/Src/User/motor.c.obj
 .debug_line    0x000031e3      0x271 CMakeFiles/maze_stm32_cubemx+clion.elf.dir/Src/gpio.c.obj
 .debug_line    0x00003454      0x25d CMakeFiles/maze_stm32_cubemx+clion.elf.dir/Src/main.c.obj
 .debug_line    0x000036b1      0x1fd CMakeFiles/maze_stm32_cubemx+clion.elf.dir/Src/stm32f1xx_hal_msp.c.obj
 .debug_line    0x000038ae      0x343 CMakeFiles/maze_stm32_cubemx+clion.elf.dir/Src/stm32f1xx_it.c.obj
 .debug_line    0x00003bf1      0x246 CMakeFiles/maze_stm32_cubemx+clion.elf.dir/Src/system_stm32f1xx.c.obj
 .debug_line    0x00003e37      0x3e4 CMakeFiles/maze_stm32_cubemx+clion.elf.dir/Src/tim.c.obj
 .debug_line    0x0000421b       0xb7 CMakeFiles/maze_stm32_cubemx+clion.elf.dir/startup/startup_stm32f103xe.s.obj

.debug_str      0x00000000     0x2db2
 .debug_str     0x00000000      0x89c CMakeFiles/maze_stm32_cubemx+clion.elf.dir/Drivers/STM32F1xx_HAL_Driver/Src/stm32f1xx_hal.c.obj
                                0x8f8 (size before relaxing)
 .debug_str     0x0000089c      0x44e CMakeFiles/maze_stm32_cubemx+clion.elf.dir/Drivers/STM32F1xx_HAL_Driver/Src/stm32f1xx_hal_cortex.c.obj
                                0x9e7 (size before relaxing)
 .debug_str     0x00000cea      0x209 CMakeFiles/maze_stm32_cubemx+clion.elf.dir/Drivers/STM32F1xx_HAL_Driver/Src/stm32f1xx_hal_gpio.c.obj
                                0x442 (size before relaxing)
 .debug_str     0x00000ef3      0x380 CMakeFiles/maze_stm32_cubemx+clion.elf.dir/Drivers/STM32F1xx_HAL_Driver/Src/stm32f1xx_hal_rcc.c.obj
                                0x646 (size before relaxing)
 .debug_str     0x00001273     0x11b0 CMakeFiles/maze_stm32_cubemx+clion.elf.dir/Drivers/STM32F1xx_HAL_Driver/Src/stm32f1xx_hal_tim.c.obj
                               0x1420 (size before relaxing)
 .debug_str     0x00002423      0x5b3 CMakeFiles/maze_stm32_cubemx+clion.elf.dir/Drivers/STM32F1xx_HAL_Driver/Src/stm32f1xx_hal_tim_ex.c.obj
                                0xc20 (size before relaxing)
 .debug_str     0x000029d6       0x53 CMakeFiles/maze_stm32_cubemx+clion.elf.dir/Src/User/motor.c.obj
                                0x11a (size before relaxing)
 .debug_str     0x00002a29       0x65 CMakeFiles/maze_stm32_cubemx+clion.elf.dir/Src/gpio.c.obj
                                0x29a (size before relaxing)
 .debug_str     0x00002a8e       0x6e CMakeFiles/maze_stm32_cubemx+clion.elf.dir/Src/main.c.obj
                                0x32b (size before relaxing)
 .debug_str     0x00002afc       0x55 CMakeFiles/maze_stm32_cubemx+clion.elf.dir/Src/stm32f1xx_hal_msp.c.obj
                                0x25c (size before relaxing)
 .debug_str     0x00002b51       0xf6 CMakeFiles/maze_stm32_cubemx+clion.elf.dir/Src/stm32f1xx_it.c.obj
                                0x62f (size before relaxing)
 .debug_str     0x00002c47       0x87 CMakeFiles/maze_stm32_cubemx+clion.elf.dir/Src/system_stm32f1xx.c.obj
                                0x2ef (size before relaxing)
 .debug_str     0x00002cce       0xe4 CMakeFiles/maze_stm32_cubemx+clion.elf.dir/Src/tim.c.obj
                                0xcf5 (size before relaxing)

.comment        0x00000000       0x6e
 .comment       0x00000000       0x6e CMakeFiles/maze_stm32_cubemx+clion.elf.dir/Drivers/STM32F1xx_HAL_Driver/Src/stm32f1xx_hal.c.obj
                                 0x6f (size before relaxing)
 .comment       0x0000006e       0x6f CMakeFiles/maze_stm32_cubemx+clion.elf.dir/Drivers/STM32F1xx_HAL_Driver/Src/stm32f1xx_hal_cortex.c.obj
 .comment       0x0000006e       0x6f CMakeFiles/maze_stm32_cubemx+clion.elf.dir/Drivers/STM32F1xx_HAL_Driver/Src/stm32f1xx_hal_gpio.c.obj
 .comment       0x0000006e       0x6f CMakeFiles/maze_stm32_cubemx+clion.elf.dir/Drivers/STM32F1xx_HAL_Driver/Src/stm32f1xx_hal_rcc.c.obj
 .comment       0x0000006e       0x6f CMakeFiles/maze_stm32_cubemx+clion.elf.dir/Drivers/STM32F1xx_HAL_Driver/Src/stm32f1xx_hal_tim.c.obj
 .comment       0x0000006e       0x6f CMakeFiles/maze_stm32_cubemx+clion.elf.dir/Drivers/STM32F1xx_HAL_Driver/Src/stm32f1xx_hal_tim_ex.c.obj
 .comment       0x0000006e       0x6f CMakeFiles/maze_stm32_cubemx+clion.elf.dir/Src/User/motor.c.obj
 .comment       0x0000006e       0x6f CMakeFiles/maze_stm32_cubemx+clion.elf.dir/Src/gpio.c.obj
 .comment       0x0000006e       0x6f CMakeFiles/maze_stm32_cubemx+clion.elf.dir/Src/main.c.obj
 .comment       0x0000006e       0x6f CMakeFiles/maze_stm32_cubemx+clion.elf.dir/Src/stm32f1xx_hal_msp.c.obj
 .comment       0x0000006e       0x6f CMakeFiles/maze_stm32_cubemx+clion.elf.dir/Src/stm32f1xx_it.c.obj
 .comment       0x0000006e       0x6f CMakeFiles/maze_stm32_cubemx+clion.elf.dir/Src/system_stm32f1xx.c.obj
 .comment       0x0000006e       0x6f CMakeFiles/maze_stm32_cubemx+clion.elf.dir/Src/tim.c.obj

.debug_frame    0x00000000     0x25f8
 .debug_frame   0x00000000      0x334 CMakeFiles/maze_stm32_cubemx+clion.elf.dir/Drivers/STM32F1xx_HAL_Driver/Src/stm32f1xx_hal.c.obj
 .debug_frame   0x00000334      0x428 CMakeFiles/maze_stm32_cubemx+clion.elf.dir/Drivers/STM32F1xx_HAL_Driver/Src/stm32f1xx_hal_cortex.c.obj
 .debug_frame   0x0000075c      0x14c CMakeFiles/maze_stm32_cubemx+clion.elf.dir/Drivers/STM32F1xx_HAL_Driver/Src/stm32f1xx_hal_gpio.c.obj
 .debug_frame   0x000008a8      0x21c CMakeFiles/maze_stm32_cubemx+clion.elf.dir/Drivers/STM32F1xx_HAL_Driver/Src/stm32f1xx_hal_rcc.c.obj
 .debug_frame   0x00000ac4     0x10f0 CMakeFiles/maze_stm32_cubemx+clion.elf.dir/Drivers/STM32F1xx_HAL_Driver/Src/stm32f1xx_hal_tim.c.obj
 .debug_frame   0x00001bb4      0x5c0 CMakeFiles/maze_stm32_cubemx+clion.elf.dir/Drivers/STM32F1xx_HAL_Driver/Src/stm32f1xx_hal_tim_ex.c.obj
 .debug_frame   0x00002174       0x38 CMakeFiles/maze_stm32_cubemx+clion.elf.dir/Src/User/motor.c.obj
 .debug_frame   0x000021ac       0x34 CMakeFiles/maze_stm32_cubemx+clion.elf.dir/Src/gpio.c.obj
 .debug_frame   0x000021e0       0x70 CMakeFiles/maze_stm32_cubemx+clion.elf.dir/Src/main.c.obj
 .debug_frame   0x00002250       0x38 CMakeFiles/maze_stm32_cubemx+clion.elf.dir/Src/stm32f1xx_hal_msp.c.obj
 .debug_frame   0x00002288      0x128 CMakeFiles/maze_stm32_cubemx+clion.elf.dir/Src/stm32f1xx_it.c.obj
 .debug_frame   0x000023b0       0x58 CMakeFiles/maze_stm32_cubemx+clion.elf.dir/Src/system_stm32f1xx.c.obj
 .debug_frame   0x00002408      0x1a4 CMakeFiles/maze_stm32_cubemx+clion.elf.dir/Src/tim.c.obj
 .debug_frame   0x000025ac       0x2c c:/progra~2/gnutoo~1/50a5a~1.420/bin/../lib/gcc/arm-none-eabi/5.4.1/../../../../arm-none-eabi/lib/armv7-m\libg_nano.a(lib_a-init.o)
 .debug_frame   0x000025d8       0x20 c:/progra~2/gnutoo~1/50a5a~1.420/bin/../lib/gcc/arm-none-eabi/5.4.1/../../../../arm-none-eabi/lib/armv7-m\libg_nano.a(lib_a-memset.o)
