Archive member included to satisfy reference by file (symbol)

c:/progra~2/gnutoo~1/50a5a~1.420/bin/../lib/gcc/arm-none-eabi/5.4.1/../../../../arm-none-eabi/lib/armv7-m\libg_nano.a(lib_a-errno.o)
                              CMakeFiles/maze_stm32_cubemx+clion.elf.dir/Src/syscalls.c.obj (__errno)
c:/progra~2/gnutoo~1/50a5a~1.420/bin/../lib/gcc/arm-none-eabi/5.4.1/../../../../arm-none-eabi/lib/armv7-m\libg_nano.a(lib_a-exit.o)
                              c:/progra~2/gnutoo~1/50a5a~1.420/bin/../lib/gcc/arm-none-eabi/5.4.1/../../../../arm-none-eabi/lib/armv7-m/crt0.o (exit)
c:/progra~2/gnutoo~1/50a5a~1.420/bin/../lib/gcc/arm-none-eabi/5.4.1/../../../../arm-none-eabi/lib/armv7-m\libg_nano.a(lib_a-impure.o)
                              c:/progra~2/gnutoo~1/50a5a~1.420/bin/../lib/gcc/arm-none-eabi/5.4.1/../../../../arm-none-eabi/lib/armv7-m\libg_nano.a(lib_a-exit.o) (_global_impure_ptr)
c:/progra~2/gnutoo~1/50a5a~1.420/bin/../lib/gcc/arm-none-eabi/5.4.1/../../../../arm-none-eabi/lib/armv7-m\libg_nano.a(lib_a-init.o)
                              c:/progra~2/gnutoo~1/50a5a~1.420/bin/../lib/gcc/arm-none-eabi/5.4.1/../../../../arm-none-eabi/lib/armv7-m/crt0.o (__libc_init_array)
c:/progra~2/gnutoo~1/50a5a~1.420/bin/../lib/gcc/arm-none-eabi/5.4.1/../../../../arm-none-eabi/lib/armv7-m\libg_nano.a(lib_a-malloc.o)
                              CMakeFiles/maze_stm32_cubemx+clion.elf.dir/Src/User/queue.c.obj (malloc)
c:/progra~2/gnutoo~1/50a5a~1.420/bin/../lib/gcc/arm-none-eabi/5.4.1/../../../../arm-none-eabi/lib/armv7-m\libg_nano.a(lib_a-memset.o)
                              c:/progra~2/gnutoo~1/50a5a~1.420/bin/../lib/gcc/arm-none-eabi/5.4.1/../../../../arm-none-eabi/lib/armv7-m/crt0.o (memset)
c:/progra~2/gnutoo~1/50a5a~1.420/bin/../lib/gcc/arm-none-eabi/5.4.1/../../../../arm-none-eabi/lib/armv7-m\libg_nano.a(lib_a-nano-freer.o)
                              c:/progra~2/gnutoo~1/50a5a~1.420/bin/../lib/gcc/arm-none-eabi/5.4.1/../../../../arm-none-eabi/lib/armv7-m\libg_nano.a(lib_a-malloc.o) (_free_r)
c:/progra~2/gnutoo~1/50a5a~1.420/bin/../lib/gcc/arm-none-eabi/5.4.1/../../../../arm-none-eabi/lib/armv7-m\libg_nano.a(lib_a-nano-mallocr.o)
                              c:/progra~2/gnutoo~1/50a5a~1.420/bin/../lib/gcc/arm-none-eabi/5.4.1/../../../../arm-none-eabi/lib/armv7-m\libg_nano.a(lib_a-malloc.o) (_malloc_r)
c:/progra~2/gnutoo~1/50a5a~1.420/bin/../lib/gcc/arm-none-eabi/5.4.1/../../../../arm-none-eabi/lib/armv7-m\libg_nano.a(lib_a-printf.o)
                              CMakeFiles/maze_stm32_cubemx+clion.elf.dir/Src/User/maze.c.obj (printf)
c:/progra~2/gnutoo~1/50a5a~1.420/bin/../lib/gcc/arm-none-eabi/5.4.1/../../../../arm-none-eabi/lib/armv7-m\libg_nano.a(lib_a-putchar.o)
                              CMakeFiles/maze_stm32_cubemx+clion.elf.dir/Src/User/maze.c.obj (putchar)
c:/progra~2/gnutoo~1/50a5a~1.420/bin/../lib/gcc/arm-none-eabi/5.4.1/../../../../arm-none-eabi/lib/armv7-m\libg_nano.a(lib_a-sbrkr.o)
                              c:/progra~2/gnutoo~1/50a5a~1.420/bin/../lib/gcc/arm-none-eabi/5.4.1/../../../../arm-none-eabi/lib/armv7-m\libg_nano.a(lib_a-nano-mallocr.o) (_sbrk_r)
c:/progra~2/gnutoo~1/50a5a~1.420/bin/../lib/gcc/arm-none-eabi/5.4.1/../../../../arm-none-eabi/lib/armv7-m\libg_nano.a(lib_a-findfp.o)
                              c:/progra~2/gnutoo~1/50a5a~1.420/bin/../lib/gcc/arm-none-eabi/5.4.1/../../../../arm-none-eabi/lib/armv7-m\libg_nano.a(lib_a-printf.o) (__sinit)
c:/progra~2/gnutoo~1/50a5a~1.420/bin/../lib/gcc/arm-none-eabi/5.4.1/../../../../arm-none-eabi/lib/armv7-m\libg_nano.a(lib_a-fwalk.o)
                              c:/progra~2/gnutoo~1/50a5a~1.420/bin/../lib/gcc/arm-none-eabi/5.4.1/../../../../arm-none-eabi/lib/armv7-m\libg_nano.a(lib_a-findfp.o) (_fwalk)
c:/progra~2/gnutoo~1/50a5a~1.420/bin/../lib/gcc/arm-none-eabi/5.4.1/../../../../arm-none-eabi/lib/armv7-m\libg_nano.a(lib_a-mlock.o)
                              c:/progra~2/gnutoo~1/50a5a~1.420/bin/../lib/gcc/arm-none-eabi/5.4.1/../../../../arm-none-eabi/lib/armv7-m\libg_nano.a(lib_a-nano-freer.o) (__malloc_lock)
c:/progra~2/gnutoo~1/50a5a~1.420/bin/../lib/gcc/arm-none-eabi/5.4.1/../../../../arm-none-eabi/lib/armv7-m\libg_nano.a(lib_a-nano-vfprintf.o)
                              c:/progra~2/gnutoo~1/50a5a~1.420/bin/../lib/gcc/arm-none-eabi/5.4.1/../../../../arm-none-eabi/lib/armv7-m\libg_nano.a(lib_a-printf.o) (_vfprintf_r)
c:/progra~2/gnutoo~1/50a5a~1.420/bin/../lib/gcc/arm-none-eabi/5.4.1/../../../../arm-none-eabi/lib/armv7-m\libg_nano.a(lib_a-nano-vfprintf_i.o)
                              c:/progra~2/gnutoo~1/50a5a~1.420/bin/../lib/gcc/arm-none-eabi/5.4.1/../../../../arm-none-eabi/lib/armv7-m\libg_nano.a(lib_a-nano-vfprintf.o) (_printf_i)
c:/progra~2/gnutoo~1/50a5a~1.420/bin/../lib/gcc/arm-none-eabi/5.4.1/../../../../arm-none-eabi/lib/armv7-m\libg_nano.a(lib_a-putc.o)
[...]
Memory Configuration

Name             Origin             Length             Attributes
RAM              0x20000000         0x0000c000         xrw
FLASH            0x08000000         0x00040000         xr
*default*        0x00000000         0xffffffff

Linker script and memory map

LOAD c:/progra~2/gnutoo~1/50a5a~1.420/bin/../lib/gcc/arm-none-eabi/5.4.1/armv7-m/crti.o
LOAD c:/progra~2/gnutoo~1/50a5a~1.420/bin/../lib/gcc/arm-none-eabi/5.4.1/armv7-m/crtbegin.o
LOAD c:/progra~2/gnutoo~1/50a5a~1.420/bin/../lib/gcc/arm-none-eabi/5.4.1/../../../../arm-none-eabi/lib/armv7-m/crt0.o
LOAD CMakeFiles/maze_stm32_cubemx+clion.elf.dir/Drivers/STM32F1xx_HAL_Driver/Src/stm32f1xx_hal.c.obj
LOAD CMakeFiles/maze_stm32_cubemx+clion.elf.dir/Drivers/STM32F1xx_HAL_Driver/Src/stm32f1xx_hal_cortex.c.obj
LOAD CMakeFiles/maze_stm32_cubemx+clion.elf.dir/Drivers/STM32F1xx_HAL_Driver/Src/stm32f1xx_hal_dma.c.obj
LOAD CMakeFiles/maze_stm32_cubemx+clion.elf.dir/Drivers/STM32F1xx_HAL_Driver/Src/stm32f1xx_hal_exti.c.obj
LOAD CMakeFiles/maze_stm32_cubemx+clion.elf.dir/Drivers/STM32F1xx_HAL_Driver/Src/stm32f1xx_hal_flash.c.obj
LOAD CMakeFiles/maze_stm32_cubemx+clion.elf.dir/Drivers/STM32F1xx_HAL_Driver/Src/stm32f1xx_hal_flash_ex.c.obj
LOAD CMakeFiles/maze_stm32_cubemx+clion.elf.dir/Drivers/STM32F1xx_HAL_Driver/Src/stm32f1xx_hal_gpio.c.obj
LOAD CMakeFiles/maze_stm32_cubemx+clion.elf.dir/Drivers/STM32F1xx_HAL_Driver/Src/stm32f1xx_hal_gpio_ex.c.obj
LOAD CMakeFiles/maze_stm32_cubemx+clion.elf.dir/Drivers/STM32F1xx_HAL_Driver/Src/stm32f1xx_hal_i2c.c.obj
LOAD CMakeFiles/maze_stm32_cubemx+clion.elf.dir/Drivers/STM32F1xx_HAL_Driver/Src/stm32f1xx_hal_pwr.c.obj
LOAD CMakeFiles/maze_stm32_cubemx+clion.elf.dir/Drivers/STM32F1xx_HAL_Driver/Src/stm32f1xx_hal_rcc.c.obj
LOAD CMakeFiles/maze_stm32_cubemx+clion.elf.dir/Drivers/STM32F1xx_HAL_Driver/Src/stm32f1xx_hal_rcc_ex.c.obj
LOAD CMakeFiles/maze_stm32_cubemx+clion.elf.dir/Drivers/STM32F1xx_HAL_Driver/Src/stm32f1xx_hal_tim.c.obj
LOAD CMakeFiles/maze_stm32_cubemx+clion.elf.dir/Drivers/STM32F1xx_HAL_Driver/Src/stm32f1xx_hal_tim_ex.c.obj
LOAD CMakeFiles/maze_stm32_cubemx+clion.elf.dir/Drivers/STM32F1xx_HAL_Driver/Src/stm32f1xx_hal_uart.c.obj
LOAD CMakeFiles/maze_stm32_cubemx+clion.elf.dir/Src/User/infrared.c.obj
LOAD CMakeFiles/maze_stm32_cubemx+clion.elf.dir/Src/User/maze.c.obj
LOAD CMakeFiles/maze_stm32_cubemx+clion.elf.dir/Src/User/motor.c.obj
LOAD CMakeFiles/maze_stm32_cubemx+clion.elf.dir/Src/User/oled.c.obj
LOAD CMakeFiles/maze_stm32_cubemx+clion.elf.dir/Src/User/queue.c.obj
LOAD CMakeFiles/maze_stm32_cubemx+clion.elf.dir/Src/User/stepMotor.c.obj
LOAD CMakeFiles/maze_stm32_cubemx+clion.elf.dir/Src/gpio.c.obj
LOAD CMakeFiles/maze_stm32_cubemx+clion.elf.dir/Src/i2c.c.obj
LOAD CMakeFiles/maze_stm32_cubemx+clion.elf.dir/Src/main.c.obj
LOAD CMakeFiles/maze_stm32_cubemx+clion.elf.dir/Src/stm32f1xx_hal_msp.c.obj
LOAD CMakeFiles/maze_stm32_cubemx+clion.elf.dir/Src/stm32f1xx_it.c.obj
LOAD CMakeFiles/maze_stm32_cubemx+clion.elf.dir/Src/syscalls.c.obj
LOAD CMakeFiles/maze_stm32_cubemx+clion.elf.dir/Src/system_stm32f1xx.c.obj
LOAD CMakeFiles/maze_stm32_cubemx+clion.elf.dir/Src/tim.c.obj
LOAD CMakeFiles/maze_stm32_cubemx+clion.elf.dir/Src/usart.c.obj
LOAD CMakeFiles/maze_stm32_cubemx+clion.elf.dir/startup/startup_stm32f103xe.s.obj
START GROUP
LOAD c:/progra~2/gnutoo~1/50a5a~1.420/bin/../lib/gcc/arm-none-eabi/5.4.1/armv7-m\libgcc.a
LOAD c:/progra~2/gnutoo~1/50a5a~1.420/bin/../lib/gcc/arm-none-eabi/5.4.1/../../../../arm-none-eabi/lib/armv7-m\libg_nano.a
LOAD c:/progra~2/gnutoo~1/50a5a~1.420/bin/../lib/gcc/arm-none-eabi/5.4.1/../../../../arm-none-eabi/lib/armv7-m\libc_nano.a
END GROUP
START GROUP
LOAD c:/progra~2/gnutoo~1/50a5a~1.420/bin/../lib/gcc/arm-none-eabi/5.4.1/armv7-m\libgcc.a
LOAD c:/progra~2/gnutoo~1/50a5a~1.420/bin/../lib/gcc/arm-none-eabi/5.4.1/../../../../arm-none-eabi/lib/armv7-m\libc_nano.a
LOAD c:/progra~2/gnutoo~1/50a5a~1.420/bin/../lib/gcc/arm-none-eabi/5.4.1/../../../../arm-none-eabi/lib/armv7-m\libnosys.a
END GROUP
START GROUP
LOAD c:/progra~2/gnutoo~1/50a5a~1.420/bin/../lib/gcc/arm-none-eabi/5.4.1/armv7-m\libgcc.a
LOAD c:/progra~2/gnutoo~1/50a5a~1.420/bin/../lib/gcc/arm-none-eabi/5.4.1/../../../../arm-none-eabi/lib/armv7-m\libc_nano.a
LOAD c:/progra~2/gnutoo~1/50a5a~1.420/bin/../lib/gcc/arm-none-eabi/5.4.1/../../../../arm-none-eabi/lib/armv7-m\libnosys.a
END GROUP
LOAD c:/progra~2/gnutoo~1/50a5a~1.420/bin/../lib/gcc/arm-none-eabi/5.4.1/armv7-m/crtend.o
LOAD c:/progra~2/gnutoo~1/50a5a~1.420/bin/../lib/gcc/arm-none-eabi/5.4.1/armv7-m/crtn.o
                0x2000c000                _estack = 0x2000c000
                0x00000200                _Min_Heap_Size = 0x200
                0x00000400                _Min_Stack_Size = 0x400

.isr_vector     0x08000000      0x1e4
                0x08000000                . = ALIGN (0x4)
 *(.isr_vector)
 .isr_vector    0x08000000      0x1e4 CMakeFiles/maze_stm32_cubemx+clion.elf.dir/startup/startup_stm32f103xe.s.obj
                0x08000000                g_pfnVectors
                0x080001e4                . = ALIGN (0x4)

.text           0x080001e4     0x5bc4
                0x080001e4                . = ALIGN (0x4)
 *(.text)
 .text          0x080001e4       0x5c c:/progra~2/gnutoo~1/50a5a~1.420/bin/../lib/gcc/arm-none-eabi/5.4.1/armv7-m/crtbegin.o
 *(.text*)
 .text.HAL_Init
                0x08000240       0x2c CMakeFiles/maze_stm32_cubemx+clion.elf.dir/Drivers/STM32F1xx_HAL_Driver/Src/stm32f1xx_hal.c.obj
                0x08000240                HAL_Init
 .text.HAL_InitTick
                0x0800026c       0x60 CMakeFiles/maze_stm32_cubemx+clion.elf.dir/Drivers/STM32F1xx_HAL_Driver/Src/stm32f1xx_hal.c.obj
                0x0800026c                HAL_InitTick
 .text.HAL_IncTick
                0x080002cc       0x24 CMakeFiles/maze_stm32_cubemx+clion.elf.dir/Drivers/STM32F1xx_HAL_Driver/Src/stm32f1xx_hal.c.obj
                0x080002cc                HAL_IncTick
 .text.HAL_GetTick
                0x080002f0       0x14 CMakeFiles/maze_stm32_cubemx+clion.elf.dir/Drivers/STM32F1xx_HAL_Driver/Src/stm32f1xx_hal.c.obj
                0x080002f0                HAL_GetTick
 .text.HAL_Delay
                0x08000304       0x44 CMakeFiles/maze_stm32_cubemx+clion.elf.dir/Drivers/STM32F1xx_HAL_Driver/Src/stm32f1xx_hal.c.obj
                0x08000304                HAL_Delay
 .text.__NVIC_SetPriorityGrouping
                0x08000348       0x48 CMakeFiles/maze_stm32_cubemx+clion.elf.dir/Drivers/STM32F1xx_HAL_Driver/Src/stm32f1xx_hal_cortex.c.obj
 .text.__NVIC_GetPriorityGrouping
                0x08000390       0x1c CMakeFiles/maze_stm32_cubemx+clion.elf.dir/Drivers/STM32F1xx_HAL_Driver/Src/stm32f1xx_hal_cortex.c.obj
 .text.__NVIC_EnableIRQ
                0x080003ac       0x38 CMakeFiles/maze_stm32_cubemx+clion.elf.dir/Drivers/STM32F1xx_HAL_Driver/Src/stm32f1xx_hal_cortex.c.obj
 .text.__NVIC_SetPriority
                0x080003e4       0x54 CMakeFiles/maze_stm32_cubemx+clion.elf.dir/Drivers/STM32F1xx_HAL_Driver/Src/stm32f1xx_hal_cortex.c.obj
 .text.NVIC_EncodePriority
                0x08000438       0x60 CMakeFiles/maze_stm32_cubemx+clion.elf.dir/Drivers/STM32F1xx_HAL_Driver/Src/stm32f1xx_hal_cortex.c.obj
 .text.SysTick_Config
                0x08000498       0x44 CMakeFiles/maze_stm32_cubemx+clion.elf.dir/Drivers/STM32F1xx_HAL_Driver/Src/stm32f1xx_hal_cortex.c.obj
 .text.HAL_NVIC_SetPriorityGrouping
                0x080004dc       0x18 CMakeFiles/maze_stm32_cubemx+clion.elf.dir/Drivers/STM32F1xx_HAL_Driver/Src/stm32f1xx_hal_cortex.c.obj
                0x080004dc                HAL_NVIC_SetPriorityGrouping
 .text.HAL_NVIC_SetPriority
                0x080004f4       0x38 CMakeFiles/maze_stm32_cubemx+clion.elf.dir/Drivers/STM32F1xx_HAL_Driver/Src/stm32f1xx_hal_cortex.c.obj
                0x080004f4                HAL_NVIC_SetPriority
 .text.HAL_NVIC_EnableIRQ
                0x0800052c       0x1c CMakeFiles/maze_stm32_cubemx+clion.elf.dir/Drivers/STM32F1xx_HAL_Driver/Src/stm32f1xx_hal_cortex.c.obj
                0x0800052c                HAL_NVIC_EnableIRQ
 .text.HAL_SYSTICK_Config
                0x08000548       0x18 CMakeFiles/maze_stm32_cubemx+clion.elf.dir/Drivers/STM32F1xx_HAL_Driver/Src/stm32f1xx_hal_cortex.c.obj
                0x08000548                HAL_SYSTICK_Config
 .text.HAL_DMA_Abort_IT
                0x08000560      0x23c CMakeFiles/maze_stm32_cubemx+clion.elf.dir/Drivers/STM32F1xx_HAL_Driver/Src/stm32f1xx_hal_dma.c.obj
                0x08000560                HAL_DMA_Abort_IT
 .text.HAL_GPIO_Init
                0x0800079c      0x2d4 CMakeFiles/maze_stm32_cubemx+clion.elf.dir/Drivers/STM32F1xx_HAL_Driver/Src/stm32f1xx_hal_gpio.c.obj
                0x0800079c                HAL_GPIO_Init
 .text.HAL_GPIO_ReadPin
                0x08000a70       0x30 CMakeFiles/maze_stm32_cubemx+clion.elf.dir/Drivers/STM32F1xx_HAL_Driver/Src/stm32f1xx_hal_gpio.c.obj
                0x08000a70                HAL_GPIO_ReadPin
 .text.HAL_GPIO_WritePin
                0x08000aa0       0x30 CMakeFiles/maze_stm32_cubemx+clion.elf.dir/Drivers/STM32F1xx_HAL_Driver/Src/stm32f1xx_hal_gpio.c.obj
                0x08000aa0                HAL_GPIO_WritePin
 .text.HAL_GPIO_TogglePin
                0x08000ad0       0x30 CMakeFiles/maze_stm32_cubemx+clion.elf.dir/Drivers/STM32F1xx_HAL_Driver/Src/stm32f1xx_hal_gpio.c.obj
                0x08000ad0                HAL_GPIO_TogglePin
 .text.HAL_I2C_Init
                0x08000b00      0x250 CMakeFiles/maze_stm32_cubemx+clion.elf.dir/Drivers/STM32F1xx_HAL_Driver/Src/stm32f1xx_hal_i2c.c.obj
                0x08000b00                HAL_I2C_Init
 .text.HAL_I2C_Mem_Write
                0x08000d50      0x1f4 CMakeFiles/maze_stm32_cubemx+clion.elf.dir/Drivers/STM32F1xx_HAL_Driver/Src/stm32f1xx_hal_i2c.c.obj
                0x08000d50                HAL_I2C_Mem_Write
 .text.I2C_RequestMemoryWrite
                0x08000f44      0x110 CMakeFiles/maze_stm32_cubemx+clion.elf.dir/Drivers/STM32F1xx_HAL_Driver/Src/stm32f1xx_hal_i2c.c.obj
 .text.I2C_WaitOnFlagUntilTimeout
                0x08001054       0xb0 CMakeFiles/maze_stm32_cubemx+clion.elf.dir/Drivers/STM32F1xx_HAL_Driver/Src/stm32f1xx_hal_i2c.c.obj
 .text.I2C_WaitOnMasterAddressFlagUntilTimeout
                0x08001104       0xfc CMakeFiles/maze_stm32_cubemx+clion.elf.dir/Drivers/STM32F1xx_HAL_Driver/Src/stm32f1xx_hal_i2c.c.obj
 .text.I2C_WaitOnTXEFlagUntilTimeout
                0x08001200       0x84 CMakeFiles/maze_stm32_cubemx+clion.elf.dir/Drivers/STM32F1xx_HAL_Driver/Src/stm32f1xx_hal_i2c.c.obj
 .text.I2C_WaitOnBTFFlagUntilTimeout
                0x08001284       0x84 CMakeFiles/maze_stm32_cubemx+clion.elf.dir/Drivers/STM32F1xx_HAL_Driver/Src/stm32f1xx_hal_i2c.c.obj
 .text.I2C_IsAcknowledgeFailed
                0x08001308       0x5c CMakeFiles/maze_stm32_cubemx+clion.elf.dir/Drivers/STM32F1xx_HAL_Driver/Src/stm32f1xx_hal_i2c.c.obj
 .text.HAL_RCC_OscConfig
                0x08001364      0x4fc CMakeFiles/maze_stm32_cubemx+clion.elf.dir/Drivers/STM32F1xx_HAL_Driver/Src/stm32f1xx_hal_rcc.c.obj
                0x08001364                HAL_RCC_OscConfig
 .text.HAL_RCC_ClockConfig
                0x08001860      0x1d4 CMakeFiles/maze_stm32_cubemx+clion.elf.dir/Drivers/STM32F1xx_HAL_Driver/Src/stm32f1xx_hal_rcc.c.obj
                0x08001860                HAL_RCC_ClockConfig
 .text.HAL_RCC_GetSysClockFreq
                0x08001a34       0xc8 CMakeFiles/maze_stm32_cubemx+clion.elf.dir/Drivers/STM32F1xx_HAL_Driver/Src/stm32f1xx_hal_rcc.c.obj
                0x08001a34                HAL_RCC_GetSysClockFreq
 .text.HAL_RCC_GetHCLKFreq
                0x08001afc       0x14 CMakeFiles/maze_stm32_cubemx+clion.elf.dir/Drivers/STM32F1xx_HAL_Driver/Src/stm32f1xx_hal_rcc.c.obj
                0x08001afc                HAL_RCC_GetHCLKFreq
 .text.HAL_RCC_GetPCLK1Freq
                0x08001b10       0x28 CMakeFiles/maze_stm32_cubemx+clion.elf.dir/Drivers/STM32F1xx_HAL_Driver/Src/stm32f1xx_hal_rcc.c.obj
                0x08001b10                HAL_RCC_GetPCLK1Freq
 .text.HAL_RCC_GetPCLK2Freq
                0x08001b38       0x28 CMakeFiles/maze_stm32_cubemx+clion.elf.dir/Drivers/STM32F1xx_HAL_Driver/Src/stm32f1xx_hal_rcc.c.obj
                0x08001b38                HAL_RCC_GetPCLK2Freq
 .text.RCC_Delay
                0x08001b60       0x3c CMakeFiles/maze_stm32_cubemx+clion.elf.dir/Drivers/STM32F1xx_HAL_Driver/Src/stm32f1xx_hal_rcc.c.obj
 .text.HAL_TIM_Base_Init
                0x08001b9c       0x58 CMakeFiles/maze_stm32_cubemx+clion.elf.dir/Drivers/STM32F1xx_HAL_Driver/Src/stm32f1xx_hal_tim.c.obj
                0x08001b9c                HAL_TIM_Base_Init
 .text.HAL_TIM_Base_Start_IT
                0x08001bf4       0x48 CMakeFiles/maze_stm32_cubemx+clion.elf.dir/Drivers/STM32F1xx_HAL_Driver/Src/stm32f1xx_hal_tim.c.obj
                0x08001bf4                HAL_TIM_Base_Start_IT
 .text.HAL_TIM_Base_Stop_IT
                0x08001c3c       0x54 CMakeFiles/maze_stm32_cubemx+clion.elf.dir/Drivers/STM32F1xx_HAL_Driver/Src/stm32f1xx_hal_tim.c.obj
                0x08001c3c                HAL_TIM_Base_Stop_IT
 .text.HAL_TIM_IRQHandler
                0x08001c90      0x210 CMakeFiles/maze_stm32_cubemx+clion.elf.dir/Drivers/STM32F1xx_HAL_Driver/Src/stm32f1xx_hal_tim.c.obj
                0x08001c90                HAL_TIM_IRQHandler
 .text.HAL_TIM_OC_DelayElapsedCallback
                0x08001ea0       0x14 CMakeFiles/maze_stm32_cubemx+clion.elf.dir/Drivers/STM32F1xx_HAL_Driver/Src/stm32f1xx_hal_tim.c.obj
                0x08001ea0                HAL_TIM_OC_DelayElapsedCallback
 .text.HAL_TIM_IC_CaptureCallback
                0x08001eb4       0x14 CMakeFiles/maze_stm32_cubemx+clion.elf.dir/Drivers/STM32F1xx_HAL_Driver/Src/stm32f1xx_hal_tim.c.obj
                0x08001eb4                HAL_TIM_IC_CaptureCallback
 .text.HAL_TIM_PWM_PulseFinishedCallback
                0x08001ec8       0x14 CMakeFiles/maze_stm32_cubemx+clion.elf.dir/Drivers/STM32F1xx_HAL_Driver/Src/stm32f1xx_hal_tim.c.obj
                0x08001ec8                HAL_TIM_PWM_PulseFinishedCallback
 .text.HAL_TIM_TriggerCallback
                0x08001edc       0x14 CMakeFiles/maze_stm32_cubemx+clion.elf.dir/Drivers/STM32F1xx_HAL_Driver/Src/stm32f1xx_hal_tim.c.obj
                0x08001edc                HAL_TIM_TriggerCallback
 .text.TIM_Base_SetConfig
                0x08001ef0       0xf4 CMakeFiles/maze_stm32_cubemx+clion.elf.dir/Drivers/STM32F1xx_HAL_Driver/Src/stm32f1xx_hal_tim.c.obj
                0x08001ef0                TIM_Base_SetConfig
 .text.HAL_TIMEx_MasterConfigSynchronization
                0x08001fe4       0x88 CMakeFiles/maze_stm32_cubemx+clion.elf.dir/Drivers/STM32F1xx_HAL_Driver/Src/stm32f1xx_hal_tim_ex.c.obj
                0x08001fe4                HAL_TIMEx_MasterConfigSynchronization
 .text.HAL_TIMEx_CommutCallback
                0x0800206c       0x14 CMakeFiles/maze_stm32_cubemx+clion.elf.dir/Drivers/STM32F1xx_HAL_Driver/Src/stm32f1xx_hal_tim_ex.c.obj
                0x0800206c                HAL_TIMEx_CommutCallback
 .text.HAL_TIMEx_BreakCallback
                0x08002080       0x14 CMakeFiles/maze_stm32_cubemx+clion.elf.dir/Drivers/STM32F1xx_HAL_Driver/Src/stm32f1xx_hal_tim_ex.c.obj
                0x08002080                HAL_TIMEx_BreakCallback
 .text.HAL_UART_Init
                0x08002094       0x9c CMakeFiles/maze_stm32_cubemx+clion.elf.dir/Drivers/STM32F1xx_HAL_Driver/Src/stm32f1xx_hal_uart.c.obj
                0x08002094                HAL_UART_Init
 .text.HAL_UART_Transmit
                0x08002130      0x130 CMakeFiles/maze_stm32_cubemx+clion.elf.dir/Drivers/STM32F1xx_HAL_Driver/Src/stm32f1xx_hal_uart.c.obj
                0x08002130                HAL_UART_Transmit
 .text.HAL_UART_Receive_IT
                0x08002260       0xa8 CMakeFiles/maze_stm32_cubemx+clion.elf.dir/Drivers/STM32F1xx_HAL_Driver/Src/stm32f1xx_hal_uart.c.obj
                0x08002260                HAL_UART_Receive_IT
 .text.HAL_UART_IRQHandler
                0x08002308      0x1f8 CMakeFiles/maze_stm32_cubemx+clion.elf.dir/Drivers/STM32F1xx_HAL_Driver/Src/stm32f1xx_hal_uart.c.obj
                0x08002308                HAL_UART_IRQHandler
 .text.HAL_UART_TxCpltCallback
                0x08002500       0x14 CMakeFiles/maze_stm32_cubemx+clion.elf.dir/Drivers/STM32F1xx_HAL_Driver/Src/stm32f1xx_hal_uart.c.obj
                0x08002500                HAL_UART_TxCpltCallback
 .text.HAL_UART_ErrorCallback
                0x08002514       0x14 CMakeFiles/maze_stm32_cubemx+clion.elf.dir/Drivers/STM32F1xx_HAL_Driver/Src/stm32f1xx_hal_uart.c.obj
                0x08002514                HAL_UART_ErrorCallback
 .text.UART_WaitOnFlagUntilTimeout
                0x08002528       0x94 CMakeFiles/maze_stm32_cubemx+clion.elf.dir/Drivers/STM32F1xx_HAL_Driver/Src/stm32f1xx_hal_uart.c.obj
 .text.UART_EndRxTransfer
                0x080025bc       0x3c CMakeFiles/maze_stm32_cubemx+clion.elf.dir/Drivers/STM32F1xx_HAL_Driver/Src/stm32f1xx_hal_uart.c.obj
 .text.UART_DMAAbortOnError
                0x080025f8       0x28 CMakeFiles/maze_stm32_cubemx+clion.elf.dir/Drivers/STM32F1xx_HAL_Driver/Src/stm32f1xx_hal_uart.c.obj
 .text.UART_Transmit_IT
                0x08002620       0xa8 CMakeFiles/maze_stm32_cubemx+clion.elf.dir/Drivers/STM32F1xx_HAL_Driver/Src/stm32f1xx_hal_uart.c.obj
 .text.UART_EndTransmit_IT
                0x080026c8       0x30 CMakeFiles/maze_stm32_cubemx+clion.elf.dir/Drivers/STM32F1xx_HAL_Driver/Src/stm32f1xx_hal_uart.c.obj
 .text.UART_Receive_IT
                0x080026f8      0x104 CMakeFiles/maze_stm32_cubemx+clion.elf.dir/Drivers/STM32F1xx_HAL_Driver/Src/stm32f1xx_hal_uart.c.obj
 .text.UART_SetConfig
                0x080027fc      0x1b4 CMakeFiles/maze_stm32_cubemx+clion.elf.dir/Drivers/STM32F1xx_HAL_Driver/Src/stm32f1xx_hal_uart.c.obj
 .text.ir_on    0x080029b0       0x7c CMakeFiles/maze_stm32_cubemx+clion.elf.dir/Src/User/infrared.c.obj
                0x080029b0                ir_on
 .text.read_DirIr
                0x08002a2c       0x48 CMakeFiles/maze_stm32_cubemx+clion.elf.dir/Src/User/infrared.c.obj
                0x08002a2c                read_DirIr
 .text.init_maze
                0x08002a74       0xc4 CMakeFiles/maze_stm32_cubemx+clion.elf.dir/Src/User/maze.c.obj
                0x08002a74                init_maze
 .text.init_stack
                0x08002b38       0x30 CMakeFiles/maze_stm32_cubemx+clion.elf.dir/Src/User/maze.c.obj
                0x08002b38                init_stack
 .text.abs_to_rel
                0x08002b68       0x58 CMakeFiles/maze_stm32_cubemx+clion.elf.dir/Src/User/maze.c.obj
                0x08002b68                abs_to_rel
 .text.read_map_path
                0x08002bc0       0xa4 CMakeFiles/maze_stm32_cubemx+clion.elf.dir/Src/User/maze.c.obj
                0x08002bc0                read_map_path
 .text.write_map_wall
                0x08002c64      0x1d4 CMakeFiles/maze_stm32_cubemx+clion.elf.dir/Src/User/maze.c.obj
                0x08002c64                write_map_wall
 .text.write_map_path
                0x08002e38      0x1d4 CMakeFiles/maze_stm32_cubemx+clion.elf.dir/Src/User/maze.c.obj
                0x08002e38                write_map_path
 .text.backtrack
                0x0800300c       0x5c CMakeFiles/maze_stm32_cubemx+clion.elf.dir/Src/User/maze.c.obj
                0x0800300c                backtrack
 .text.bestPath
                0x08003068       0x34 CMakeFiles/maze_stm32_cubemx+clion.elf.dir/Src/User/maze.c.obj
                0x08003068                bestPath
 .text.initTable
                0x0800309c       0x4c CMakeFiles/maze_stm32_cubemx+clion.elf.dir/Src/User/maze.c.obj
                0x0800309c                initTable
 .text.isConnect
                0x080030e8       0xb0 CMakeFiles/maze_stm32_cubemx+clion.elf.dir/Src/User/maze.c.obj
                0x080030e8                isConnect
 .text.trans    0x08003198       0x78 CMakeFiles/maze_stm32_cubemx+clion.elf.dir/Src/User/maze.c.obj
                0x08003198                trans
 .text.trans2   0x08003210       0x7c CMakeFiles/maze_stm32_cubemx+clion.elf.dir/Src/User/maze.c.obj
                0x08003210                trans2
 .text.test     0x0800328c       0x5c CMakeFiles/maze_stm32_cubemx+clion.elf.dir/Src/User/maze.c.obj
                0x0800328c                test
 .text.creat_bestPath
                0x080032e8      0x308 CMakeFiles/maze_stm32_cubemx+clion.elf.dir/Src/User/maze.c.obj
                0x080032e8                creat_bestPath
 .text.WriteCmd
                0x080035f0       0x4c CMakeFiles/maze_stm32_cubemx+clion.elf.dir/Src/User/oled.c.obj
                0x080035f0                WriteCmd
 .text.OLED_WR_CMD
                0x0800363c       0x30 CMakeFiles/maze_stm32_cubemx+clion.elf.dir/Src/User/oled.c.obj
                0x0800363c                OLED_WR_CMD
 .text.OLED_WR_DATA
                0x0800366c       0x30 CMakeFiles/maze_stm32_cubemx+clion.elf.dir/Src/User/oled.c.obj
                0x0800366c                OLED_WR_DATA
 .text.OLED_Init
                0x0800369c       0x14 CMakeFiles/maze_stm32_cubemx+clion.elf.dir/Src/User/oled.c.obj
                0x0800369c                OLED_Init
 .text.OLED_Clear
                0x080036b0       0x54 CMakeFiles/maze_stm32_cubemx+clion.elf.dir/Src/User/oled.c.obj
                0x080036b0                OLED_Clear
 .text.OLED_Set_Pos
                0x08003704       0x44 CMakeFiles/maze_stm32_cubemx+clion.elf.dir/Src/User/oled.c.obj
                0x08003704                OLED_Set_Pos
 .text.OLED_ShowChar
                0x08003748       0xf4 CMakeFiles/maze_stm32_cubemx+clion.elf.dir/Src/User/oled.c.obj
                0x08003748                OLED_ShowChar
 .text.OLED_ShowString
                0x0800383c       0x60 CMakeFiles/maze_stm32_cubemx+clion.elf.dir/Src/User/oled.c.obj
                0x0800383c                OLED_ShowString
 .text.OLED_writeDPI
                0x0800389c       0xf4 CMakeFiles/maze_stm32_cubemx+clion.elf.dir/Src/User/oled.c.obj
                0x0800389c                OLED_writeDPI
 .text.initQueue
                0x08003990       0x30 CMakeFiles/maze_stm32_cubemx+clion.elf.dir/Src/User/queue.c.obj
                0x08003990                initQueue
 .text.queue_offer
                0x080039c0       0x5c CMakeFiles/maze_stm32_cubemx+clion.elf.dir/Src/User/queue.c.obj
                0x080039c0                queue_offer
 .text.isEmpty  0x08003a1c       0x20 CMakeFiles/maze_stm32_cubemx+clion.elf.dir/Src/User/queue.c.obj
                0x08003a1c                isEmpty
 .text.queue_poll
                0x08003a3c       0x68 CMakeFiles/maze_stm32_cubemx+clion.elf.dir/Src/User/queue.c.obj
                0x08003a3c                queue_poll
 .text.MX_GPIO_Init
                0x08003aa4      0x140 CMakeFiles/maze_stm32_cubemx+clion.elf.dir/Src/gpio.c.obj
                0x08003aa4                MX_GPIO_Init
 .text.MX_I2C2_Init
                0x08003be4       0x5c CMakeFiles/maze_stm32_cubemx+clion.elf.dir/Src/i2c.c.obj
                0x08003be4                MX_I2C2_Init
 .text.HAL_I2C_MspInit
                0x08003c40       0x80 CMakeFiles/maze_stm32_cubemx+clion.elf.dir/Src/i2c.c.obj
                0x08003c40                HAL_I2C_MspInit
 .text.para_init
                0x08003cc0       0x5c CMakeFiles/maze_stm32_cubemx+clion.elf.dir/Src/main.c.obj
                0x08003cc0                para_init
 .text.banEdge  0x08003d1c       0x4c CMakeFiles/maze_stm32_cubemx+clion.elf.dir/Src/main.c.obj
                0x08003d1c                banEdge
 .text.isWall   0x08003d68       0x58 CMakeFiles/maze_stm32_cubemx+clion.elf.dir/Src/main.c.obj
                0x08003d68                isWall
 .text.isNew    0x08003dc0       0x28 CMakeFiles/maze_stm32_cubemx+clion.elf.dir/Src/main.c.obj
                0x08003dc0                isNew
 .text.search_dir
                0x08003de8       0x74 CMakeFiles/maze_stm32_cubemx+clion.elf.dir/Src/main.c.obj
                0x08003de8                search_dir
 .text.flash_mapPathInfo
                0x08003e5c       0x24 CMakeFiles/maze_stm32_cubemx+clion.elf.dir/Src/main.c.obj
                0x08003e5c                flash_mapPathInfo
 .text.flash_pathStack
                0x08003e80       0x2c CMakeFiles/maze_stm32_cubemx+clion.elf.dir/Src/main.c.obj
                0x08003e80                flash_pathStack
 .text.flash_carInfo
                0x08003eac       0x6c CMakeFiles/maze_stm32_cubemx+clion.elf.dir/Src/main.c.obj
                0x08003eac                flash_carInfo
 .text.flash_OLED_maze
                0x08003f18       0xb0 CMakeFiles/maze_stm32_cubemx+clion.elf.dir/Src/main.c.obj
                0x08003f18                flash_OLED_maze
 .text.flash_OLED_carPos
                0x08003fc8      0x104 CMakeFiles/maze_stm32_cubemx+clion.elf.dir/Src/main.c.obj
                0x08003fc8                flash_OLED_carPos
 .text.flash_OLED_ir
                0x080040cc      0x2e8 CMakeFiles/maze_stm32_cubemx+clion.elf.dir/Src/main.c.obj
                0x080040cc                flash_OLED_ir
 .text.start_run
                0x080043b4       0x98 CMakeFiles/maze_stm32_cubemx+clion.elf.dir/Src/main.c.obj
                0x080043b4                start_run
 .text.main     0x0800444c      0x17c CMakeFiles/maze_stm32_cubemx+clion.elf.dir/Src/main.c.obj
                0x0800444c                main
 .text.SystemClock_Config
                0x080045c8       0x8c CMakeFiles/maze_stm32_cubemx+clion.elf.dir/Src/main.c.obj
                0x080045c8                SystemClock_Config
 .text.HAL_TIM_PeriodElapsedCallback
                0x08004654      0x14c CMakeFiles/maze_stm32_cubemx+clion.elf.dir/Src/main.c.obj
                0x08004654                HAL_TIM_PeriodElapsedCallback
 .text.HAL_UART_RxCpltCallback
                0x080047a0       0x70 CMakeFiles/maze_stm32_cubemx+clion.elf.dir/Src/main.c.obj
                0x080047a0                HAL_UART_RxCpltCallback
 .text.Error_Handler
                0x08004810        0xc CMakeFiles/maze_stm32_cubemx+clion.elf.dir/Src/main.c.obj
                0x08004810                Error_Handler
 .text.HAL_MspInit
                0x0800481c       0x64 CMakeFiles/maze_stm32_cubemx+clion.elf.dir/Src/stm32f1xx_hal_msp.c.obj
                0x0800481c                HAL_MspInit
 .text.NMI_Handler
                0x08004880        0xc CMakeFiles/maze_stm32_cubemx+clion.elf.dir/Src/stm32f1xx_it.c.obj
                0x08004880                NMI_Handler
 .text.HardFault_Handler
                0x0800488c        0x8 CMakeFiles/maze_stm32_cubemx+clion.elf.dir/Src/stm32f1xx_it.c.obj
                0x0800488c                HardFault_Handler
 .text.MemManage_Handler
                0x08004894        0x8 CMakeFiles/maze_stm32_cubemx+clion.elf.dir/Src/stm32f1xx_it.c.obj
                0x08004894                MemManage_Handler
 .text.BusFault_Handler
                0x0800489c        0x8 CMakeFiles/maze_stm32_cubemx+clion.elf.dir/Src/stm32f1xx_it.c.obj
                0x0800489c                BusFault_Handler
 .text.UsageFault_Handler
                0x080048a4        0x8 CMakeFiles/maze_stm32_cubemx+clion.elf.dir/Src/stm32f1xx_it.c.obj
                0x080048a4                UsageFault_Handler
 .text.SVC_Handler
                0x080048ac        0xc CMakeFiles/maze_stm32_cubemx+clion.elf.dir/Src/stm32f1xx_it.c.obj
                0x080048ac                SVC_Handler
 .text.DebugMon_Handler
                0x080048b8        0xc CMakeFiles/maze_stm32_cubemx+clion.elf.dir/Src/stm32f1xx_it.c.obj
                0x080048b8                DebugMon_Handler
 .text.PendSV_Handler
                0x080048c4        0xc CMakeFiles/maze_stm32_cubemx+clion.elf.dir/Src/stm32f1xx_it.c.obj
                0x080048c4                PendSV_Handler
 .text.SysTick_Handler
                0x080048d0        0xc CMakeFiles/maze_stm32_cubemx+clion.elf.dir/Src/stm32f1xx_it.c.obj
                0x080048d0                SysTick_Handler
 .text.USART1_IRQHandler
                0x080048dc       0x14 CMakeFiles/maze_stm32_cubemx+clion.elf.dir/Src/stm32f1xx_it.c.obj
                0x080048dc                USART1_IRQHandler
 .text.USART2_IRQHandler
                0x080048f0       0x14 CMakeFiles/maze_stm32_cubemx+clion.elf.dir/Src/stm32f1xx_it.c.obj
                0x080048f0                USART2_IRQHandler
 .text.TIM6_IRQHandler
                0x08004904       0x14 CMakeFiles/maze_stm32_cubemx+clion.elf.dir/Src/stm32f1xx_it.c.obj
                0x08004904                TIM6_IRQHandler
 .text.TIM7_IRQHandler
                0x08004918       0x14 CMakeFiles/maze_stm32_cubemx+clion.elf.dir/Src/stm32f1xx_it.c.obj
                0x08004918                TIM7_IRQHandler
 .text._read    0x0800492c       0x3c CMakeFiles/maze_stm32_cubemx+clion.elf.dir/Src/syscalls.c.obj
                0x0800492c                _read
 .text._write   0x08004968       0x38 CMakeFiles/maze_stm32_cubemx+clion.elf.dir/Src/syscalls.c.obj
                0x08004968                _write
 .text._sbrk    0x080049a0       0x58 CMakeFiles/maze_stm32_cubemx+clion.elf.dir/Src/syscalls.c.obj
                0x080049a0                _sbrk
 .text._close   0x080049f8       0x18 CMakeFiles/maze_stm32_cubemx+clion.elf.dir/Src/syscalls.c.obj
                0x080049f8                _close
 .text._fstat   0x08004a10       0x20 CMakeFiles/maze_stm32_cubemx+clion.elf.dir/Src/syscalls.c.obj
                0x08004a10                _fstat
 .text._isatty  0x08004a30       0x14 CMakeFiles/maze_stm32_cubemx+clion.elf.dir/Src/syscalls.c.obj
                0x08004a30                _isatty
 .text._lseek   0x08004a44       0x18 CMakeFiles/maze_stm32_cubemx+clion.elf.dir/Src/syscalls.c.obj
                0x08004a44                _lseek
 .text.SystemInit
                0x08004a5c       0x68 CMakeFiles/maze_stm32_cubemx+clion.elf.dir/Src/system_stm32f1xx.c.obj
                0x08004a5c                SystemInit
 .text.MX_TIM6_Init
                0x08004ac4       0x6c CMakeFiles/maze_stm32_cubemx+clion.elf.dir/Src/tim.c.obj
                0x08004ac4                MX_TIM6_Init
 .text.MX_TIM7_Init
                0x08004b30       0x6c CMakeFiles/maze_stm32_cubemx+clion.elf.dir/Src/tim.c.obj
                0x08004b30                MX_TIM7_Init
 .text.HAL_TIM_Base_MspInit
                0x08004b9c       0x84 CMakeFiles/maze_stm32_cubemx+clion.elf.dir/Src/tim.c.obj
                0x08004b9c                HAL_TIM_Base_MspInit
 .text.MX_USART1_UART_Init
                0x08004c20       0x54 CMakeFiles/maze_stm32_cubemx+clion.elf.dir/Src/usart.c.obj
                0x08004c20                MX_USART1_UART_Init
 .text.MX_USART2_UART_Init
                0x08004c74       0x54 CMakeFiles/maze_stm32_cubemx+clion.elf.dir/Src/usart.c.obj
                0x08004c74                MX_USART2_UART_Init
 .text.HAL_UART_MspInit
                0x08004cc8      0x128 CMakeFiles/maze_stm32_cubemx+clion.elf.dir/Src/usart.c.obj
                0x08004cc8                HAL_UART_MspInit
 .text.__io_putchar
                0x08004df0       0x24 CMakeFiles/maze_stm32_cubemx+clion.elf.dir/Src/usart.c.obj
                0x08004df0                __io_putchar
 .text.Reset_Handler
                0x08004e14       0x48 CMakeFiles/maze_stm32_cubemx+clion.elf.dir/startup/startup_stm32f103xe.s.obj
                0x08004e14                Reset_Handler
 .text.Default_Handler
                0x08004e5c        0x2 CMakeFiles/maze_stm32_cubemx+clion.elf.dir/startup/startup_stm32f103xe.s.obj
                0x08004e5c                RTC_Alarm_IRQHandler
                0x08004e5c                EXTI2_IRQHandler
                0x08004e5c                TIM8_TRG_COM_IRQHandler
                0x08004e5c                TIM8_CC_IRQHandler
                0x08004e5c                TIM1_CC_IRQHandler
                0x08004e5c                PVD_IRQHandler
                0x08004e5c                SDIO_IRQHandler
                0x08004e5c                EXTI3_IRQHandler
                0x08004e5c                EXTI0_IRQHandler
                0x08004e5c                I2C2_EV_IRQHandler
                0x08004e5c                ADC1_2_IRQHandler
                0x08004e5c                SPI1_IRQHandler
                0x08004e5c                TAMPER_IRQHandler
                0x08004e5c                TIM8_UP_IRQHandler
                0x08004e5c                DMA2_Channel2_IRQHandler
                0x08004e5c                DMA1_Channel4_IRQHandler
                0x08004e5c                USART3_IRQHandler
                0x08004e5c                RTC_IRQHandler
                0x08004e5c                DMA1_Channel7_IRQHandler
                0x08004e5c                CAN1_RX1_IRQHandler
                0x08004e5c                UART5_IRQHandler
                0x08004e5c                ADC3_IRQHandler
                0x08004e5c                TIM4_IRQHandler
                0x08004e5c                DMA2_Channel1_IRQHandler
                0x08004e5c                I2C1_EV_IRQHandler
                0x08004e5c                DMA1_Channel6_IRQHandler
                0x08004e5c                UART4_IRQHandler
                0x08004e5c                TIM3_IRQHandler
                0x08004e5c                RCC_IRQHandler
                0x08004e5c                TIM1_TRG_COM_IRQHandler
                0x08004e5c                DMA1_Channel1_IRQHandler
                0x08004e5c                Default_Handler
                0x08004e5c                EXTI15_10_IRQHandler
                0x08004e5c                TIM5_IRQHandler
                0x08004e5c                EXTI9_5_IRQHandler
                0x08004e5c                SPI2_IRQHandler
                0x08004e5c                DMA1_Channel5_IRQHandler
                0x08004e5c                EXTI4_IRQHandler
                0x08004e5c                USB_LP_CAN1_RX0_IRQHandler
                0x08004e5c                USB_HP_CAN1_TX_IRQHandler
                0x08004e5c                DMA1_Channel3_IRQHandler
                0x08004e5c                FSMC_IRQHandler
                0x08004e5c                TIM1_UP_IRQHandler
                0x08004e5c                WWDG_IRQHandler
                0x08004e5c                TIM2_IRQHandler
                0x08004e5c                TIM1_BRK_IRQHandler
                0x08004e5c                EXTI1_IRQHandler
                0x08004e5c                DMA2_Channel4_5_IRQHandler
                0x08004e5c                I2C2_ER_IRQHandler
                0x08004e5c                DMA1_Channel2_IRQHandler
                0x08004e5c                TIM8_BRK_IRQHandler
                0x08004e5c                CAN1_SCE_IRQHandler
                0x08004e5c                FLASH_IRQHandler
                0x08004e5c                SPI3_IRQHandler
                0x08004e5c                I2C1_ER_IRQHandler
                0x08004e5c                USBWakeUp_IRQHandler
                0x08004e5c                DMA2_Channel3_IRQHandler
 *fill*         0x08004e5e        0x2 
 .text.__errno  0x08004e60        0xc c:/progra~2/gnutoo~1/50a5a~1.420/bin/../lib/gcc/arm-none-eabi/5.4.1/../../../../arm-none-eabi/lib/armv7-m\libg_nano.a(lib_a-errno.o)
                0x08004e60                __errno
 .text.__libc_init_array
                0x08004e6c       0x4c c:/progra~2/gnutoo~1/50a5a~1.420/bin/../lib/gcc/arm-none-eabi/5.4.1/../../../../arm-none-eabi/lib/armv7-m\libg_nano.a(lib_a-init.o)
                0x08004e6c                __libc_init_array
 .text.malloc   0x08004eb8       0x10 c:/progra~2/gnutoo~1/50a5a~1.420/bin/../lib/gcc/arm-none-eabi/5.4.1/../../../../arm-none-eabi/lib/armv7-m\libg_nano.a(lib_a-malloc.o)
                0x08004eb8                malloc
 .text.free     0x08004ec8       0x10 c:/progra~2/gnutoo~1/50a5a~1.420/bin/../lib/gcc/arm-none-eabi/5.4.1/../../../../arm-none-eabi/lib/armv7-m\libg_nano.a(lib_a-malloc.o)
                0x08004ec8                free
 .text.memset   0x08004ed8       0x10 c:/progra~2/gnutoo~1/50a5a~1.420/bin/../lib/gcc/arm-none-eabi/5.4.1/../../../../arm-none-eabi/lib/armv7-m\libg_nano.a(lib_a-memset.o)
                0x08004ed8                memset
 .text._free_r  0x08004ee8       0x98 c:/progra~2/gnutoo~1/50a5a~1.420/bin/../lib/gcc/arm-none-eabi/5.4.1/../../../../arm-none-eabi/lib/armv7-m\libg_nano.a(lib_a-nano-freer.o)
                0x08004ee8                _free_r
 .text._malloc_r
                0x08004f80       0xbc c:/progra~2/gnutoo~1/50a5a~1.420/bin/../lib/gcc/arm-none-eabi/5.4.1/../../../../arm-none-eabi/lib/armv7-m\libg_nano.a(lib_a-nano-mallocr.o)
                0x08004f80                _malloc_r
 .text.printf   0x0800503c       0x30 c:/progra~2/gnutoo~1/50a5a~1.420/bin/../lib/gcc/arm-none-eabi/5.4.1/../../../../arm-none-eabi/lib/armv7-m\libg_nano.a(lib_a-printf.o)
                0x0800503c                iprintf
                0x0800503c                printf
 .text.putchar  0x0800506c       0x28 c:/progra~2/gnutoo~1/50a5a~1.420/bin/../lib/gcc/arm-none-eabi/5.4.1/../../../../arm-none-eabi/lib/armv7-m\libg_nano.a(lib_a-putchar.o)
                0x0800506c                putchar
 .text._sbrk_r  0x08005094       0x20 c:/progra~2/gnutoo~1/50a5a~1.420/bin/../lib/gcc/arm-none-eabi/5.4.1/../../../../arm-none-eabi/lib/armv7-m\libg_nano.a(lib_a-sbrkr.o)
                0x08005094                _sbrk_r
 .text._cleanup_r
                0x080050b4        0xc c:/progra~2/gnutoo~1/50a5a~1.420/bin/../lib/gcc/arm-none-eabi/5.4.1/../../../../arm-none-eabi/lib/armv7-m\libg_nano.a(lib_a-findfp.o)
                0x080050b4                _cleanup_r
 .text.std.isra.0
                0x080050c0       0x48 c:/progra~2/gnutoo~1/50a5a~1.420/bin/../lib/gcc/arm-none-eabi/5.4.1/../../../../arm-none-eabi/lib/armv7-m\libg_nano.a(lib_a-findfp.o)
 .text.__sfmoreglue
                0x08005108       0x2c c:/progra~2/gnutoo~1/50a5a~1.420/bin/../lib/gcc/arm-none-eabi/5.4.1/../../../../arm-none-eabi/lib/armv7-m\libg_nano.a(lib_a-findfp.o)
                0x08005108                __sfmoreglue
 .text.__sinit  0x08005134       0x60 c:/progra~2/gnutoo~1/50a5a~1.420/bin/../lib/gcc/arm-none-eabi/5.4.1/../../../../arm-none-eabi/lib/armv7-m\libg_nano.a(lib_a-findfp.o)
                0x08005134                __sinit
 .text.__sfp    0x08005194       0x78 c:/progra~2/gnutoo~1/50a5a~1.420/bin/../lib/gcc/arm-none-eabi/5.4.1/../../../../arm-none-eabi/lib/armv7-m\libg_nano.a(lib_a-findfp.o)
                0x08005194                __sfp
 .text._fwalk_reent
                0x0800520c       0x3c c:/progra~2/gnutoo~1/50a5a~1.420/bin/../lib/gcc/arm-none-eabi/5.4.1/../../../../arm-none-eabi/lib/armv7-m\libg_nano.a(lib_a-fwalk.o)
                0x0800520c                _fwalk_reent
 .text.__malloc_lock
                0x08005248        0x2 c:/progra~2/gnutoo~1/50a5a~1.420/bin/../lib/gcc/arm-none-eabi/5.4.1/../../../../arm-none-eabi/lib/armv7-m\libg_nano.a(lib_a-mlock.o)
                0x08005248                __malloc_lock
 .text.__malloc_unlock
                0x0800524a        0x2 c:/progra~2/gnutoo~1/50a5a~1.420/bin/../lib/gcc/arm-none-eabi/5.4.1/../../../../arm-none-eabi/lib/armv7-m\libg_nano.a(lib_a-mlock.o)
                0x0800524a                __malloc_unlock
 .text.__sfputc_r
                0x0800524c       0x2c c:/progra~2/gnutoo~1/50a5a~1.420/bin/../lib/gcc/arm-none-eabi/5.4.1/../../../../arm-none-eabi/lib/armv7-m\libg_nano.a(lib_a-nano-vfprintf.o)
 .text.__sfputs_r
                0x08005278       0x24 c:/progra~2/gnutoo~1/50a5a~1.420/bin/../lib/gcc/arm-none-eabi/5.4.1/../../../../arm-none-eabi/lib/armv7-m\libg_nano.a(lib_a-nano-vfprintf.o)
                0x08005278                __sfputs_r
 .text._vfprintf_r
                0x0800529c      0x238 c:/progra~2/gnutoo~1/50a5a~1.420/bin/../lib/gcc/arm-none-eabi/5.4.1/../../../../arm-none-eabi/lib/armv7-m\libg_nano.a(lib_a-nano-vfprintf.o)
                0x0800529c                _vfprintf_r
                0x0800529c                _vfiprintf_r
 .text._printf_common
                0x080054d4       0xec c:/progra~2/gnutoo~1/50a5a~1.420/bin/../lib/gcc/arm-none-eabi/5.4.1/../../../../arm-none-eabi/lib/armv7-m\libg_nano.a(lib_a-nano-vfprintf_i.o)
                0x080054d4                _printf_common
 .text._printf_i
                0x080055c0      0x24c c:/progra~2/gnutoo~1/50a5a~1.420/bin/../lib/gcc/arm-none-eabi/5.4.1/../../../../arm-none-eabi/lib/armv7-m\libg_nano.a(lib_a-nano-vfprintf_i.o)
                0x080055c0                _printf_i
 .text._putc_r  0x0800580c       0x6c c:/progra~2/gnutoo~1/50a5a~1.420/bin/../lib/gcc/arm-none-eabi/5.4.1/../../../../arm-none-eabi/lib/armv7-m\libg_nano.a(lib_a-putc.o)
                0x0800580c                _putc_r
 .text.__sread  0x08005878       0x22 c:/progra~2/gnutoo~1/50a5a~1.420/bin/../lib/gcc/arm-none-eabi/5.4.1/../../../../arm-none-eabi/lib/armv7-m\libg_nano.a(lib_a-stdio.o)
                0x08005878                __sread
 .text.__swrite
                0x0800589a       0x38 c:/progra~2/gnutoo~1/50a5a~1.420/bin/../lib/gcc/arm-none-eabi/5.4.1/../../../../arm-none-eabi/lib/armv7-m\libg_nano.a(lib_a-stdio.o)
                0x0800589a                __swrite
 .text.__sseek  0x080058d2       0x24 c:/progra~2/gnutoo~1/50a5a~1.420/bin/../lib/gcc/arm-none-eabi/5.4.1/../../../../arm-none-eabi/lib/armv7-m\libg_nano.a(lib_a-stdio.o)
                0x080058d2                __sseek
 .text.__sclose
                0x080058f6        0x8 c:/progra~2/gnutoo~1/50a5a~1.420/bin/../lib/gcc/arm-none-eabi/5.4.1/../../../../arm-none-eabi/lib/armv7-m\libg_nano.a(lib_a-stdio.o)
                0x080058f6                __sclose
 *fill*         0x080058fe        0x2 
 .text.__swbuf_r
                0x08005900       0xa8 c:/progra~2/gnutoo~1/50a5a~1.420/bin/../lib/gcc/arm-none-eabi/5.4.1/../../../../arm-none-eabi/lib/armv7-m\libg_nano.a(lib_a-wbuf.o)
                0x08005900                __swbuf_r
 .text._write_r
                0x080059a8       0x24 c:/progra~2/gnutoo~1/50a5a~1.420/bin/../lib/gcc/arm-none-eabi/5.4.1/../../../../arm-none-eabi/lib/armv7-m\libg_nano.a(lib_a-writer.o)
                0x080059a8                _write_r
 .text.__swsetup_r
                0x080059cc       0xdc c:/progra~2/gnutoo~1/50a5a~1.420/bin/../lib/gcc/arm-none-eabi/5.4.1/../../../../arm-none-eabi/lib/armv7-m\libg_nano.a(lib_a-wsetup.o)
                0x080059cc                __swsetup_r
 .text._close_r
                0x08005aa8       0x20 c:/progra~2/gnutoo~1/50a5a~1.420/bin/../lib/gcc/arm-none-eabi/5.4.1/../../../../arm-none-eabi/lib/armv7-m\libg_nano.a(lib_a-closer.o)
                0x08005aa8                _close_r
 .text.__sflush_r
                0x08005ac8      0x10c c:/progra~2/gnutoo~1/50a5a~1.420/bin/../lib/gcc/arm-none-eabi/5.4.1/../../../../arm-none-eabi/lib/armv7-m\libg_nano.a(lib_a-fflush.o)
                0x08005ac8                __sflush_r
 .text._fflush_r
                0x08005bd4       0x54 c:/progra~2/gnutoo~1/50a5a~1.420/bin/../lib/gcc/arm-none-eabi/5.4.1/../../../../arm-none-eabi/lib/armv7-m\libg_nano.a(lib_a-fflush.o)
                0x08005bd4                _fflush_r
 .text._lseek_r
                0x08005c28       0x24 c:/progra~2/gnutoo~1/50a5a~1.420/bin/../lib/gcc/arm-none-eabi/5.4.1/../../../../arm-none-eabi/lib/armv7-m\libg_nano.a(lib_a-lseekr.o)
                0x08005c28                _lseek_r
 .text.__swhatbuf_r
                0x08005c4c       0x46 c:/progra~2/gnutoo~1/50a5a~1.420/bin/../lib/gcc/arm-none-eabi/5.4.1/../../../../arm-none-eabi/lib/armv7-m\libg_nano.a(lib_a-makebuf.o)
                0x08005c4c                __swhatbuf_r
 *fill*         0x08005c92        0x2 
 .text.__smakebuf_r
                0x08005c94       0x78 c:/progra~2/gnutoo~1/50a5a~1.420/bin/../lib/gcc/arm-none-eabi/5.4.1/../../../../arm-none-eabi/lib/armv7-m\libg_nano.a(lib_a-makebuf.o)
                0x08005c94                __smakebuf_r
 .text.memchr   0x08005d0c       0x1c c:/progra~2/gnutoo~1/50a5a~1.420/bin/../lib/gcc/arm-none-eabi/5.4.1/../../../../arm-none-eabi/lib/armv7-m\libg_nano.a(lib_a-memchr-stub.o)
                0x08005d0c                memchr
 .text._read_r  0x08005d28       0x24 c:/progra~2/gnutoo~1/50a5a~1.420/bin/../lib/gcc/arm-none-eabi/5.4.1/../../../../arm-none-eabi/lib/armv7-m\libg_nano.a(lib_a-readr.o)
                0x08005d28                _read_r
 .text._fstat_r
                0x08005d4c       0x24 c:/progra~2/gnutoo~1/50a5a~1.420/bin/../lib/gcc/arm-none-eabi/5.4.1/../../../../arm-none-eabi/lib/armv7-m\libg_nano.a(lib_a-fstatr.o)
                0x08005d4c                _fstat_r
 .text._isatty_r
                0x08005d70       0x20 c:/progra~2/gnutoo~1/50a5a~1.420/bin/../lib/gcc/arm-none-eabi/5.4.1/../../../../arm-none-eabi/lib/armv7-m\libg_nano.a(lib_a-isattyr.o)
                0x08005d70                _isatty_r
 *(.glue_7)
 .glue_7        0x08005d90        0x0 linker stubs
 *(.glue_7t)
 .glue_7t       0x08005d90        0x0 linker stubs
 *(.eh_frame)
 .eh_frame      0x08005d90        0x0 c:/progra~2/gnutoo~1/50a5a~1.420/bin/../lib/gcc/arm-none-eabi/5.4.1/armv7-m/crtbegin.o
 *(.init)
 .init          0x08005d90        0x4 c:/progra~2/gnutoo~1/50a5a~1.420/bin/../lib/gcc/arm-none-eabi/5.4.1/armv7-m/crti.o
                0x08005d90                _init
 .init          0x08005d94        0x8 c:/progra~2/gnutoo~1/50a5a~1.420/bin/../lib/gcc/arm-none-eabi/5.4.1/armv7-m/crtn.o
 *(.fini)
 .fini          0x08005d9c        0x4 c:/progra~2/gnutoo~1/50a5a~1.420/bin/../lib/gcc/arm-none-eabi/5.4.1/armv7-m/crti.o
                0x08005d9c                _fini
 .fini          0x08005da0        0x8 c:/progra~2/gnutoo~1/50a5a~1.420/bin/../lib/gcc/arm-none-eabi/5.4.1/armv7-m/crtn.o
                0x08005da8                . = ALIGN (0x4)
                0x08005da8                _etext = .

.vfp11_veneer   0x08005da8        0x0
 .vfp11_veneer  0x08005da8        0x0 linker stubs

.v4_bx          0x08005da8        0x0
 .v4_bx         0x08005da8        0x0 linker stubs

.iplt           0x08005da8        0x0
 .iplt          0x08005da8        0x0 c:/progra~2/gnutoo~1/50a5a~1.420/bin/../lib/gcc/arm-none-eabi/5.4.1/armv7-m/crtbegin.o

.rodata         0x08005da8      0x8e8
                0x08005da8                . = ALIGN (0x4)
 *(.rodata)
 .rodata        0x08005da8       0x12 CMakeFiles/maze_stm32_cubemx+clion.elf.dir/Drivers/STM32F1xx_HAL_Driver/Src/stm32f1xx_hal_rcc.c.obj
 *fill*         0x08005dba        0x2 
 .rodata        0x08005dbc        0xc CMakeFiles/maze_stm32_cubemx+clion.elf.dir/Src/User/maze.c.obj
 .rodata        0x08005dc8       0x10 CMakeFiles/maze_stm32_cubemx+clion.elf.dir/Src/main.c.obj
 *(.rodata*)
 .rodata.F6x8   0x08005dd8      0x228 CMakeFiles/maze_stm32_cubemx+clion.elf.dir/Src/User/oled.c.obj
                0x08005dd8                F6x8
 .rodata.F8X16  0x08006000      0x5e0 CMakeFiles/maze_stm32_cubemx+clion.elf.dir/Src/User/oled.c.obj
                0x08006000                F8X16
 .rodata.AHBPrescTable
                0x080065e0       0x10 CMakeFiles/maze_stm32_cubemx+clion.elf.dir/Src/system_stm32f1xx.c.obj
                0x080065e0                AHBPrescTable
 .rodata.APBPrescTable
                0x080065f0        0x8 CMakeFiles/maze_stm32_cubemx+clion.elf.dir/Src/system_stm32f1xx.c.obj
                0x080065f0                APBPrescTable
 .rodata._global_impure_ptr
                0x080065f8        0x4 c:/progra~2/gnutoo~1/50a5a~1.420/bin/../lib/gcc/arm-none-eabi/5.4.1/../../../../arm-none-eabi/lib/armv7-m\libg_nano.a(lib_a-impure.o)
                0x080065f8                _global_impure_ptr
 .rodata.__sf_fake_stdin
                0x080065fc       0x20 c:/progra~2/gnutoo~1/50a5a~1.420/bin/../lib/gcc/arm-none-eabi/5.4.1/../../../../arm-none-eabi/lib/armv7-m\libg_nano.a(lib_a-findfp.o)
                0x080065fc                __sf_fake_stdin
 .rodata.__sf_fake_stdout
                0x0800661c       0x20 c:/progra~2/gnutoo~1/50a5a~1.420/bin/../lib/gcc/arm-none-eabi/5.4.1/../../../../arm-none-eabi/lib/armv7-m\libg_nano.a(lib_a-findfp.o)
                0x0800661c                __sf_fake_stdout
 .rodata.__sf_fake_stderr
                0x0800663c       0x20 c:/progra~2/gnutoo~1/50a5a~1.420/bin/../lib/gcc/arm-none-eabi/5.4.1/../../../../arm-none-eabi/lib/armv7-m\libg_nano.a(lib_a-findfp.o)
                0x0800663c                __sf_fake_stderr
 .rodata.str1.1
                0x0800665c       0x11 c:/progra~2/gnutoo~1/50a5a~1.420/bin/../lib/gcc/arm-none-eabi/5.4.1/../../../../arm-none-eabi/lib/armv7-m\libg_nano.a(lib_a-nano-vfprintf.o)
 .rodata.str1.1
                0x0800666d       0x22 c:/progra~2/gnutoo~1/50a5a~1.420/bin/../lib/gcc/arm-none-eabi/5.4.1/../../../../arm-none-eabi/lib/armv7-m\libg_nano.a(lib_a-nano-vfprintf_i.o)
                0x08006690                . = ALIGN (0x4)
 *fill*         0x0800668f        0x1 

.rel.dyn        0x08006690        0x0
 .rel.iplt      0x08006690        0x0 c:/progra~2/gnutoo~1/50a5a~1.420/bin/../lib/gcc/arm-none-eabi/5.4.1/armv7-m/crtbegin.o

.ARM.extab
 *(.ARM.extab* .gnu.linkonce.armextab.*)

.ARM            0x08006690        0x0
                0x08006690                __exidx_start = .
 *(.ARM.exidx*)
                0x08006690                __exidx_end = .

.preinit_array  0x08006690        0x0
                0x08006690                PROVIDE (__preinit_array_start, .)
 *(.preinit_array*)
                0x08006690                PROVIDE (__preinit_array_end, .)

.init_array     0x08006690        0x4
                0x08006690                PROVIDE (__init_array_start, .)
 *(SORT(.init_array.*))
 *(.init_array*)
 .init_array    0x08006690        0x4 c:/progra~2/gnutoo~1/50a5a~1.420/bin/../lib/gcc/arm-none-eabi/5.4.1/armv7-m/crtbegin.o
                0x08006694                PROVIDE (__init_array_end, .)

.fini_array     0x08006694        0x4
                [!provide]                PROVIDE (__fini_array_start, .)
 *(SORT(.fini_array.*))
 *(.fini_array*)
 .fini_array    0x08006694        0x4 c:/progra~2/gnutoo~1/50a5a~1.420/bin/../lib/gcc/arm-none-eabi/5.4.1/armv7-m/crtbegin.o
                [!provide]                PROVIDE (__fini_array_end, .)
                0x08006698                _sidata = LOADADDR (.data)

.data           0x20000000      0x27c load address 0x08006698
                0x20000000                . = ALIGN (0x4)
                0x20000000                _sdata = .
 *(.data)
 *(.data*)
 .data.uwTickPrio
                0x20000000        0x4 CMakeFiles/maze_stm32_cubemx+clion.elf.dir/Drivers/STM32F1xx_HAL_Driver/Src/stm32f1xx_hal.c.obj
                0x20000000                uwTickPrio
 .data.uwTickFreq
                0x20000004        0x1 CMakeFiles/maze_stm32_cubemx+clion.elf.dir/Drivers/STM32F1xx_HAL_Driver/Src/stm32f1xx_hal.c.obj
                0x20000004                uwTickFreq
 *fill*         0x20000005        0x3 
 .data.CMD_Data
                0x20000008       0x1b CMakeFiles/maze_stm32_cubemx+clion.elf.dir/Src/User/oled.c.obj
                0x20000008                CMD_Data
 *fill*         0x20000023        0x1 
 .data.maze     0x20000024      0x121 CMakeFiles/maze_stm32_cubemx+clion.elf.dir/Src/main.c.obj
                0x20000024                maze
 *fill*         0x20000145        0x3 
 .data.dirStack
                0x20000148       0xc8 CMakeFiles/maze_stm32_cubemx+clion.elf.dir/Src/main.c.obj
                0x20000148                dirStack
 .data.x.8119   0x20000210        0x1 CMakeFiles/maze_stm32_cubemx+clion.elf.dir/Src/main.c.obj
 .data.y.8120   0x20000211        0x1 CMakeFiles/maze_stm32_cubemx+clion.elf.dir/Src/main.c.obj
 .data.num.8151
                0x20000212        0x1 CMakeFiles/maze_stm32_cubemx+clion.elf.dir/Src/main.c.obj
 *fill*         0x20000213        0x1 
 .data.SystemCoreClock
                0x20000214        0x4 CMakeFiles/maze_stm32_cubemx+clion.elf.dir/Src/system_stm32f1xx.c.obj
                0x20000214                SystemCoreClock
 .data.impure_data
                0x20000218       0x60 c:/progra~2/gnutoo~1/50a5a~1.420/bin/../lib/gcc/arm-none-eabi/5.4.1/../../../../arm-none-eabi/lib/armv7-m\libg_nano.a(lib_a-impure.o)
 .data._impure_ptr
                0x20000278        0x4 c:/progra~2/gnutoo~1/50a5a~1.420/bin/../lib/gcc/arm-none-eabi/5.4.1/../../../../arm-none-eabi/lib/armv7-m\libg_nano.a(lib_a-impure.o)
                0x20000278                _impure_ptr
                0x2000027c                . = ALIGN (0x4)
                0x2000027c                _edata = .

.jcr            0x2000027c        0x0 load address 0x08006914
 .jcr           0x2000027c        0x0 c:/progra~2/gnutoo~1/50a5a~1.420/bin/../lib/gcc/arm-none-eabi/5.4.1/armv7-m/crtbegin.o

.igot.plt       0x2000027c        0x0 load address 0x08006914
 .igot.plt      0x2000027c        0x0 c:/progra~2/gnutoo~1/50a5a~1.420/bin/../lib/gcc/arm-none-eabi/5.4.1/armv7-m/crtbegin.o
                0x2000027c                . = ALIGN (0x4)

.bss            0x2000027c     0x4598 load address 0x08006914
                0x2000027c                _sbss = .
                0x2000027c                __bss_start__ = _sbss
 *(.bss)
 .bss           0x2000027c       0x1c c:/progra~2/gnutoo~1/50a5a~1.420/bin/../lib/gcc/arm-none-eabi/5.4.1/armv7-m/crtbegin.o
 *(.bss*)
 .bss.uwTick    0x20000298        0x4 CMakeFiles/maze_stm32_cubemx+clion.elf.dir/Drivers/STM32F1xx_HAL_Driver/Src/stm32f1xx_hal.c.obj
                0x20000298                uwTick
 .bss.irR1      0x2000029c        0x1 CMakeFiles/maze_stm32_cubemx+clion.elf.dir/Src/User/infrared.c.obj
                0x2000029c                irR1
 .bss.irR2      0x2000029d        0x1 CMakeFiles/maze_stm32_cubemx+clion.elf.dir/Src/User/infrared.c.obj
                0x2000029d                irR2
 .bss.irR3      0x2000029e        0x1 CMakeFiles/maze_stm32_cubemx+clion.elf.dir/Src/User/infrared.c.obj
                0x2000029e                irR3
 .bss.irR4      0x2000029f        0x1 CMakeFiles/maze_stm32_cubemx+clion.elf.dir/Src/User/infrared.c.obj
                0x2000029f                irR4
 .bss.irR5      0x200002a0        0x1 CMakeFiles/maze_stm32_cubemx+clion.elf.dir/Src/User/infrared.c.obj
                0x200002a0                irR5
 .bss.temp.8014
                0x200002a1        0x1 CMakeFiles/maze_stm32_cubemx+clion.elf.dir/Src/User/maze.c.obj
 .bss.temp.8033
                0x200002a2        0x1 CMakeFiles/maze_stm32_cubemx+clion.elf.dir/Src/User/maze.c.obj
 .bss.temp.8040
                0x200002a3        0x1 CMakeFiles/maze_stm32_cubemx+clion.elf.dir/Src/User/maze.c.obj
 .bss.oled_buffer
                0x200002a4      0x400 CMakeFiles/maze_stm32_cubemx+clion.elf.dir/Src/User/oled.c.obj
                0x200002a4                oled_buffer
 .bss.oled_val_buffer
                0x200006a4     0x4000 CMakeFiles/maze_stm32_cubemx+clion.elf.dir/Src/User/oled.c.obj
                0x200006a4                oled_val_buffer
 .bss.hi2c2     0x200046a4       0x54 CMakeFiles/maze_stm32_cubemx+clion.elf.dir/Src/i2c.c.obj
                0x200046a4                hi2c2
 .bss.RxBuffer1
                0x200046f8        0x1 CMakeFiles/maze_stm32_cubemx+clion.elf.dir/Src/main.c.obj
                0x200046f8                RxBuffer1
 .bss.RxBuffer2
                0x200046f9        0x1 CMakeFiles/maze_stm32_cubemx+clion.elf.dir/Src/main.c.obj
                0x200046f9                RxBuffer2
 *fill*         0x200046fa        0x2 
 .bss.dirStackIdx
                0x200046fc        0x4 CMakeFiles/maze_stm32_cubemx+clion.elf.dir/Src/main.c.obj
                0x200046fc                dirStackIdx
 .bss.val.8089  0x20004700        0x1 CMakeFiles/maze_stm32_cubemx+clion.elf.dir/Src/main.c.obj
 .bss.flag.8150
                0x20004701        0x1 CMakeFiles/maze_stm32_cubemx+clion.elf.dir/Src/main.c.obj
 *fill*         0x20004702        0x2 
 .bss.heap_end.5922
                0x20004704        0x4 CMakeFiles/maze_stm32_cubemx+clion.elf.dir/Src/syscalls.c.obj
 .bss.htim6     0x20004708       0x40 CMakeFiles/maze_stm32_cubemx+clion.elf.dir/Src/tim.c.obj
                0x20004708                htim6
 .bss.htim7     0x20004748       0x40 CMakeFiles/maze_stm32_cubemx+clion.elf.dir/Src/tim.c.obj
                0x20004748                htim7
 .bss.huart1    0x20004788       0x40 CMakeFiles/maze_stm32_cubemx+clion.elf.dir/Src/usart.c.obj
                0x20004788                huart1
 .bss.huart2    0x200047c8       0x40 CMakeFiles/maze_stm32_cubemx+clion.elf.dir/Src/usart.c.obj
                0x200047c8                huart2
 .bss.__malloc_sbrk_start
                0x20004808        0x4 c:/progra~2/gnutoo~1/50a5a~1.420/bin/../lib/gcc/arm-none-eabi/5.4.1/../../../../arm-none-eabi/lib/armv7-m\libg_nano.a(lib_a-nano-mallocr.o)
                0x20004808                __malloc_sbrk_start
 .bss.__malloc_free_list
                0x2000480c        0x4 c:/progra~2/gnutoo~1/50a5a~1.420/bin/../lib/gcc/arm-none-eabi/5.4.1/../../../../arm-none-eabi/lib/armv7-m\libg_nano.a(lib_a-nano-mallocr.o)
                0x2000480c                __malloc_free_list
 *(COMMON)
 COMMON         0x20004810        0x4 c:/progra~2/gnutoo~1/50a5a~1.420/bin/../lib/gcc/arm-none-eabi/5.4.1/../../../../arm-none-eabi/lib/armv7-m\libg_nano.a(lib_a-reent.o)
                0x20004810                errno
                0x20004814                . = ALIGN (0x4)
                0x20004814                _ebss = .
                0x20004814                __bss_end__ = _ebss

._user_heap_stack
                0x20004814      0x604 load address 0x08006914
                0x20004818                . = ALIGN (0x8)
 *fill*         0x20004814        0x4 
                0x20004818                PROVIDE (end, .)
                [!provide]                PROVIDE (_end, .)
                0x20004a18                . = (. + _Min_Heap_Size)
 *fill*         0x20004818      0x200 
                0x20004e18                . = (. + _Min_Stack_Size)
 *fill*         0x20004a18      0x400 
                0x20004e18                . = ALIGN (0x8)

/DISCARD/
 libc.a(*)
 libm.a(*)
 libgcc.a(*)

.ARM.attributes
                0x00000000       0x29
 *(.ARM.attributes)
 .ARM.attributes
                0x00000000       0x1d c:/progra~2/gnutoo~1/50a5a~1.420/bin/../lib/gcc/arm-none-eabi/5.4.1/armv7-m/crti.o
 .ARM.attributes
                0x0000001d       0x2d c:/progra~2/gnutoo~1/50a5a~1.420/bin/../lib/gcc/arm-none-eabi/5.4.1/armv7-m/crtbegin.o
 .ARM.attributes
                0x0000004a       0x33 CMakeFiles/maze_stm32_cubemx+clion.elf.dir/Drivers/STM32F1xx_HAL_Driver/Src/stm32f1xx_hal.c.obj
 .ARM.attributes
                0x0000007d       0x33 CMakeFiles/maze_stm32_cubemx+clion.elf.dir/Drivers/STM32F1xx_HAL_Driver/Src/stm32f1xx_hal_cortex.c.obj
 .ARM.attributes
                0x000000b0       0x33 CMakeFiles/maze_stm32_cubemx+clion.elf.dir/Drivers/STM32F1xx_HAL_Driver/Src/stm32f1xx_hal_dma.c.obj
 .ARM.attributes
                0x000000e3       0x33 CMakeFiles/maze_stm32_cubemx+clion.elf.dir/Drivers/STM32F1xx_HAL_Driver/Src/stm32f1xx_hal_gpio.c.obj
 .ARM.attributes
                0x00000116       0x33 CMakeFiles/maze_stm32_cubemx+clion.elf.dir/Drivers/STM32F1xx_HAL_Driver/Src/stm32f1xx_hal_i2c.c.obj
 .ARM.attributes
                0x00000149       0x33 CMakeFiles/maze_stm32_cubemx+clion.elf.dir/Drivers/STM32F1xx_HAL_Driver/Src/stm32f1xx_hal_rcc.c.obj
 .ARM.attributes
                0x0000017c       0x33 CMakeFiles/maze_stm32_cubemx+clion.elf.dir/Drivers/STM32F1xx_HAL_Driver/Src/stm32f1xx_hal_tim.c.obj
 .ARM.attributes
                0x000001af       0x33 CMakeFiles/maze_stm32_cubemx+clion.elf.dir/Drivers/STM32F1xx_HAL_Driver/Src/stm32f1xx_hal_tim_ex.c.obj
 .ARM.attributes
                0x000001e2       0x33 CMakeFiles/maze_stm32_cubemx+clion.elf.dir/Drivers/STM32F1xx_HAL_Driver/Src/stm32f1xx_hal_uart.c.obj
 .ARM.attributes
                0x00000215       0x33 CMakeFiles/maze_stm32_cubemx+clion.elf.dir/Src/User/infrared.c.obj
 .ARM.attributes
                0x00000248       0x33 CMakeFiles/maze_stm32_cubemx+clion.elf.dir/Src/User/maze.c.obj
 .ARM.attributes
                0x0000027b       0x33 CMakeFiles/maze_stm32_cubemx+clion.elf.dir/Src/User/oled.c.obj
 .ARM.attributes
                0x000002ae       0x33 CMakeFiles/maze_stm32_cubemx+clion.elf.dir/Src/User/queue.c.obj
 .ARM.attributes
                0x000002e1       0x33 CMakeFiles/maze_stm32_cubemx+clion.elf.dir/Src/gpio.c.obj
 .ARM.attributes
                0x00000314       0x33 CMakeFiles/maze_stm32_cubemx+clion.elf.dir/Src/i2c.c.obj
 .ARM.attributes
                0x00000347       0x33 CMakeFiles/maze_stm32_cubemx+clion.elf.dir/Src/main.c.obj
 .ARM.attributes
                0x0000037a       0x33 CMakeFiles/maze_stm32_cubemx+clion.elf.dir/Src/stm32f1xx_hal_msp.c.obj
 .ARM.attributes
                0x000003ad       0x33 CMakeFiles/maze_stm32_cubemx+clion.elf.dir/Src/stm32f1xx_it.c.obj
 .ARM.attributes
                0x000003e0       0x33 CMakeFiles/maze_stm32_cubemx+clion.elf.dir/Src/syscalls.c.obj
 .ARM.attributes
                0x00000413       0x33 CMakeFiles/maze_stm32_cubemx+clion.elf.dir/Src/system_stm32f1xx.c.obj
 .ARM.attributes
                0x00000446       0x33 CMakeFiles/maze_stm32_cubemx+clion.elf.dir/Src/tim.c.obj
 .ARM.attributes
                0x00000479       0x33 CMakeFiles/maze_stm32_cubemx+clion.elf.dir/Src/usart.c.obj
 .ARM.attributes
                0x000004ac       0x21 CMakeFiles/maze_stm32_cubemx+clion.elf.dir/startup/startup_stm32f103xe.s.obj
 .ARM.attributes
                0x000004cd       0x2d c:/progra~2/gnutoo~1/50a5a~1.420/bin/../lib/gcc/arm-none-eabi/5.4.1/../../../../arm-none-eabi/lib/armv7-m\libg_nano.a(lib_a-errno.o)
 .ARM.attributes
                0x000004fa       0x2d c:/progra~2/gnutoo~1/50a5a~1.420/bin/../lib/gcc/arm-none-eabi/5.4.1/../../../../arm-none-eabi/lib/armv7-m\libg_nano.a(lib_a-impure.o)
 .ARM.attributes
                0x00000527       0x2d c:/progra~2/gnutoo~1/50a5a~1.420/bin/../lib/gcc/arm-none-eabi/5.4.1/../../../../arm-none-eabi/lib/armv7-m\libg_nano.a(lib_a-init.o)
 .ARM.attributes
                0x00000554       0x2d c:/progra~2/gnutoo~1/50a5a~1.420/bin/../lib/gcc/arm-none-eabi/5.4.1/../../../../arm-none-eabi/lib/armv7-m\libg_nano.a(lib_a-malloc.o)
 .ARM.attributes
                0x00000581       0x2d c:/progra~2/gnutoo~1/50a5a~1.420/bin/../lib/gcc/arm-none-eabi/5.4.1/../../../../arm-none-eabi/lib/armv7-m\libg_nano.a(lib_a-memset.o)
 .ARM.attributes
                0x000005ae       0x2d c:/progra~2/gnutoo~1/50a5a~1.420/bin/../lib/gcc/arm-none-eabi/5.4.1/../../../../arm-none-eabi/lib/armv7-m\libg_nano.a(lib_a-nano-freer.o)
 .ARM.attributes
                0x000005db       0x2d c:/progra~2/gnutoo~1/50a5a~1.420/bin/../lib/gcc/arm-none-eabi/5.4.1/../../../../arm-none-eabi/lib/armv7-m\libg_nano.a(lib_a-nano-mallocr.o)
 .ARM.attributes
                0x00000608       0x2d c:/progra~2/gnutoo~1/50a5a~1.420/bin/../lib/gcc/arm-none-eabi/5.4.1/../../../../arm-none-eabi/lib/armv7-m\libg_nano.a(lib_a-printf.o)
 .ARM.attributes
                0x00000635       0x2d c:/progra~2/gnutoo~1/50a5a~1.420/bin/../lib/gcc/arm-none-eabi/5.4.1/../../../../arm-none-eabi/lib/armv7-m\libg_nano.a(lib_a-putchar.o)
 .ARM.attributes
                0x00000662       0x2d c:/progra~2/gnutoo~1/50a5a~1.420/bin/../lib/gcc/arm-none-eabi/5.4.1/../../../../arm-none-eabi/lib/armv7-m\libg_nano.a(lib_a-sbrkr.o)
 .ARM.attributes
                0x0000068f       0x2d c:/progra~2/gnutoo~1/50a5a~1.420/bin/../lib/gcc/arm-none-eabi/5.4.1/../../../../arm-none-eabi/lib/armv7-m\libg_nano.a(lib_a-findfp.o)
 .ARM.attributes
                0x000006bc       0x2d c:/progra~2/gnutoo~1/50a5a~1.420/bin/../lib/gcc/arm-none-eabi/5.4.1/../../../../arm-none-eabi/lib/armv7-m\libg_nano.a(lib_a-fwalk.o)
 .ARM.attributes
                0x000006e9       0x2d c:/progra~2/gnutoo~1/50a5a~1.420/bin/../lib/gcc/arm-none-eabi/5.4.1/../../../../arm-none-eabi/lib/armv7-m\libg_nano.a(lib_a-mlock.o)
 .ARM.attributes
                0x00000716       0x2d c:/progra~2/gnutoo~1/50a5a~1.420/bin/../lib/gcc/arm-none-eabi/5.4.1/../../../../arm-none-eabi/lib/armv7-m\libg_nano.a(lib_a-nano-vfprintf.o)
 .ARM.attributes
                0x00000743       0x2d c:/progra~2/gnutoo~1/50a5a~1.420/bin/../lib/gcc/arm-none-eabi/5.4.1/../../../../arm-none-eabi/lib/armv7-m\libg_nano.a(lib_a-nano-vfprintf_i.o)
 .ARM.attributes
                0x00000770       0x2d c:/progra~2/gnutoo~1/50a5a~1.420/bin/../lib/gcc/arm-none-eabi/5.4.1/../../../../arm-none-eabi/lib/armv7-m\libg_nano.a(lib_a-putc.o)
 .ARM.attributes
                0x0000079d       0x2d c:/progra~2/gnutoo~1/50a5a~1.420/bin/../lib/gcc/arm-none-eabi/5.4.1/../../../../arm-none-eabi/lib/armv7-m\libg_nano.a(lib_a-reent.o)
 .ARM.attributes
                0x000007ca       0x2d c:/progra~2/gnutoo~1/50a5a~1.420/bin/../lib/gcc/arm-none-eabi/5.4.1/../../../../arm-none-eabi/lib/armv7-m\libg_nano.a(lib_a-stdio.o)
 .ARM.attributes
                0x000007f7       0x2d c:/progra~2/gnutoo~1/50a5a~1.420/bin/../lib/gcc/arm-none-eabi/5.4.1/../../../../arm-none-eabi/lib/armv7-m\libg_nano.a(lib_a-wbuf.o)
 .ARM.attributes
                0x00000824       0x2d c:/progra~2/gnutoo~1/50a5a~1.420/bin/../lib/gcc/arm-none-eabi/5.4.1/../../../../arm-none-eabi/lib/armv7-m\libg_nano.a(lib_a-writer.o)
 .ARM.attributes
                0x00000851       0x2d c:/progra~2/gnutoo~1/50a5a~1.420/bin/../lib/gcc/arm-none-eabi/5.4.1/../../../../arm-none-eabi/lib/armv7-m\libg_nano.a(lib_a-wsetup.o)
 .ARM.attributes
                0x0000087e       0x2d c:/progra~2/gnutoo~1/50a5a~1.420/bin/../lib/gcc/arm-none-eabi/5.4.1/../../../../arm-none-eabi/lib/armv7-m\libg_nano.a(lib_a-closer.o)
 .ARM.attributes
                0x000008ab       0x2d c:/progra~2/gnutoo~1/50a5a~1.420/bin/../lib/gcc/arm-none-eabi/5.4.1/../../../../arm-none-eabi/lib/armv7-m\libg_nano.a(lib_a-fflush.o)
 .ARM.attributes
                0x000008d8       0x2d c:/progra~2/gnutoo~1/50a5a~1.420/bin/../lib/gcc/arm-none-eabi/5.4.1/../../../../arm-none-eabi/lib/armv7-m\libg_nano.a(lib_a-lseekr.o)
 .ARM.attributes
                0x00000905       0x2d c:/progra~2/gnutoo~1/50a5a~1.420/bin/../lib/gcc/arm-none-eabi/5.4.1/../../../../arm-none-eabi/lib/armv7-m\libg_nano.a(lib_a-makebuf.o)
 .ARM.attributes
                0x00000932       0x2d c:/progra~2/gnutoo~1/50a5a~1.420/bin/../lib/gcc/arm-none-eabi/5.4.1/../../../../arm-none-eabi/lib/armv7-m\libg_nano.a(lib_a-memchr-stub.o)
 .ARM.attributes
                0x0000095f       0x2d c:/progra~2/gnutoo~1/50a5a~1.420/bin/../lib/gcc/arm-none-eabi/5.4.1/../../../../arm-none-eabi/lib/armv7-m\libg_nano.a(lib_a-readr.o)
 .ARM.attributes
                0x0000098c       0x2d c:/progra~2/gnutoo~1/50a5a~1.420/bin/../lib/gcc/arm-none-eabi/5.4.1/../../../../arm-none-eabi/lib/armv7-m\libg_nano.a(lib_a-fstatr.o)
 .ARM.attributes
                0x000009b9       0x2d c:/progra~2/gnutoo~1/50a5a~1.420/bin/../lib/gcc/arm-none-eabi/5.4.1/../../../../arm-none-eabi/lib/armv7-m\libg_nano.a(lib_a-isattyr.o)
 .ARM.attributes
                0x000009e6       0x1d c:/progra~2/gnutoo~1/50a5a~1.420/bin/../lib/gcc/arm-none-eabi/5.4.1/armv7-m/crtn.o
OUTPUT(maze_stm32_cubemx+clion.elf elf32-littlearm)

.debug_info     0x00000000     0xe5e7
 .debug_info    0x00000000      0x6f0 CMakeFiles/maze_stm32_cubemx+clion.elf.dir/Drivers/STM32F1xx_HAL_Driver/Src/stm32f1xx_hal.c.obj
 .debug_info    0x000006f0      0xb20 CMakeFiles/maze_stm32_cubemx+clion.elf.dir/Drivers/STM32F1xx_HAL_Driver/Src/stm32f1xx_hal_cortex.c.obj
 .debug_info    0x00001210      0x6ef CMakeFiles/maze_stm32_cubemx+clion.elf.dir/Drivers/STM32F1xx_HAL_Driver/Src/stm32f1xx_hal_dma.c.obj
 .debug_info    0x000018ff      0x5ca CMakeFiles/maze_stm32_cubemx+clion.elf.dir/Drivers/STM32F1xx_HAL_Driver/Src/stm32f1xx_hal_gpio.c.obj
 .debug_info    0x00001ec9     0x23bd CMakeFiles/maze_stm32_cubemx+clion.elf.dir/Drivers/STM32F1xx_HAL_Driver/Src/stm32f1xx_hal_i2c.c.obj
 .debug_info    0x00004286      0x7c6 CMakeFiles/maze_stm32_cubemx+clion.elf.dir/Drivers/STM32F1xx_HAL_Driver/Src/stm32f1xx_hal_rcc.c.obj
 .debug_info    0x00004a4c     0x239e CMakeFiles/maze_stm32_cubemx+clion.elf.dir/Drivers/STM32F1xx_HAL_Driver/Src/stm32f1xx_hal_tim.c.obj
 .debug_info    0x00006dea     0x1049 CMakeFiles/maze_stm32_cubemx+clion.elf.dir/Drivers/STM32F1xx_HAL_Driver/Src/stm32f1xx_hal_tim_ex.c.obj
 .debug_info    0x00007e33     0x1143 CMakeFiles/maze_stm32_cubemx+clion.elf.dir/Drivers/STM32F1xx_HAL_Driver/Src/stm32f1xx_hal_uart.c.obj
 .debug_info    0x00008f76      0x1f9 CMakeFiles/maze_stm32_cubemx+clion.elf.dir/Src/User/infrared.c.obj
 .debug_info    0x0000916f      0x807 CMakeFiles/maze_stm32_cubemx+clion.elf.dir/Src/User/maze.c.obj
 .debug_info    0x00009976      0x9a2 CMakeFiles/maze_stm32_cubemx+clion.elf.dir/Src/User/oled.c.obj
 .debug_info    0x0000a318      0x1d4 CMakeFiles/maze_stm32_cubemx+clion.elf.dir/Src/User/queue.c.obj
 .debug_info    0x0000a4ec      0x2bc CMakeFiles/maze_stm32_cubemx+clion.elf.dir/Src/gpio.c.obj
 .debug_info    0x0000a7a8      0x790 CMakeFiles/maze_stm32_cubemx+clion.elf.dir/Src/i2c.c.obj
 .debug_info    0x0000af38      0xf13 CMakeFiles/maze_stm32_cubemx+clion.elf.dir/Src/main.c.obj
 .debug_info    0x0000be4b      0x21a CMakeFiles/maze_stm32_cubemx+clion.elf.dir/Src/stm32f1xx_hal_msp.c.obj
 .debug_info    0x0000c065      0x854 CMakeFiles/maze_stm32_cubemx+clion.elf.dir/Src/stm32f1xx_it.c.obj
 .debug_info    0x0000c8b9      0x6bf CMakeFiles/maze_stm32_cubemx+clion.elf.dir/Src/syscalls.c.obj
 .debug_info    0x0000cf78      0x3ce CMakeFiles/maze_stm32_cubemx+clion.elf.dir/Src/system_stm32f1xx.c.obj
 .debug_info    0x0000d346      0x8a9 CMakeFiles/maze_stm32_cubemx+clion.elf.dir/Src/tim.c.obj
 .debug_info    0x0000dbef      0x92a CMakeFiles/maze_stm32_cubemx+clion.elf.dir/Src/usart.c.obj
 .debug_info    0x0000e519       0xce CMakeFiles/maze_stm32_cubemx+clion.elf.dir/startup/startup_stm32f103xe.s.obj

.debug_abbrev   0x00000000     0x2477
 .debug_abbrev  0x00000000      0x1b2 CMakeFiles/maze_stm32_cubemx+clion.elf.dir/Drivers/STM32F1xx_HAL_Driver/Src/stm32f1xx_hal.c.obj
 .debug_abbrev  0x000001b2      0x2bd CMakeFiles/maze_stm32_cubemx+clion.elf.dir/Drivers/STM32F1xx_HAL_Driver/Src/stm32f1xx_hal_cortex.c.obj
 .debug_abbrev  0x0000046f      0x1b3 CMakeFiles/maze_stm32_cubemx+clion.elf.dir/Drivers/STM32F1xx_HAL_Driver/Src/stm32f1xx_hal_dma.c.obj
 .debug_abbrev  0x00000622      0x1a1 CMakeFiles/maze_stm32_cubemx+clion.elf.dir/Drivers/STM32F1xx_HAL_Driver/Src/stm32f1xx_hal_gpio.c.obj
 .debug_abbrev  0x000007c3      0x238 CMakeFiles/maze_stm32_cubemx+clion.elf.dir/Drivers/STM32F1xx_HAL_Driver/Src/stm32f1xx_hal_i2c.c.obj
 .debug_abbrev  0x000009fb      0x23e CMakeFiles/maze_stm32_cubemx+clion.elf.dir/Drivers/STM32F1xx_HAL_Driver/Src/stm32f1xx_hal_rcc.c.obj
 .debug_abbrev  0x00000c39      0x1f5 CMakeFiles/maze_stm32_cubemx+clion.elf.dir/Drivers/STM32F1xx_HAL_Driver/Src/stm32f1xx_hal_tim.c.obj
 .debug_abbrev  0x00000e2e      0x1fd CMakeFiles/maze_stm32_cubemx+clion.elf.dir/Drivers/STM32F1xx_HAL_Driver/Src/stm32f1xx_hal_tim_ex.c.obj
 .debug_abbrev  0x0000102b      0x1f7 CMakeFiles/maze_stm32_cubemx+clion.elf.dir/Drivers/STM32F1xx_HAL_Driver/Src/stm32f1xx_hal_uart.c.obj
 .debug_abbrev  0x00001222      0x102 CMakeFiles/maze_stm32_cubemx+clion.elf.dir/Src/User/infrared.c.obj
 .debug_abbrev  0x00001324      0x16f CMakeFiles/maze_stm32_cubemx+clion.elf.dir/Src/User/maze.c.obj
 .debug_abbrev  0x00001493      0x1df CMakeFiles/maze_stm32_cubemx+clion.elf.dir/Src/User/oled.c.obj
 .debug_abbrev  0x00001672      0x11e CMakeFiles/maze_stm32_cubemx+clion.elf.dir/Src/User/queue.c.obj
 .debug_abbrev  0x00001790      0x105 CMakeFiles/maze_stm32_cubemx+clion.elf.dir/Src/gpio.c.obj
 .debug_abbrev  0x00001895      0x16c CMakeFiles/maze_stm32_cubemx+clion.elf.dir/Src/i2c.c.obj
 .debug_abbrev  0x00001a01      0x2a3 CMakeFiles/maze_stm32_cubemx+clion.elf.dir/Src/main.c.obj
 .debug_abbrev  0x00001ca4       0xd4 CMakeFiles/maze_stm32_cubemx+clion.elf.dir/Src/stm32f1xx_hal_msp.c.obj
 .debug_abbrev  0x00001d78      0x14a CMakeFiles/maze_stm32_cubemx+clion.elf.dir/Src/stm32f1xx_it.c.obj
 .debug_abbrev  0x00001ec2      0x174 CMakeFiles/maze_stm32_cubemx+clion.elf.dir/Src/syscalls.c.obj
 .debug_abbrev  0x00002036      0x120 CMakeFiles/maze_stm32_cubemx+clion.elf.dir/Src/system_stm32f1xx.c.obj
 .debug_abbrev  0x00002156      0x16f CMakeFiles/maze_stm32_cubemx+clion.elf.dir/Src/tim.c.obj
 .debug_abbrev  0x000022c5      0x1a0 CMakeFiles/maze_stm32_cubemx+clion.elf.dir/Src/usart.c.obj
 .debug_abbrev  0x00002465       0x12 CMakeFiles/maze_stm32_cubemx+clion.elf.dir/startup/startup_stm32f103xe.s.obj

.debug_aranges  0x00000000     0x1138
 .debug_aranges
                0x00000000       0xe0 CMakeFiles/maze_stm32_cubemx+clion.elf.dir/Drivers/STM32F1xx_HAL_Driver/Src/stm32f1xx_hal.c.obj
 .debug_aranges
                0x000000e0      0x100 CMakeFiles/maze_stm32_cubemx+clion.elf.dir/Drivers/STM32F1xx_HAL_Driver/Src/stm32f1xx_hal_cortex.c.obj
 .debug_aranges
                0x000001e0       0x80 CMakeFiles/maze_stm32_cubemx+clion.elf.dir/Drivers/STM32F1xx_HAL_Driver/Src/stm32f1xx_hal_dma.c.obj
 .debug_aranges
                0x00000260       0x58 CMakeFiles/maze_stm32_cubemx+clion.elf.dir/Drivers/STM32F1xx_HAL_Driver/Src/stm32f1xx_hal_gpio.c.obj
 .debug_aranges
                0x000002b8      0x290 CMakeFiles/maze_stm32_cubemx+clion.elf.dir/Drivers/STM32F1xx_HAL_Driver/Src/stm32f1xx_hal_i2c.c.obj
 .debug_aranges
                0x00000548       0x90 CMakeFiles/maze_stm32_cubemx+clion.elf.dir/Drivers/STM32F1xx_HAL_Driver/Src/stm32f1xx_hal_rcc.c.obj
 .debug_aranges
                0x000005d8      0x3a8 CMakeFiles/maze_stm32_cubemx+clion.elf.dir/Drivers/STM32F1xx_HAL_Driver/Src/stm32f1xx_hal_tim.c.obj
 .debug_aranges
                0x00000980      0x150 CMakeFiles/maze_stm32_cubemx+clion.elf.dir/Drivers/STM32F1xx_HAL_Driver/Src/stm32f1xx_hal_tim_ex.c.obj
 .debug_aranges
                0x00000ad0      0x1d0 CMakeFiles/maze_stm32_cubemx+clion.elf.dir/Drivers/STM32F1xx_HAL_Driver/Src/stm32f1xx_hal_uart.c.obj
 .debug_aranges
                0x00000ca0       0x28 CMakeFiles/maze_stm32_cubemx+clion.elf.dir/Src/User/infrared.c.obj
 .debug_aranges
                0x00000cc8       0x98 CMakeFiles/maze_stm32_cubemx+clion.elf.dir/Src/User/maze.c.obj
 .debug_aranges
                0x00000d60       0x90 CMakeFiles/maze_stm32_cubemx+clion.elf.dir/Src/User/oled.c.obj
 .debug_aranges
                0x00000df0       0x38 CMakeFiles/maze_stm32_cubemx+clion.elf.dir/Src/User/queue.c.obj
 .debug_aranges
                0x00000e28       0x20 CMakeFiles/maze_stm32_cubemx+clion.elf.dir/Src/gpio.c.obj
 .debug_aranges
                0x00000e48       0x30 CMakeFiles/maze_stm32_cubemx+clion.elf.dir/Src/i2c.c.obj
 .debug_aranges
                0x00000e78       0xa8 CMakeFiles/maze_stm32_cubemx+clion.elf.dir/Src/main.c.obj
 .debug_aranges
                0x00000f20       0x20 CMakeFiles/maze_stm32_cubemx+clion.elf.dir/Src/stm32f1xx_hal_msp.c.obj
 .debug_aranges
                0x00000f40       0x80 CMakeFiles/maze_stm32_cubemx+clion.elf.dir/Src/stm32f1xx_it.c.obj
 .debug_aranges
                0x00000fc0       0xb0 CMakeFiles/maze_stm32_cubemx+clion.elf.dir/Src/syscalls.c.obj
 .debug_aranges
                0x00001070       0x28 CMakeFiles/maze_stm32_cubemx+clion.elf.dir/Src/system_stm32f1xx.c.obj
 .debug_aranges
                0x00001098       0x38 CMakeFiles/maze_stm32_cubemx+clion.elf.dir/Src/tim.c.obj
 .debug_aranges
                0x000010d0       0x40 CMakeFiles/maze_stm32_cubemx+clion.elf.dir/Src/usart.c.obj
 .debug_aranges
                0x00001110       0x28 CMakeFiles/maze_stm32_cubemx+clion.elf.dir/startup/startup_stm32f103xe.s.obj

.debug_ranges   0x00000000      0xff0
 .debug_ranges  0x00000000       0xd0 CMakeFiles/maze_stm32_cubemx+clion.elf.dir/Drivers/STM32F1xx_HAL_Driver/Src/stm32f1xx_hal.c.obj
 .debug_ranges  0x000000d0       0xf0 CMakeFiles/maze_stm32_cubemx+clion.elf.dir/Drivers/STM32F1xx_HAL_Driver/Src/stm32f1xx_hal_cortex.c.obj
 .debug_ranges  0x000001c0       0x70 CMakeFiles/maze_stm32_cubemx+clion.elf.dir/Drivers/STM32F1xx_HAL_Driver/Src/stm32f1xx_hal_dma.c.obj
 .debug_ranges  0x00000230       0x48 CMakeFiles/maze_stm32_cubemx+clion.elf.dir/Drivers/STM32F1xx_HAL_Driver/Src/stm32f1xx_hal_gpio.c.obj
 .debug_ranges  0x00000278      0x2a0 CMakeFiles/maze_stm32_cubemx+clion.elf.dir/Drivers/STM32F1xx_HAL_Driver/Src/stm32f1xx_hal_i2c.c.obj
 .debug_ranges  0x00000518       0x80 CMakeFiles/maze_stm32_cubemx+clion.elf.dir/Drivers/STM32F1xx_HAL_Driver/Src/stm32f1xx_hal_rcc.c.obj
 .debug_ranges  0x00000598      0x398 CMakeFiles/maze_stm32_cubemx+clion.elf.dir/Drivers/STM32F1xx_HAL_Driver/Src/stm32f1xx_hal_tim.c.obj
 .debug_ranges  0x00000930      0x140 CMakeFiles/maze_stm32_cubemx+clion.elf.dir/Drivers/STM32F1xx_HAL_Driver/Src/stm32f1xx_hal_tim_ex.c.obj
 .debug_ranges  0x00000a70      0x1c0 CMakeFiles/maze_stm32_cubemx+clion.elf.dir/Drivers/STM32F1xx_HAL_Driver/Src/stm32f1xx_hal_uart.c.obj
 .debug_ranges  0x00000c30       0x18 CMakeFiles/maze_stm32_cubemx+clion.elf.dir/Src/User/infrared.c.obj
 .debug_ranges  0x00000c48       0x88 CMakeFiles/maze_stm32_cubemx+clion.elf.dir/Src/User/maze.c.obj
 .debug_ranges  0x00000cd0       0x80 CMakeFiles/maze_stm32_cubemx+clion.elf.dir/Src/User/oled.c.obj
 .debug_ranges  0x00000d50       0x28 CMakeFiles/maze_stm32_cubemx+clion.elf.dir/Src/User/queue.c.obj
 .debug_ranges  0x00000d78       0x10 CMakeFiles/maze_stm32_cubemx+clion.elf.dir/Src/gpio.c.obj
 .debug_ranges  0x00000d88       0x20 CMakeFiles/maze_stm32_cubemx+clion.elf.dir/Src/i2c.c.obj
 .debug_ranges  0x00000da8       0x98 CMakeFiles/maze_stm32_cubemx+clion.elf.dir/Src/main.c.obj
 .debug_ranges  0x00000e40       0x10 CMakeFiles/maze_stm32_cubemx+clion.elf.dir/Src/stm32f1xx_hal_msp.c.obj
 .debug_ranges  0x00000e50       0x70 CMakeFiles/maze_stm32_cubemx+clion.elf.dir/Src/stm32f1xx_it.c.obj
 .debug_ranges  0x00000ec0       0xa0 CMakeFiles/maze_stm32_cubemx+clion.elf.dir/Src/syscalls.c.obj
 .debug_ranges  0x00000f60       0x18 CMakeFiles/maze_stm32_cubemx+clion.elf.dir/Src/system_stm32f1xx.c.obj
 .debug_ranges  0x00000f78       0x28 CMakeFiles/maze_stm32_cubemx+clion.elf.dir/Src/tim.c.obj
 .debug_ranges  0x00000fa0       0x30 CMakeFiles/maze_stm32_cubemx+clion.elf.dir/Src/usart.c.obj
 .debug_ranges  0x00000fd0       0x20 CMakeFiles/maze_stm32_cubemx+clion.elf.dir/startup/startup_stm32f103xe.s.obj

.debug_line     0x00000000     0x8ab4
 .debug_line    0x00000000      0x482 CMakeFiles/maze_stm32_cubemx+clion.elf.dir/Drivers/STM32F1xx_HAL_Driver/Src/stm32f1xx_hal.c.obj
 .debug_line    0x00000482      0x4d2 CMakeFiles/maze_stm32_cubemx+clion.elf.dir/Drivers/STM32F1xx_HAL_Driver/Src/stm32f1xx_hal_cortex.c.obj
 .debug_line    0x00000954      0xb68 CMakeFiles/maze_stm32_cubemx+clion.elf.dir/Drivers/STM32F1xx_HAL_Driver/Src/stm32f1xx_hal_dma.c.obj
 .debug_line    0x000014bc      0x499 CMakeFiles/maze_stm32_cubemx+clion.elf.dir/Drivers/STM32F1xx_HAL_Driver/Src/stm32f1xx_hal_gpio.c.obj
 .debug_line    0x00001955     0x177e CMakeFiles/maze_stm32_cubemx+clion.elf.dir/Drivers/STM32F1xx_HAL_Driver/Src/stm32f1xx_hal_i2c.c.obj
 .debug_line    0x000030d3      0x59c CMakeFiles/maze_stm32_cubemx+clion.elf.dir/Drivers/STM32F1xx_HAL_Driver/Src/stm32f1xx_hal_rcc.c.obj
 .debug_line    0x0000366f     0x1512 CMakeFiles/maze_stm32_cubemx+clion.elf.dir/Drivers/STM32F1xx_HAL_Driver/Src/stm32f1xx_hal_tim.c.obj
 .debug_line    0x00004b81      0x8c3 CMakeFiles/maze_stm32_cubemx+clion.elf.dir/Drivers/STM32F1xx_HAL_Driver/Src/stm32f1xx_hal_tim_ex.c.obj
 .debug_line    0x00005444      0xba2 CMakeFiles/maze_stm32_cubemx+clion.elf.dir/Drivers/STM32F1xx_HAL_Driver/Src/stm32f1xx_hal_uart.c.obj
 .debug_line    0x00005fe6      0x29f CMakeFiles/maze_stm32_cubemx+clion.elf.dir/Src/User/infrared.c.obj
 .debug_line    0x00006285      0x4f9 CMakeFiles/maze_stm32_cubemx+clion.elf.dir/Src/User/maze.c.obj
 .debug_line    0x0000677e      0x4fb CMakeFiles/maze_stm32_cubemx+clion.elf.dir/Src/User/oled.c.obj
 .debug_line    0x00006c79       0xef CMakeFiles/maze_stm32_cubemx+clion.elf.dir/Src/User/queue.c.obj
 .debug_line    0x00006d68      0x281 CMakeFiles/maze_stm32_cubemx+clion.elf.dir/Src/gpio.c.obj
 .debug_line    0x00006fe9      0x2dd CMakeFiles/maze_stm32_cubemx+clion.elf.dir/Src/i2c.c.obj
 .debug_line    0x000072c6      0x684 CMakeFiles/maze_stm32_cubemx+clion.elf.dir/Src/main.c.obj
 .debug_line    0x0000794a      0x1fd CMakeFiles/maze_stm32_cubemx+clion.elf.dir/Src/stm32f1xx_hal_msp.c.obj
 .debug_line    0x00007b47      0x391 CMakeFiles/maze_stm32_cubemx+clion.elf.dir/Src/stm32f1xx_it.c.obj
 .debug_line    0x00007ed8      0x2c0 CMakeFiles/maze_stm32_cubemx+clion.elf.dir/Src/syscalls.c.obj
 .debug_line    0x00008198      0x246 CMakeFiles/maze_stm32_cubemx+clion.elf.dir/Src/system_stm32f1xx.c.obj
 .debug_line    0x000083de      0x2f0 CMakeFiles/maze_stm32_cubemx+clion.elf.dir/Src/tim.c.obj
 .debug_line    0x000086ce      0x32f CMakeFiles/maze_stm32_cubemx+clion.elf.dir/Src/usart.c.obj
 .debug_line    0x000089fd       0xb7 CMakeFiles/maze_stm32_cubemx+clion.elf.dir/startup/startup_stm32f103xe.s.obj

.debug_str      0x00000000     0x49e4
 .debug_str     0x00000000      0x897 CMakeFiles/maze_stm32_cubemx+clion.elf.dir/Drivers/STM32F1xx_HAL_Driver/Src/stm32f1xx_hal.c.obj
                                0x8f8 (size before relaxing)
 .debug_str     0x00000897      0x44e CMakeFiles/maze_stm32_cubemx+clion.elf.dir/Drivers/STM32F1xx_HAL_Driver/Src/stm32f1xx_hal_cortex.c.obj
                                0x9e7 (size before relaxing)
 .debug_str     0x00000ce5      0x420 CMakeFiles/maze_stm32_cubemx+clion.elf.dir/Drivers/STM32F1xx_HAL_Driver/Src/stm32f1xx_hal_dma.c.obj
                                0x633 (size before relaxing)
 .debug_str     0x00001105      0x1fe CMakeFiles/maze_stm32_cubemx+clion.elf.dir/Drivers/STM32F1xx_HAL_Driver/Src/stm32f1xx_hal_gpio.c.obj
                                0x442 (size before relaxing)
 .debug_str     0x00001303      0xb3a CMakeFiles/maze_stm32_cubemx+clion.elf.dir/Drivers/STM32F1xx_HAL_Driver/Src/stm32f1xx_hal_i2c.c.obj
                                0xf73 (size before relaxing)
 .debug_str     0x00001e3d      0x375 CMakeFiles/maze_stm32_cubemx+clion.elf.dir/Drivers/STM32F1xx_HAL_Driver/Src/stm32f1xx_hal_rcc.c.obj
                                0x646 (size before relaxing)
 .debug_str     0x000021b2      0xff9 CMakeFiles/maze_stm32_cubemx+clion.elf.dir/Drivers/STM32F1xx_HAL_Driver/Src/stm32f1xx_hal_tim.c.obj
                               0x1420 (size before relaxing)
 .debug_str     0x000031ab      0x5b3 CMakeFiles/maze_stm32_cubemx+clion.elf.dir/Drivers/STM32F1xx_HAL_Driver/Src/stm32f1xx_hal_tim_ex.c.obj
                                0xc20 (size before relaxing)
 .debug_str     0x0000375e      0x6fa CMakeFiles/maze_stm32_cubemx+clion.elf.dir/Drivers/STM32F1xx_HAL_Driver/Src/stm32f1xx_hal_uart.c.obj
                                0xb56 (size before relaxing)
 .debug_str     0x00003e58       0x82 CMakeFiles/maze_stm32_cubemx+clion.elf.dir/Src/User/infrared.c.obj
                                0x255 (size before relaxing)
 .debug_str     0x00003eda      0x1c3 CMakeFiles/maze_stm32_cubemx+clion.elf.dir/Src/User/maze.c.obj
                                0x38b (size before relaxing)
 .debug_str     0x0000409d      0x167 CMakeFiles/maze_stm32_cubemx+clion.elf.dir/Src/User/oled.c.obj
                                0x78d (size before relaxing)
 .debug_str     0x00004204       0x7c CMakeFiles/maze_stm32_cubemx+clion.elf.dir/Src/User/queue.c.obj
                                0x205 (size before relaxing)
 .debug_str     0x00004280       0x65 CMakeFiles/maze_stm32_cubemx+clion.elf.dir/Src/gpio.c.obj
                                0x29a (size before relaxing)
 .debug_str     0x000042e5       0x5e CMakeFiles/maze_stm32_cubemx+clion.elf.dir/Src/i2c.c.obj
                                0x74c (size before relaxing)
 .debug_str     0x00004343      0x15e CMakeFiles/maze_stm32_cubemx+clion.elf.dir/Src/main.c.obj
                                0xade (size before relaxing)
 .debug_str     0x000044a1       0x55 CMakeFiles/maze_stm32_cubemx+clion.elf.dir/Src/stm32f1xx_hal_msp.c.obj
                                0x25c (size before relaxing)
 .debug_str     0x000044f6      0x124 CMakeFiles/maze_stm32_cubemx+clion.elf.dir/Src/stm32f1xx_it.c.obj
                                0x84d (size before relaxing)
 .debug_str     0x0000461a      0x24a CMakeFiles/maze_stm32_cubemx+clion.elf.dir/Src/syscalls.c.obj
                                0x464 (size before relaxing)
 .debug_str     0x00004864       0x87 CMakeFiles/maze_stm32_cubemx+clion.elf.dir/Src/system_stm32f1xx.c.obj
                                0x2ef (size before relaxing)
 .debug_str     0x000048eb       0x70 CMakeFiles/maze_stm32_cubemx+clion.elf.dir/Src/tim.c.obj
                                0xa50 (size before relaxing)
 .debug_str     0x0000495b       0x89 CMakeFiles/maze_stm32_cubemx+clion.elf.dir/Src/usart.c.obj
                                0xa57 (size before relaxing)

.comment        0x00000000       0x6e
 .comment       0x00000000       0x6e CMakeFiles/maze_stm32_cubemx+clion.elf.dir/Drivers/STM32F1xx_HAL_Driver/Src/stm32f1xx_hal.c.obj
                                 0x6f (size before relaxing)
 .comment       0x0000006e       0x6f CMakeFiles/maze_stm32_cubemx+clion.elf.dir/Drivers/STM32F1xx_HAL_Driver/Src/stm32f1xx_hal_cortex.c.obj
 .comment       0x0000006e       0x6f CMakeFiles/maze_stm32_cubemx+clion.elf.dir/Drivers/STM32F1xx_HAL_Driver/Src/stm32f1xx_hal_dma.c.obj
 .comment       0x0000006e       0x6f CMakeFiles/maze_stm32_cubemx+clion.elf.dir/Drivers/STM32F1xx_HAL_Driver/Src/stm32f1xx_hal_gpio.c.obj
 .comment       0x0000006e       0x6f CMakeFiles/maze_stm32_cubemx+clion.elf.dir/Drivers/STM32F1xx_HAL_Driver/Src/stm32f1xx_hal_i2c.c.obj
 .comment       0x0000006e       0x6f CMakeFiles/maze_stm32_cubemx+clion.elf.dir/Drivers/STM32F1xx_HAL_Driver/Src/stm32f1xx_hal_rcc.c.obj
 .comment       0x0000006e       0x6f CMakeFiles/maze_stm32_cubemx+clion.elf.dir/Drivers/STM32F1xx_HAL_Driver/Src/stm32f1xx_hal_tim.c.obj
 .comment       0x0000006e       0x6f CMakeFiles/maze_stm32_cubemx+clion.elf.dir/Drivers/STM32F1xx_HAL_Driver/Src/stm32f1xx_hal_tim_ex.c.obj
 .comment       0x0000006e       0x6f CMakeFiles/maze_stm32_cubemx+clion.elf.dir/Drivers/STM32F1xx_HAL_Driver/Src/stm32f1xx_hal_uart.c.obj
 .comment       0x0000006e       0x6f CMakeFiles/maze_stm32_cubemx+clion.elf.dir/Src/User/infrared.c.obj
 .comment       0x0000006e       0x6f CMakeFiles/maze_stm32_cubemx+clion.elf.dir/Src/User/maze.c.obj
 .comment       0x0000006e       0x6f CMakeFiles/maze_stm32_cubemx+clion.elf.dir/Src/User/oled.c.obj
 .comment       0x0000006e       0x6f CMakeFiles/maze_stm32_cubemx+clion.elf.dir/Src/User/queue.c.obj
 .comment       0x0000006e       0x6f CMakeFiles/maze_stm32_cubemx+clion.elf.dir/Src/gpio.c.obj
 .comment       0x0000006e       0x6f CMakeFiles/maze_stm32_cubemx+clion.elf.dir/Src/i2c.c.obj
 .comment       0x0000006e       0x6f CMakeFiles/maze_stm32_cubemx+clion.elf.dir/Src/main.c.obj
 .comment       0x0000006e       0x6f CMakeFiles/maze_stm32_cubemx+clion.elf.dir/Src/stm32f1xx_hal_msp.c.obj
 .comment       0x0000006e       0x6f CMakeFiles/maze_stm32_cubemx+clion.elf.dir/Src/stm32f1xx_it.c.obj
 .comment       0x0000006e       0x6f CMakeFiles/maze_stm32_cubemx+clion.elf.dir/Src/syscalls.c.obj
 .comment       0x0000006e       0x6f CMakeFiles/maze_stm32_cubemx+clion.elf.dir/Src/system_stm32f1xx.c.obj
 .comment       0x0000006e       0x6f CMakeFiles/maze_stm32_cubemx+clion.elf.dir/Src/tim.c.obj
 .comment       0x0000006e       0x6f CMakeFiles/maze_stm32_cubemx+clion.elf.dir/Src/usart.c.obj

.debug_frame    0x00000000     0x4f00
 .debug_frame   0x00000000      0x334 CMakeFiles/maze_stm32_cubemx+clion.elf.dir/Drivers/STM32F1xx_HAL_Driver/Src/stm32f1xx_hal.c.obj
 .debug_frame   0x00000334      0x428 CMakeFiles/maze_stm32_cubemx+clion.elf.dir/Drivers/STM32F1xx_HAL_Driver/Src/stm32f1xx_hal_cortex.c.obj
 .debug_frame   0x0000075c      0x20c CMakeFiles/maze_stm32_cubemx+clion.elf.dir/Drivers/STM32F1xx_HAL_Driver/Src/stm32f1xx_hal_dma.c.obj
 .debug_frame   0x00000968      0x14c CMakeFiles/maze_stm32_cubemx+clion.elf.dir/Drivers/STM32F1xx_HAL_Driver/Src/stm32f1xx_hal_gpio.c.obj
 .debug_frame   0x00000ab4      0xc08 CMakeFiles/maze_stm32_cubemx+clion.elf.dir/Drivers/STM32F1xx_HAL_Driver/Src/stm32f1xx_hal_i2c.c.obj
 .debug_frame   0x000016bc      0x21c CMakeFiles/maze_stm32_cubemx+clion.elf.dir/Drivers/STM32F1xx_HAL_Driver/Src/stm32f1xx_hal_rcc.c.obj
 .debug_frame   0x000018d8     0x10f0 CMakeFiles/maze_stm32_cubemx+clion.elf.dir/Drivers/STM32F1xx_HAL_Driver/Src/stm32f1xx_hal_tim.c.obj
 .debug_frame   0x000029c8      0x5c0 CMakeFiles/maze_stm32_cubemx+clion.elf.dir/Drivers/STM32F1xx_HAL_Driver/Src/stm32f1xx_hal_tim_ex.c.obj
 .debug_frame   0x00002f88      0x838 CMakeFiles/maze_stm32_cubemx+clion.elf.dir/Drivers/STM32F1xx_HAL_Driver/Src/stm32f1xx_hal_uart.c.obj
 .debug_frame   0x000037c0       0x5c CMakeFiles/maze_stm32_cubemx+clion.elf.dir/Src/User/infrared.c.obj
 .debug_frame   0x0000381c      0x288 CMakeFiles/maze_stm32_cubemx+clion.elf.dir/Src/User/maze.c.obj
 .debug_frame   0x00003aa4      0x220 CMakeFiles/maze_stm32_cubemx+clion.elf.dir/Src/User/oled.c.obj
 .debug_frame   0x00003cc4       0xa4 CMakeFiles/maze_stm32_cubemx+clion.elf.dir/Src/User/queue.c.obj
 .debug_frame   0x00003d68       0x34 CMakeFiles/maze_stm32_cubemx+clion.elf.dir/Src/gpio.c.obj
 .debug_frame   0x00003d9c       0x74 CMakeFiles/maze_stm32_cubemx+clion.elf.dir/Src/i2c.c.obj
 .debug_frame   0x00003e10      0x294 CMakeFiles/maze_stm32_cubemx+clion.elf.dir/Src/main.c.obj
 .debug_frame   0x000040a4       0x38 CMakeFiles/maze_stm32_cubemx+clion.elf.dir/Src/stm32f1xx_hal_msp.c.obj
 .debug_frame   0x000040dc      0x17c CMakeFiles/maze_stm32_cubemx+clion.elf.dir/Src/stm32f1xx_it.c.obj
 .debug_frame   0x00004258      0x2d4 CMakeFiles/maze_stm32_cubemx+clion.elf.dir/Src/syscalls.c.obj
 .debug_frame   0x0000452c       0x58 CMakeFiles/maze_stm32_cubemx+clion.elf.dir/Src/system_stm32f1xx.c.obj
 .debug_frame   0x00004584       0xa0 CMakeFiles/maze_stm32_cubemx+clion.elf.dir/Src/tim.c.obj
 .debug_frame   0x00004624       0xb4 CMakeFiles/maze_stm32_cubemx+clion.elf.dir/Src/usart.c.obj
 .debug_frame   0x000046d8       0x20 c:/progra~2/gnutoo~1/50a5a~1.420/bin/../lib/gcc/arm-none-eabi/5.4.1/../../../../arm-none-eabi/lib/armv7-m\libg_nano.a(lib_a-errno.o)
 .debug_frame   0x000046f8       0x2c c:/progra~2/gnutoo~1/50a5a~1.420/bin/../lib/gcc/arm-none-eabi/5.4.1/../../../../arm-none-eabi/lib/armv7-m\libg_nano.a(lib_a-init.o)
 .debug_frame   0x00004724       0x30 c:/progra~2/gnutoo~1/50a5a~1.420/bin/../lib/gcc/arm-none-eabi/5.4.1/../../../../arm-none-eabi/lib/armv7-m\libg_nano.a(lib_a-malloc.o)
 .debug_frame   0x00004754       0x20 c:/progra~2/gnutoo~1/50a5a~1.420/bin/../lib/gcc/arm-none-eabi/5.4.1/../../../../arm-none-eabi/lib/armv7-m\libg_nano.a(lib_a-memset.o)
 .debug_frame   0x00004774       0x38 c:/progra~2/gnutoo~1/50a5a~1.420/bin/../lib/gcc/arm-none-eabi/5.4.1/../../../../arm-none-eabi/lib/armv7-m\libg_nano.a(lib_a-nano-freer.o)
 .debug_frame   0x000047ac       0x2c c:/progra~2/gnutoo~1/50a5a~1.420/bin/../lib/gcc/arm-none-eabi/5.4.1/../../../../arm-none-eabi/lib/armv7-m\libg_nano.a(lib_a-nano-mallocr.o)
 .debug_frame   0x000047d8       0x74 c:/progra~2/gnutoo~1/50a5a~1.420/bin/../lib/gcc/arm-none-eabi/5.4.1/../../../../arm-none-eabi/lib/armv7-m\libg_nano.a(lib_a-printf.o)
 .debug_frame   0x0000484c       0x58 c:/progra~2/gnutoo~1/50a5a~1.420/bin/../lib/gcc/arm-none-eabi/5.4.1/../../../../arm-none-eabi/lib/armv7-m\libg_nano.a(lib_a-putchar.o)
 .debug_frame   0x000048a4       0x2c c:/progra~2/gnutoo~1/50a5a~1.420/bin/../lib/gcc/arm-none-eabi/5.4.1/../../../../arm-none-eabi/lib/armv7-m\libg_nano.a(lib_a-sbrkr.o)
 .debug_frame   0x000048d0      0x11c c:/progra~2/gnutoo~1/50a5a~1.420/bin/../lib/gcc/arm-none-eabi/5.4.1/../../../../arm-none-eabi/lib/armv7-m\libg_nano.a(lib_a-findfp.o)
 .debug_frame   0x000049ec       0x54 c:/progra~2/gnutoo~1/50a5a~1.420/bin/../lib/gcc/arm-none-eabi/5.4.1/../../../../arm-none-eabi/lib/armv7-m\libg_nano.a(lib_a-fwalk.o)
 .debug_frame   0x00004a40       0x30 c:/progra~2/gnutoo~1/50a5a~1.420/bin/../lib/gcc/arm-none-eabi/5.4.1/../../../../arm-none-eabi/lib/armv7-m\libg_nano.a(lib_a-mlock.o)
 .debug_frame   0x00004a70       0xac c:/progra~2/gnutoo~1/50a5a~1.420/bin/../lib/gcc/arm-none-eabi/5.4.1/../../../../arm-none-eabi/lib/armv7-m\libg_nano.a(lib_a-nano-vfprintf.o)
 .debug_frame   0x00004b1c       0x60 c:/progra~2/gnutoo~1/50a5a~1.420/bin/../lib/gcc/arm-none-eabi/5.4.1/../../../../arm-none-eabi/lib/armv7-m\libg_nano.a(lib_a-nano-vfprintf_i.o)
 .debug_frame   0x00004b7c       0x48 c:/progra~2/gnutoo~1/50a5a~1.420/bin/../lib/gcc/arm-none-eabi/5.4.1/../../../../arm-none-eabi/lib/armv7-m\libg_nano.a(lib_a-putc.o)
 .debug_frame   0x00004bc4       0x5c c:/progra~2/gnutoo~1/50a5a~1.420/bin/../lib/gcc/arm-none-eabi/5.4.1/../../../../arm-none-eabi/lib/armv7-m\libg_nano.a(lib_a-reent.o)
 .debug_frame   0x00004c20       0x88 c:/progra~2/gnutoo~1/50a5a~1.420/bin/../lib/gcc/arm-none-eabi/5.4.1/../../../../arm-none-eabi/lib/armv7-m\libg_nano.a(lib_a-stdio.o)
 .debug_frame   0x00004ca8       0x40 c:/progra~2/gnutoo~1/50a5a~1.420/bin/../lib/gcc/arm-none-eabi/5.4.1/../../../../arm-none-eabi/lib/armv7-m\libg_nano.a(lib_a-wbuf.o)
 .debug_frame   0x00004ce8       0x2c c:/progra~2/gnutoo~1/50a5a~1.420/bin/../lib/gcc/arm-none-eabi/5.4.1/../../../../arm-none-eabi/lib/armv7-m\libg_nano.a(lib_a-writer.o)
 .debug_frame   0x00004d14       0x2c c:/progra~2/gnutoo~1/50a5a~1.420/bin/../lib/gcc/arm-none-eabi/5.4.1/../../../../arm-none-eabi/lib/armv7-m\libg_nano.a(lib_a-wsetup.o)
 .debug_frame   0x00004d40       0x2c c:/progra~2/gnutoo~1/50a5a~1.420/bin/../lib/gcc/arm-none-eabi/5.4.1/../../../../arm-none-eabi/lib/armv7-m\libg_nano.a(lib_a-closer.o)
 .debug_frame   0x00004d6c       0x68 c:/progra~2/gnutoo~1/50a5a~1.420/bin/../lib/gcc/arm-none-eabi/5.4.1/../../../../arm-none-eabi/lib/armv7-m\libg_nano.a(lib_a-fflush.o)
 .debug_frame   0x00004dd4       0x2c c:/progra~2/gnutoo~1/50a5a~1.420/bin/../lib/gcc/arm-none-eabi/5.4.1/../../../../arm-none-eabi/lib/armv7-m\libg_nano.a(lib_a-lseekr.o)
 .debug_frame   0x00004e00       0x54 c:/progra~2/gnutoo~1/50a5a~1.420/bin/../lib/gcc/arm-none-eabi/5.4.1/../../../../arm-none-eabi/lib/armv7-m\libg_nano.a(lib_a-makebuf.o)
 .debug_frame   0x00004e54       0x28 c:/progra~2/gnutoo~1/50a5a~1.420/bin/../lib/gcc/arm-none-eabi/5.4.1/../../../../arm-none-eabi/lib/armv7-m\libg_nano.a(lib_a-memchr-stub.o)
 .debug_frame   0x00004e7c       0x2c c:/progra~2/gnutoo~1/50a5a~1.420/bin/../lib/gcc/arm-none-eabi/5.4.1/../../../../arm-none-eabi/lib/armv7-m\libg_nano.a(lib_a-readr.o)
 .debug_frame   0x00004ea8       0x2c c:/progra~2/gnutoo~1/50a5a~1.420/bin/../lib/gcc/arm-none-eabi/5.4.1/../../../../arm-none-eabi/lib/armv7-m\libg_nano.a(lib_a-fstatr.o)